BL51 BANKED LINKER/LOCATER V6.22.2.0                                                    06/02/2020  16:57:12  PAGE 1


BL51 BANKED LINKER/LOCATER V6.22.2.0, INVOKED BY:
C:\KEIL_V5\C51\BIN\BL51.EXE .\build\main.obj, .\build\hal_nrf_hw.obj, .\build\hal_nrf.obj, .\build\hal_clk.obj, .\build\
>> hal_delay.obj, .\build\hal_aes.obj, .\build\hal_flash.obj, .\build\hal_wdog.obj, .\build\hal_rtc.obj, .\build\hal_rng
>> .obj TO .\build\enhanced_shockburst_ptx_nrf24le1 REGFILE (.\build\enhanced_shockburst_ptx_nrf24le1.ORC) PRINT (.\lst\
>> enhanced_shockburst_ptx_nrf24le1.m51) RAMSIZE (256) DISABLEWARNING (16) OVERLAY (HAL_NRF_WRITE_REG ! *) CODE (0X0000-
>> 0X3FFF) XDATA (0X0000-0X03FF, 0XFA00-0XFFFF)


MEMORY MODEL: SMALL


INPUT MODULES INCLUDED:
  .\build\main.obj (MAIN)
  .\build\hal_nrf_hw.obj (HAL_NRF_HW)
  .\build\hal_nrf.obj (HAL_NRF)
  .\build\hal_clk.obj (HAL_CLK)
  .\build\hal_delay.obj (HAL_DELAY)
  .\build\hal_aes.obj (HAL_AES)
  .\build\hal_flash.obj (HAL_FLASH)
  .\build\hal_wdog.obj (HAL_WDOG)
  .\build\hal_rtc.obj (HAL_RTC)
  .\build\hal_rng.obj (HAL_RNG)
  C:\KEIL_V5\C51\LIB\C51S.LIB (?C_STARTUP)
  C:\KEIL_V5\C51\LIB\C51S.LIB (?C?CLDPTR)
  C:\KEIL_V5\C51\LIB\C51S.LIB (?C?CLDOPTR)
  C:\KEIL_V5\C51\LIB\C51S.LIB (?C?CSTPTR)
  C:\KEIL_V5\C51\LIB\C51S.LIB (?C?CSTOPTR)
  C:\KEIL_V5\C51\LIB\C51S.LIB (?C?MEMSET)
  C:\KEIL_V5\C51\LIB\C51S.LIB (?C?COPYAMD)
  C:\KEIL_V5\C51\LIB\C51S.LIB (?C_INIT)


LINK MAP OF MODULE:  .\build\enhanced_shockburst_ptx_nrf24le1 (MAIN)


            TYPE    BASE      LENGTH    RELOCATION   SEGMENT NAME
            -----------------------------------------------------

            * * * * * * *   D A T A   M E M O R Y   * * * * * * *
            REG     0000H     0008H     ABSOLUTE     "REG BANK 0"
            DATA    0008H     002CH     UNIT         _DATA_GROUP_
            DATA    0034H     000CH     UNIT         ?DT?MAIN
            DATA    0040H     0005H     UNIT         ?DT?_HAL_NRF_GET_PIPE_STATUS?HAL_NRF
            DATA    0045H     0005H     UNIT         ?DT?_HAL_NRF_WRITE_ACK_PAYLOAD?HAL_NRF
            DATA    004AH     0004H     UNIT         ?DT?_HAL_NRF_GET_ADDRESS?HAL_NRF
            DATA    004EH     0004H     UNIT         ?DT?HAL_FLASH
            DATA    0052H     0003H     UNIT         ?DT?_HAL_NRF_CLOSE_PIPE?HAL_NRF
            DATA    0055H     0002H     UNIT         ?DT?_HAL_NRF_ENABLE_DYNAMIC_PAYLOAD?HAL_NRF
            DATA    0057H     0002H     UNIT         ?DT?_HAL_NRF_ENABLE_DYNAMIC_ACK?HAL_NRF
            DATA    0059H     0002H     UNIT         ?DT?_HAL_NRF_SET_PLL_MODE?HAL_NRF
            DATA    005BH     0002H     UNIT         ?DT?_HAL_NRF_ENABLE_CONTINIOUS_WAVE?HAL_NRF
            DATA    005DH     0001H     UNIT         ?DT?HAL_NRF_CLEAR_IRQ_FLAGS_GET_STATUS?HAL_NRF
            DATA    005EH     0001H     UNIT         ?DT?_HAL_NRF_GET_RX_PAYLOAD_WIDTH?HAL_NRF
            DATA    005FH     0001H     UNIT         ?DT?_HAL_NRF_SETUP_DYNAMIC_PAYLOAD?HAL_NRF
            DATA    0060H     0001H     UNIT         ?DT?_HAL_NRF_WRITE_REG?HAL_NRF
            IDATA   0061H     0028H     UNIT         ?ID?MAIN
            IDATA   0089H     0001H     UNIT         ?STACK

BL51 BANKED LINKER/LOCATER V6.22.2.0                                                  06/02/2020  16:57:12  PAGE 2


            * * * * * * *  X D A T A   M E M O R Y  * * * * * * *
            XDATA   0000H     0010H     INPAGE       ?PD?HAL_AES
            XDATA   0010H     0025H     UNIT         ?XD?MAIN
            XDATA   0035H     0010H     UNIT         ?XD?HAL_AES

            * * * * * * *   C O D E   M E M O R Y   * * * * * * *
            CODE    0000H     0003H     ABSOLUTE     
            CODE    0003H     0047H     UNIT         ?PR?_MAKE_COMMAND?MAIN
            CODE    004AH     0001H     UNIT         ?PR?WAKEUP_TICK?MAIN
            CODE    004BH     0003H     ABSOLUTE     
            CODE    004EH     000CH     UNIT         ?PR?HAL_NRF_GET_CLEAR_IRQ_FLAGS?HAL_NRF
            CODE    005AH     0001H     UNIT         ?PR?WAKEUP_IRQ?MAIN
            CODE    005BH     0003H     ABSOLUTE     
            CODE    005EH     000CH     UNIT         ?PR?HAL_NRF_RX_FIFO_FULL?HAL_NRF
            CODE    006AH     0001H     UNIT         ?PR?HAL_NRF_ACTIVATE_FEATURES?HAL_NRF
            CODE    006BH     0003H     ABSOLUTE     
            CODE    006EH     0188H     UNIT         ?C?LIB_CODE
            CODE    01F6H     0187H     UNIT         ?PR?_MIX_COLUMNS_HW?HAL_AES
            CODE    037DH     013BH     UNIT         ?PR?_HAL_NRF_READ_MULTIBYTE_REG?HAL_NRF
            CODE    04B8H     0120H     UNIT         ?PR?_ADD_SUB_SHIFT?HAL_AES
            CODE    05D8H     010BH     UNIT         ?CO?HAL_AES
            CODE    06E3H     0108H     UNIT         ?PR?MAIN?MAIN
            CODE    07EBH     00EEH     UNIT         ?PR?_ADD_KEY?HAL_AES
            CODE    08D9H     00B6H     UNIT         ?PR?_KEY_UPGRADE?HAL_AES
            CODE    098FH     00B2H     UNIT         ?PR?_UPDATE_CONFIGURATION?MAIN
            CODE    0A41H     00A9H     UNIT         ?PR?_HAL_NRF_WRITE_MULTIBYTE_REG?HAL_NRF
            CODE    0AEAH     009EH     UNIT         ?PR?_HAL_AES_CRYPT?HAL_AES
            CODE    0B88H     0090H     UNIT         ?PR?_HAL_NRF_GET_PIPE_STATUS?HAL_NRF
            CODE    0C18H     008CH     UNIT         ?C_C51STARTUP
            CODE    0CA4H     0075H     UNIT         ?PR?NRF_ISR?MAIN
            CODE    0D19H     006AH     UNIT         ?PR?NRF_INIT?MAIN
            CODE    0D83H     0068H     UNIT         ?PR?_HAL_NRF_SET_IRQ_MODE?HAL_NRF
            CODE    0DEBH     005AH     UNIT         ?PR?_HAL_NRF_OPEN_PIPE?HAL_NRF
            CODE    0E45H     004EH     UNIT         ?PR?_HAL_FLASH_BYTES_WRITE?HAL_FLASH
            CODE    0E93H     0043H     UNIT         ?PR?_HAL_NRF_CLOSE_PIPE?HAL_NRF
            CODE    0ED6H     003EH     UNIT         ?PR?PIN_INIT?MAIN
            CODE    0F14H     003DH     UNIT         ?PR?_HAL_NRF_SET_ADDRESS?HAL_NRF
            CODE    0F51H     003BH     UNIT         ?PR?SET_PAIRING_MODE?MAIN
            CODE    0F8CH     003AH     UNIT         ?PR?_MAKE_RANDOM_NUMBER?MAIN
            CODE    0FC6H     0039H     UNIT         ?PR?RECEIVE_PAIRING?MAIN
            CODE    0FFFH     0037H     UNIT         ?PR?_HAL_NRF_GET_RX_PAYLOAD_WIDTH?HAL_NRF
            CODE    1036H     0037H     UNIT         ?PR?_AES_SET_KEY?HAL_AES
            CODE    106DH     0035H     UNIT         ?PR?_HAL_NRF_GET_ADDRESS?HAL_NRF
            CODE    10A2H     0034H     UNIT         ?PR?_SEND_PAYLOAD?MAIN
            CODE    10D6H     002FH     UNIT         ?PR?_HAL_NRF_SET_CRC_MODE?HAL_NRF
            CODE    1105H     002EH     UNIT         ?PR?RTC_INIT?MAIN
            CODE    1133H     002BH     UNIT         ?PR?_HAL_NRF_SET_DATARATE?HAL_NRF
            CODE    115EH     002BH     UNIT         ?PR?_HAL_NRF_ENABLE_CONTINIOUS_WAVE?HAL_NRF
            CODE    1189H     0029H     UNIT         ?C_INITSEG
            CODE    11B2H     0029H     UNIT         ?PR?_HAL_NRF_ENABLE_DYNAMIC_PAYLOAD?HAL_NRF
            CODE    11DBH     0028H     UNIT         ?PR?_HAL_NRF_SET_PLL_MODE?HAL_NRF
            CODE    1203H     0027H     UNIT         ?PR?_HAL_NRF_ENABLE_ACK_PAYLOAD?HAL_NRF
            CODE    122AH     0025H     UNIT         ?PR?_HAL_NRF_ENABLE_DYNAMIC_ACK?HAL_NRF
            CODE    124FH     0024H     UNIT         ?PR?_HAL_FLASH_BYTES_READ?HAL_FLASH
            CODE    1273H     0022H     UNIT         ?PR?_HAL_NRF_SET_AUTO_RETR?HAL_NRF
            CODE    1295H     001EH     UNIT         ?PR?_HAL_NRF_SET_OPERATION_MODE?HAL_NRF
            CODE    12B3H     001EH     UNIT         ?PR?_HAL_NRF_SET_POWER_MODE?HAL_NRF
BL51 BANKED LINKER/LOCATER V6.22.2.0                                                  06/02/2020  16:57:12  PAGE 3


            CODE    12D1H     001EH     UNIT         ?PR?_HAL_NRF_SET_OUTPUT_POWER?HAL_NRF
            CODE    12EFH     001DH     UNIT         ?PR?_MAKE_PAYLOAD?MAIN
            CODE    130CH     001DH     UNIT         ?PR?_HAL_NRF_WRITE_REG?HAL_NRF
            CODE    1329H     001CH     UNIT         ?PR?_HAL_FLASH_BYTE_WRITE?HAL_FLASH
            CODE    1345H     001AH     UNIT         ?PR?_HAL_NRF_READ_REG?HAL_NRF
            CODE    135FH     001AH     UNIT         ?PR?_DELAY_US?HAL_DELAY
            CODE    1379H     0019H     UNIT         ?PR?HAL_NRF_CLEAR_IRQ_FLAGS_GET_STATUS?HAL_NRF
            CODE    1392H     0017H     UNIT         ?PR?_HAL_NRF_SET_ADDRESS_WIDTH?HAL_NRF
            CODE    13A9H     0016H     UNIT         ?PR?HAL_NRF_GET_PACKET_LOST_CTR?HAL_NRF
            CODE    13BFH     0016H     UNIT         ?PR?HAL_NRF_GET_TX_FIFO_STATUS?HAL_NRF
            CODE    13D5H     0015H     UNIT         ?PR?_HAL_NRF_SET_RF_CHANNEL?HAL_NRF
            CODE    13EAH     0014H     UNIT         ?PR?_DELAY_MS?HAL_DELAY
            CODE    13FEH     0014H     UNIT         ?PR?_HAL_FLASH_PAGE_ERASE?HAL_FLASH
            CODE    1412H     0014H     UNIT         ?PR?HAL_RTC_GET_COMPARE_VALUE?HAL_RTC
            CODE    1426H     0014H     UNIT         ?PR?HAL_RTC_GET_CAPTURE_VALUE?HAL_RTC
            CODE    143AH     0013H     UNIT         ?PR?HAL_NRF_GET_REUSE_TX_STATUS?HAL_NRF
            CODE    144DH     0012H     UNIT         ?PR?_HAL_RTC_SET_COMPARE_VALUE?HAL_RTC
            CODE    145FH     0012H     UNIT         ?PR?HAL_RNG_DATA_READY?HAL_RNG
            CODE    1471H     0011H     UNIT         ?PR?_HAL_NRF_CLEAR_IRQ_FLAG?HAL_NRF
            CODE    1482H     0011H     UNIT         ?PR?_HAL_CLK_SET_INPUT?HAL_CLK
            CODE    1493H     0010H     UNIT         ?PR?_HAL_CLK_REGRET_XOSC16M_ON?HAL_CLK
            CODE    14A3H     000FH     UNIT         ?PR?CLOCK_AND_IRQ_INIT?MAIN
            CODE    14B2H     000FH     UNIT         ?PR?_HAL_CLK_SET_16M_SOURCE?HAL_CLK
            CODE    14C1H     000EH     UNIT         ?PR?HAL_NRF_GET_RX_DATA_SOURCE?HAL_NRF
            CODE    14CFH     000EH     UNIT         ?PR?_HAL_RTC_SET_COMPARE_MODE?HAL_RTC
            CODE    14DDH     000CH     UNIT         ?PR?HAL_NRF_TX_FIFO_FULL?HAL_NRF
            CODE    14E9H     000CH     UNIT         ?PR?_HAL_NRF_SETUP_DYNAMIC_PAYLOAD?HAL_NRF
            CODE    14F5H     000CH     UNIT         ?PR?_HAL_CLK_SET_FREQ?HAL_CLK
            CODE    1501H     000CH     UNIT         ?PR?_HAL_CLKLF_SET_SOURCE?HAL_CLK
            CODE    150DH     000BH     UNIT         ?PR?HAL_NRF_TX_FIFO_EMPTY?HAL_NRF
            CODE    1518H     000BH     UNIT         ?PR?HAL_CLK_GET_16M_SOURCE?HAL_CLK
            CODE    1523H     000BH     UNIT         ?PR?_HAL_RTC_RADIO_CAPTURE_ENABLE?HAL_RTC
            CODE    152EH     000BH     UNIT         ?PR?_HAL_RTC_START?HAL_RTC
            CODE    1539H     000BH     UNIT         ?PR?_HAL_RNG_POWER_UP?HAL_RNG
            CODE    1544H     000BH     UNIT         ?PR?_HAL_RNG_BIAS_CORR_ENABLE?HAL_RNG
            CODE    154FH     000AH     UNIT         ?PR?SLEEP_MODE?MAIN
            CODE    1559H     000AH     UNIT         ?PR?_HAL_NRF_RW?HAL_NRF_HW
            CODE    1563H     000AH     UNIT         ?PR?HAL_NRF_GET_ADDRESS_WIDTH?HAL_NRF
            CODE    156DH     000AH     UNIT         ?PR?HAL_NRF_RX_FIFO_EMPTY?HAL_NRF
            CODE    1577H     000AH     UNIT         ?PR?HAL_NRF_GET_RX_FIFO_STATUS?HAL_NRF
            CODE    1581H     000AH     UNIT         ?PR?HAL_NRF_GET_TRANSMIT_ATTEMPTS?HAL_NRF
            CODE    158BH     000AH     UNIT         ?PR?HAL_NRF_GET_CARRIER_DETECT?HAL_NRF
            CODE    1595H     000AH     UNIT         ?PR?_HAL_NRF_WRITE_ACK_PAYLOAD?HAL_NRF
            CODE    159FH     000AH     UNIT         ?PR?HAL_NRF_REUSE_TX?HAL_NRF
            CODE    15A9H     000AH     UNIT         ?PR?HAL_NRF_FLUSH_RX?HAL_NRF
            CODE    15B3H     000AH     UNIT         ?PR?HAL_NRF_FLUSH_TX?HAL_NRF
            CODE    15BDH     000AH     UNIT         ?PR?HAL_NRF_NOP?HAL_NRF
            CODE    15C7H     0009H     UNIT         ?PR?HAL_WDOG_RESTART?HAL_WDOG
            CODE    15D0H     0008H     UNIT         ?PR?HAL_NRF_GET_IRQ_FLAGS?HAL_NRF
            CODE    15D8H     0007H     UNIT         ?PR?_HAL_NRF_SET_RX_PAYLOAD_WIDTH?HAL_NRF
            CODE    15DFH     0007H     UNIT         ?PR?_HAL_NRF_WRITE_TX_PAYLOAD?HAL_NRF
            CODE    15E6H     0007H     UNIT         ?PR?_HAL_NRF_WRITE_TX_PAYLOAD_NOACK?HAL_NRF
            CODE    15EDH     0007H     UNIT         ?PR?_HAL_AES_SETUP?HAL_AES
            CODE    15F4H     0007H     UNIT         ?PR?_HAL_FLASH_BYTE_READ?HAL_FLASH
            CODE    15FBH     0007H     UNIT         ?PR?_HAL_WDOG_INIT?HAL_WDOG
            CODE    1602H     0006H     UNIT         ?PR?HAL_CLKLF_PHASE?HAL_CLK
            CODE    1608H     0006H     UNIT         ?PR?HAL_CLKLF_READY?HAL_CLK
BL51 BANKED LINKER/LOCATER V6.22.2.0                                                  06/02/2020  16:57:12  PAGE 4


            CODE    160EH     0005H     UNIT         ?PR?HAL_NRF_GET_AUTO_RETR_STATUS?HAL_NRF
            CODE    1613H     0005H     UNIT         ?PR?HAL_NRF_GET_FIFO_STATUS?HAL_NRF
            CODE    1618H     0005H     UNIT         ?PR?HAL_NRF_READ_RX_PAYLOAD_WIDTH?HAL_NRF
            CODE    161DH     0005H     UNIT         ?PR?_HAL_NRF_READ_RX_PAYLOAD?HAL_NRF
            CODE    1622H     0004H     UNIT         ?PR?HAL_RTC_CAPTURE?HAL_RTC
            CODE    1626H     0003H     UNIT         ?PR?HAL_RTC_GET_CAPTURE_CLOCK_CYCLES?HAL_RTC
            CODE    1629H     0003H     UNIT         ?PR?HAL_RNG_READ?HAL_RNG



OVERLAY MAP OF MODULE:   .\build\enhanced_shockburst_ptx_nrf24le1 (MAIN)


SEGMENT                                            DATA_GROUP 
  +--> CALLED SEGMENT                            START    LENGTH
----------------------------------------------------------------
?PR?NRF_ISR?MAIN                                 -----    -----
  +--> ?PR?HAL_NRF_GET_CLEAR_IRQ_FLAGS?HAL_NRF
  +--> ?PR?HAL_NRF_FLUSH_TX?HAL_NRF
  +--> ?PR?HAL_NRF_RX_FIFO_EMPTY?HAL_NRF
  +--> ?PR?_HAL_NRF_READ_RX_PAYLOAD?HAL_NRF

?PR?HAL_NRF_GET_CLEAR_IRQ_FLAGS?HAL_NRF          -----    -----
  +--> ?PR?_HAL_NRF_WRITE_REG?HAL_NRF

?PR?HAL_NRF_FLUSH_TX?HAL_NRF                     -----    -----
  +--> ?PR?_HAL_NRF_RW?HAL_NRF_HW

?PR?HAL_NRF_RX_FIFO_EMPTY?HAL_NRF                -----    -----
  +--> ?PR?_HAL_NRF_READ_REG?HAL_NRF

?PR?_HAL_NRF_READ_RX_PAYLOAD?HAL_NRF             -----    -----
  +--> ?PR?_HAL_NRF_READ_MULTIBYTE_REG?HAL_NRF

?PR?_HAL_NRF_READ_MULTIBYTE_REG?HAL_NRF          0008H    000CH
  +--> ?PR?HAL_NRF_GET_ADDRESS_WIDTH?HAL_NRF
  +--> ?PR?HAL_NRF_GET_RX_DATA_SOURCE?HAL_NRF
  +--> ?PR?HAL_NRF_READ_RX_PAYLOAD_WIDTH?HAL...
  +--> ?PR?_HAL_NRF_RW?HAL_NRF_HW

?PR?HAL_NRF_GET_ADDRESS_WIDTH?HAL_NRF            -----    -----
  +--> ?PR?_HAL_NRF_READ_REG?HAL_NRF

?PR?HAL_NRF_GET_RX_DATA_SOURCE?HAL_NRF           -----    -----
  +--> ?PR?HAL_NRF_NOP?HAL_NRF

?PR?HAL_NRF_NOP?HAL_NRF                          -----    -----
  +--> ?PR?_HAL_NRF_RW?HAL_NRF_HW

?PR?HAL_NRF_READ_RX_PAYLOAD_WIDTH?HAL...         -----    -----
  +--> ?PR?_HAL_NRF_READ_REG?HAL_NRF

*** NEW ROOT ***************************************************

?C_C51STARTUP                                    -----    -----
  +--> ?PR?MAIN?MAIN
  +--> ?C_INITSEG
BL51 BANKED LINKER/LOCATER V6.22.2.0                                                  06/02/2020  16:57:12  PAGE 5



?PR?MAIN?MAIN                                    0014H    0007H
  +--> ?PR?PIN_INIT?MAIN
  +--> ?PR?RTC_INIT?MAIN
  +--> ?PR?CLOCK_AND_IRQ_INIT?MAIN
  +--> ?PR?_HAL_FLASH_BYTES_READ?HAL_FLASH
  +--> ?PR?NRF_INIT?MAIN
  +--> ?PR?_HAL_AES_SETUP?HAL_AES
  +--> ?PR?_HAL_WDOG_INIT?HAL_WDOG
  +--> ?PR?_DELAY_MS?HAL_DELAY
  +--> ?PR?SET_PAIRING_MODE?MAIN
  +--> ?PR?RECEIVE_PAIRING?MAIN
  +--> ?PR?_UPDATE_CONFIGURATION?MAIN
  +--> ?PR?HAL_WDOG_RESTART?HAL_WDOG
  +--> ?PR?_MAKE_RANDOM_NUMBER?MAIN
  +--> ?PR?_MAKE_COMMAND?MAIN
  +--> ?PR?_MAKE_PAYLOAD?MAIN
  +--> ?PR?_HAL_AES_CRYPT?HAL_AES
  +--> ?PR?_SEND_PAYLOAD?MAIN
  +--> ?PR?SLEEP_MODE?MAIN

?PR?RTC_INIT?MAIN                                -----    -----
  +--> ?PR?_HAL_RTC_START?HAL_RTC
  +--> ?PR?_HAL_CLKLF_SET_SOURCE?HAL_CLK
  +--> ?PR?_HAL_RTC_SET_COMPARE_MODE?HAL_RTC
  +--> ?PR?_HAL_RTC_SET_COMPARE_VALUE?HAL_RTC

?PR?CLOCK_AND_IRQ_INIT?MAIN                      -----    -----
  +--> ?PR?HAL_CLK_GET_16M_SOURCE?HAL_CLK

?PR?_HAL_FLASH_BYTES_READ?HAL_FLASH              001BH    0007H

?PR?NRF_INIT?MAIN                                -----    -----
  +--> ?PR?_HAL_NRF_SET_DATARATE?HAL_NRF
  +--> ?PR?_HAL_NRF_SET_CRC_MODE?HAL_NRF
  +--> ?PR?_HAL_NRF_SET_ADDRESS_WIDTH?HAL_NRF
  +--> ?PR?_HAL_NRF_SET_AUTO_RETR?HAL_NRF
  +--> ?PR?_HAL_NRF_SET_RF_CHANNEL?HAL_NRF
  +--> ?PR?_HAL_NRF_SET_ADDRESS?HAL_NRF
  +--> ?PR?_HAL_NRF_SET_RX_PAYLOAD_WIDTH?HAL...
  +--> ?PR?_HAL_NRF_OPEN_PIPE?HAL_NRF
  +--> ?PR?_HAL_NRF_SET_IRQ_MODE?HAL_NRF
  +--> ?PR?_HAL_NRF_ENABLE_ACK_PAYLOAD?HAL_NRF
  +--> ?PR?_HAL_NRF_CLEAR_IRQ_FLAG?HAL_NRF

?PR?_HAL_NRF_SET_DATARATE?HAL_NRF                001BH    0002H
  +--> ?PR?_HAL_NRF_READ_REG?HAL_NRF
  +--> ?PR?_HAL_NRF_WRITE_REG?HAL_NRF

?PR?_HAL_NRF_SET_CRC_MODE?HAL_NRF                001BH    0002H
  +--> ?PR?_HAL_NRF_READ_REG?HAL_NRF
  +--> ?PR?_HAL_NRF_WRITE_REG?HAL_NRF

?PR?_HAL_NRF_SET_ADDRESS_WIDTH?HAL_NRF           001BH    0001H
  +--> ?PR?_HAL_NRF_WRITE_REG?HAL_NRF

?PR?_HAL_NRF_SET_AUTO_RETR?HAL_NRF               001BH    0001H
BL51 BANKED LINKER/LOCATER V6.22.2.0                                                  06/02/2020  16:57:12  PAGE 6


  +--> ?PR?_HAL_NRF_WRITE_REG?HAL_NRF

?PR?_HAL_NRF_SET_RF_CHANNEL?HAL_NRF              001BH    0001H
  +--> ?PR?_HAL_NRF_WRITE_REG?HAL_NRF

?PR?_HAL_NRF_SET_ADDRESS?HAL_NRF                 001EH    0004H
  +--> ?PR?HAL_NRF_GET_ADDRESS_WIDTH?HAL_NRF
  +--> ?PR?_HAL_NRF_WRITE_MULTIBYTE_REG?HAL_NRF
  +--> ?PR?_HAL_NRF_WRITE_REG?HAL_NRF

?PR?_HAL_NRF_WRITE_MULTIBYTE_REG?HAL_NRF         0022H    0009H

?PR?_HAL_NRF_SET_RX_PAYLOAD_WIDTH?HAL...         -----    -----
  +--> ?PR?_HAL_NRF_WRITE_REG?HAL_NRF

?PR?_HAL_NRF_OPEN_PIPE?HAL_NRF                   001BH    0004H
  +--> ?PR?_HAL_NRF_READ_REG?HAL_NRF
  +--> ?PR?_HAL_NRF_WRITE_REG?HAL_NRF

?PR?_HAL_NRF_SET_IRQ_MODE?HAL_NRF                001BH    0003H
  +--> ?PR?_HAL_NRF_READ_REG?HAL_NRF
  +--> ?PR?_HAL_NRF_WRITE_REG?HAL_NRF

?PR?_HAL_NRF_ENABLE_ACK_PAYLOAD?HAL_NRF          001BH    0002H
  +--> ?PR?_HAL_NRF_READ_REG?HAL_NRF
  +--> ?PR?_HAL_NRF_WRITE_REG?HAL_NRF

?PR?_HAL_NRF_CLEAR_IRQ_FLAG?HAL_NRF              -----    -----
  +--> ?PR?_HAL_NRF_WRITE_REG?HAL_NRF

?PR?_HAL_AES_SETUP?HAL_AES                       001EH    0008H
  +--> ?PR?_AES_SET_KEY?HAL_AES

?PR?_AES_SET_KEY?HAL_AES                         0026H    0003H

?PR?_DELAY_MS?HAL_DELAY                          -----    -----
  +--> ?PR?_DELAY_US?HAL_DELAY

?PR?SET_PAIRING_MODE?MAIN                        -----    -----
  +--> ?PR?_HAL_NRF_SET_ADDRESS?HAL_NRF
  +--> ?PR?_HAL_NRF_SET_RX_PAYLOAD_WIDTH?HAL...

?PR?RECEIVE_PAIRING?MAIN                         -----    -----
  +--> ?PR?_HAL_NRF_SET_POWER_MODE?HAL_NRF
  +--> ?PR?_HAL_NRF_SET_OPERATION_MODE?HAL_NRF
  +--> ?PR?HAL_WDOG_RESTART?HAL_WDOG
  +--> ?PR?_DELAY_MS?HAL_DELAY
  +--> ?PR?_HAL_NRF_SET_RX_PAYLOAD_WIDTH?HAL...

?PR?_HAL_NRF_SET_POWER_MODE?HAL_NRF              001CH    0002H
  +--> ?PR?_HAL_NRF_READ_REG?HAL_NRF
  +--> ?PR?_HAL_NRF_WRITE_REG?HAL_NRF

?PR?_HAL_NRF_SET_OPERATION_MODE?HAL_NRF          001CH    0002H
  +--> ?PR?_HAL_NRF_READ_REG?HAL_NRF
  +--> ?PR?_HAL_NRF_WRITE_REG?HAL_NRF

BL51 BANKED LINKER/LOCATER V6.22.2.0                                                  06/02/2020  16:57:12  PAGE 7


?PR?_UPDATE_CONFIGURATION?MAIN                   001BH    0003H
  +--> ?PR?_HAL_FLASH_PAGE_ERASE?HAL_FLASH
  +--> ?PR?_HAL_FLASH_BYTES_WRITE?HAL_FLASH
  +--> ?PR?_HAL_AES_SETUP?HAL_AES
  +--> ?PR?_HAL_NRF_SET_ADDRESS?HAL_NRF

?PR?_HAL_FLASH_BYTES_WRITE?HAL_FLASH             001EH    0007H

?PR?_MAKE_RANDOM_NUMBER?MAIN                     001BH    0003H
  +--> ?PR?_HAL_RNG_POWER_UP?HAL_RNG
  +--> ?PR?HAL_RNG_DATA_READY?HAL_RNG
  +--> ?PR?HAL_RNG_READ?HAL_RNG

?PR?_MAKE_COMMAND?MAIN                           001BH    0006H
  +--> ?PR?_DELAY_MS?HAL_DELAY

?PR?_MAKE_PAYLOAD?MAIN                           001BH    0003H

?PR?_HAL_AES_CRYPT?HAL_AES                       001BH    0017H
  +--> ?PR?_ADD_SUB_SHIFT?HAL_AES
  +--> ?PR?_MIX_COLUMNS_HW?HAL_AES
  +--> ?PR?_KEY_UPGRADE?HAL_AES
  +--> ?PR?_ADD_KEY?HAL_AES

?PR?_ADD_SUB_SHIFT?HAL_AES                       0032H    0002H
  +--> ?CO?HAL_AES

?PR?_KEY_UPGRADE?HAL_AES                         -----    -----
  +--> ?CO?HAL_AES

?PR?_SEND_PAYLOAD?MAIN                           001BH    0001H
  +--> ?PR?_HAL_NRF_WRITE_TX_PAYLOAD?HAL_NRF
  +--> ?PR?_HAL_NRF_SET_OUTPUT_POWER?HAL_NRF
  +--> ?PR?_HAL_NRF_SET_POWER_MODE?HAL_NRF
  +--> ?PR?_HAL_NRF_SET_OPERATION_MODE?HAL_NRF

?PR?_HAL_NRF_WRITE_TX_PAYLOAD?HAL_NRF            -----    -----
  +--> ?PR?_HAL_NRF_WRITE_MULTIBYTE_REG?HAL_NRF

?PR?_HAL_NRF_SET_OUTPUT_POWER?HAL_NRF            001CH    0002H
  +--> ?PR?_HAL_NRF_READ_REG?HAL_NRF
  +--> ?PR?_HAL_NRF_WRITE_REG?HAL_NRF



SYMBOL TABLE OF MODULE:  .\build\enhanced_shockburst_ptx_nrf24le1 (MAIN)

  VALUE           TYPE          NAME
  ----------------------------------

  -------         MODULE        MAIN
  C:0000H         SYMBOL        _ICE_DUMMY_
  D:0080H         PUBLIC        P0
  D:0090H         PUBLIC        P1
  D:00A0H         PUBLIC        P2
  D:00B0H         PUBLIC        P3
  B:00A8H.7       PUBLIC        EA
BL51 BANKED LINKER/LOCATER V6.22.2.0                                                  06/02/2020  16:57:12  PAGE 8


  X:0010H         SYMBOL        payload_enc
  D:00A8H         PUBLIC        IEN0
  D:00B8H         PUBLIC        IEN1
  B:00B8H.1       PUBLIC        RF
  C:004AH         PUBLIC        wakeup_tick
  B:00E8H.0       PUBLIC        RFCE
  C:154FH         PUBLIC        sleep_mode
  C:0F51H         PUBLIC        set_pairing_mode
  D:00ADH         PUBLIC        CLKLFCTRL
  C:06E3H         PUBLIC        main
  B:0090H.0       PUBLIC        P10
  B:0080H.1       PUBLIC        P01
  B:0090H.1       PUBLIC        P11
  B:0080H.3       PUBLIC        P03
  B:0090H.3       PUBLIC        P13
  D:0088H         PUBLIC        TCON
  D:0034H         SYMBOL        rx_address
  C:0FC6H         PUBLIC        receive_pairing
  D:0039H         SYMBOL        tx_address
  D:003EH         SYMBOL        radio_busy
  B:00E8H.2       PUBLIC        RFCKEN
  C:005AH         PUBLIC        wakeup_irq
  D:00CFH         PUBLIC        WUOPC0
  D:003FH         SYMBOL        received
  D:00AEH         PUBLIC        OPMCON
  I:0061H         SYMBOL        commands
  C:0D19H         PUBLIC        nrf_init
  C:0ED6H         PUBLIC        pin_init
  D:0093H         PUBLIC        P0DIR
  C:1105H         PUBLIC        rtc_init
  D:009EH         PUBLIC        P0CON
  D:0094H         PUBLIC        P1DIR
  D:009FH         PUBLIC        P1CON
  C:0003H         PUBLIC        _make_command
  I:0079H         SYMBOL        AES_Key
  D:00A4H         PUBLIC        PWRDWN
  D:0098H         PUBLIC        S0CON
  D:00D8H         PUBLIC        ADCON
  D:00C8H         PUBLIC        T2CON
  C:098FH         PUBLIC        _update_configuration
  C:14A3H         PUBLIC        clock_and_irq_init
  D:00F8H         PUBLIC        FSR
  X:0020H         SYMBOL        payload
  C:12EFH         PUBLIC        _make_payload
  C:0F8CH         PUBLIC        _make_random_number
  C:0CA4H         PUBLIC        nrf_isr
  D:00E8H         PUBLIC        RFCON
  D:00D0H         PUBLIC        PSW
  C:10A2H         PUBLIC        _send_payload
  D:00C0H         PUBLIC        IRCON
  -------         PROC          MAIN
  -------         DO            
  D:0014H         SYMBOL        vcu_id
  D:0018H         SYMBOL        pairing_success
  D:0019H         SYMBOL        command
  D:001AH         SYMBOL        power
  -------         ENDDO         
BL51 BANKED LINKER/LOCATER V6.22.2.0                                                  06/02/2020  16:57:12  PAGE 9


  C:06E3H         LINE#         67
  C:06E3H         LINE#         75
  C:06E6H         LINE#         77
  C:06E9H         LINE#         79
  C:06ECH         LINE#         82
  C:06FFH         LINE#         83
  C:0710H         LINE#         86
  C:0721H         LINE#         87
  C:0734H         LINE#         90
  C:0737H         LINE#         92
  C:074DH         LINE#         94
  C:0754H         LINE#         96
  C:0754H         LINE#         97
  C:075AH         LINE#         99
  C:075DH         LINE#         101
  C:0763H         LINE#         104
  C:0766H         LINE#         107
  C:0769H         LINE#         110
  C:0772H         LINE#         113
  C:0776H         LINE#         114
  C:0778H         LINE#         115
  C:077AH         LINE#         116
  C:077CH         LINE#         117
  C:077EH         LINE#         118
  C:0780H         LINE#         119
  C:0780H         LINE#         122
  C:0786H         LINE#         123
  C:0789H         LINE#         124
  C:0790H         LINE#         125
  C:0792H         LINE#         126
  C:0799H         LINE#         128
  C:079BH         LINE#         131
  C:07A4H         LINE#         133
  C:07B6H         LINE#         135
  C:07C1H         LINE#         137
  C:07D3H         LINE#         139
  C:07DEH         LINE#         142
  C:07E0H         LINE#         143
  C:07E2H         LINE#         144
  C:07E2H         LINE#         147
  C:07E5H         LINE#         150
  C:07E8H         LINE#         151
  -------         ENDPROC       MAIN
  -------         PROC          _UPDATE_CONFIGURATION
  D:001BH         SYMBOL        success
  C:098FH         LINE#         155
  C:0995H         LINE#         156
  C:09A7H         LINE#         158
  C:09B8H         LINE#         160
  C:09CBH         LINE#         161
  C:09DEH         LINE#         164
  C:09E3H         LINE#         165
  C:09F6H         LINE#         166
  C:0A09H         LINE#         169
  C:0A1FH         LINE#         171
  C:0A2AH         LINE#         173
  C:0A35H         LINE#         175
BL51 BANKED LINKER/LOCATER V6.22.2.0                                                  06/02/2020  16:57:12  PAGE 10


  C:0A40H         LINE#         176
  C:0A40H         LINE#         177
  -------         ENDPROC       _UPDATE_CONFIGURATION
  -------         PROC          RECEIVE_PAIRING
  C:0FC6H         LINE#         179
  C:0FC6H         LINE#         181
  C:0FCBH         LINE#         183
  C:0FD0H         LINE#         186
  C:0FD2H         LINE#         187
  C:0FD5H         LINE#         188
  C:0FDFH         LINE#         190
  C:0FE1H         LINE#         191
  C:0FE6H         LINE#         193
  C:0FE9H         LINE#         194
  C:0FEFH         LINE#         195
  C:0FF1H         LINE#         196
  C:0FF3H         LINE#         199
  C:0FF8H         LINE#         201
  -------         ENDPROC       RECEIVE_PAIRING
  -------         PROC          SET_PAIRING_MODE
  C:0F51H         LINE#         204
  C:0F51H         LINE#         206
  C:0F60H         LINE#         207
  C:0F6FH         LINE#         210
  C:0F7AH         LINE#         212
  C:0F85H         LINE#         214
  -------         ENDPROC       SET_PAIRING_MODE
  -------         PROC          _SEND_PAYLOAD
  D:0001H         SYMBOL        payload
  D:001BH         SYMBOL        pwr
  C:10A2H         LINE#         217
  C:10A4H         LINE#         219
  C:10A9H         LINE#         221
  C:10AEH         LINE#         223
  C:10BAH         LINE#         225
  C:10BFH         LINE#         227
  C:10C4H         LINE#         230
  C:10C6H         LINE#         231
  C:10C9H         LINE#         232
  C:10CDH         LINE#         233
  C:10CFH         LINE#         236
  C:10D3H         LINE#         238
  C:10D5H         LINE#         239
  -------         ENDPROC       _SEND_PAYLOAD
  -------         PROC          _MAKE_PAYLOAD
  D:001BH         SYMBOL        payload
  D:0005H         SYMBOL        cmd
  C:12EFH         LINE#         241
  C:12F5H         LINE#         242
  -------         ENDPROC       _MAKE_PAYLOAD
  -------         PROC          _MAKE_COMMAND
  D:001BH         SYMBOL        cmd
  D:001EH         SYMBOL        pwr
  C:0003H         LINE#         245
  C:0009H         LINE#         246
  C:000DH         LINE#         247
  C:0016H         LINE#         250
BL51 BANKED LINKER/LOCATER V6.22.2.0                                                  06/02/2020  16:57:12  PAGE 11


  C:001CH         LINE#         252
  C:0023H         LINE#         255
  C:0026H         LINE#         256
  C:002EH         LINE#         257
  C:0033H         LINE#         258
  C:003EH         LINE#         259
  C:0049H         LINE#         260
  C:0049H         LINE#         261
  C:0049H         LINE#         262
  -------         ENDPROC       _MAKE_COMMAND
  -------         PROC          _MAKE_RANDOM_NUMBER
  D:001BH         SYMBOL        p
  -------         DO            
  D:0006H         SYMBOL        index
  -------         ENDDO         
  C:0F8CH         LINE#         264
  C:0F92H         LINE#         268
  C:0F97H         LINE#         269
  C:0FA3H         LINE#         270
  C:0FA9H         LINE#         271
  C:0FBEH         LINE#         272
  C:0FC1H         LINE#         273
  -------         ENDPROC       _MAKE_RANDOM_NUMBER
  -------         PROC          PIN_INIT
  -------         DO            
  D:0007H         SYMBOL        i
  -------         ENDDO         
  C:0ED6H         LINE#         276
  C:0ED6H         LINE#         280
  C:0EE9H         LINE#         281
  C:0EEEH         LINE#         282
  C:0EF0H         LINE#         283
  C:0EF3H         LINE#         284
  C:0EF6H         LINE#         285
  C:0EF9H         LINE#         287
  C:0EFCH         LINE#         288
  C:0EFEH         LINE#         289
  C:0F01H         LINE#         290
  C:0F04H         LINE#         292
  C:0F06H         LINE#         293
  C:0F08H         LINE#         294
  C:0F0BH         LINE#         295
  C:0F0DH         LINE#         298
  C:0F0FH         LINE#         299
  C:0F11H         LINE#         300
  C:0F13H         LINE#         301
  -------         ENDPROC       PIN_INIT
  -------         PROC          NRF_INIT
  C:0D19H         LINE#         303
  C:0D19H         LINE#         305
  C:0D1EH         LINE#         307
  C:0D23H         LINE#         309
  C:0D28H         LINE#         311
  C:0D31H         LINE#         313
  C:0D36H         LINE#         315
  C:0D41H         LINE#         317
  C:0D48H         LINE#         319
BL51 BANKED LINKER/LOCATER V6.22.2.0                                                  06/02/2020  16:57:12  PAGE 12


  C:0D4FH         LINE#         321
  C:0D5AH         LINE#         323
  C:0D61H         LINE#         324
  C:0D68H         LINE#         325
  C:0D6FH         LINE#         327
  C:0D74H         LINE#         329
  C:0D79H         LINE#         330
  C:0D7EH         LINE#         331
  -------         ENDPROC       NRF_INIT
  -------         PROC          RTC_INIT
  C:1105H         LINE#         334
  C:1105H         LINE#         335
  C:110AH         LINE#         336
  C:110EH         LINE#         337
  C:1113H         LINE#         338
  C:111AH         LINE#         339
  C:111FH         LINE#         342
  C:1127H         LINE#         343
  C:112FH         LINE#         346
  C:1132H         LINE#         347
  -------         ENDPROC       RTC_INIT
  -------         PROC          CLOCK_AND_IRQ_INIT
  C:14A3H         LINE#         349
  C:14A3H         LINE#         352
  C:14ABH         LINE#         355
  C:14ADH         LINE#         357
  C:14AFH         LINE#         359
  C:14B1H         LINE#         360
  -------         ENDPROC       CLOCK_AND_IRQ_INIT
  -------         PROC          SLEEP_MODE
  C:154FH         LINE#         362
  C:154FH         LINE#         364
  C:1552H         LINE#         366
  C:1555H         LINE#         368
  C:1558H         LINE#         370
  -------         ENDPROC       SLEEP_MODE
  -------         PROC          WAKEUP_TICK
  C:004AH         LINE#         374
  C:004AH         LINE#         376
  -------         ENDPROC       WAKEUP_TICK
  -------         PROC          WAKEUP_IRQ
  C:005AH         LINE#         379
  C:005AH         LINE#         381
  -------         ENDPROC       WAKEUP_IRQ
  -------         PROC          NRF_ISR
  -------         DO            
  D:0007H         SYMBOL        irq_flags
  -------         ENDDO         
  C:0CA4H         LINE#         385
  C:0CCAH         LINE#         389
  C:0CCDH         LINE#         391
  C:0CDAH         LINE#         392
  C:0CDAH         LINE#         394
  C:0CDAH         LINE#         395
  C:0CDAH         LINE#         397
  C:0CDCH         LINE#         400
  C:0CDCH         LINE#         405
BL51 BANKED LINKER/LOCATER V6.22.2.0                                                  06/02/2020  16:57:12  PAGE 13


  C:0CDFH         LINE#         406
  C:0CE2H         LINE#         407
  C:0CE4H         LINE#         410
  C:0CE4H         LINE#         412
  C:0CEAH         LINE#         413
  C:0CF3H         LINE#         414
  C:0CF5H         LINE#         415
  C:0CF8H         LINE#         416
  C:0CF8H         LINE#         418
  C:0CF8H         LINE#         419
  C:0CF8H         LINE#         420
  C:0CF8H         LINE#         422
  -------         ENDPROC       NRF_ISR
  -------         ENDMOD        MAIN

  -------         MODULE        HAL_NRF_HW
  C:0000H         SYMBOL        _ICE_DUMMY_
  D:0080H         PUBLIC        P0
  D:0090H         PUBLIC        P1
  D:00A0H         PUBLIC        P2
  D:00B0H         PUBLIC        P3
  D:00A8H         PUBLIC        IEN0
  D:00B8H         PUBLIC        IEN1
  D:00E7H         PUBLIC        SPIRDAT
  C:1559H         PUBLIC        _hal_nrf_rw
  D:0088H         PUBLIC        TCON
  D:0098H         PUBLIC        S0CON
  D:00D8H         PUBLIC        ADCON
  D:00C8H         PUBLIC        T2CON
  D:00F8H         PUBLIC        FSR
  D:00E8H         PUBLIC        RFCON
  D:00D0H         PUBLIC        PSW
  D:00C0H         PUBLIC        IRCON
  D:00E6H         PUBLIC        SPIRSTAT
  -------         PROC          _HAL_NRF_RW
  D:0007H         SYMBOL        value
  C:1559H         LINE#         25
  C:1559H         LINE#         26
  C:1559H         LINE#         27
  C:155BH         LINE#         28
  C:1560H         LINE#         29
  C:1560H         LINE#         30
  C:1560H         LINE#         31
  C:1562H         LINE#         32
  -------         ENDPROC       _HAL_NRF_RW
  -------         ENDMOD        HAL_NRF_HW

  -------         MODULE        HAL_NRF
  C:0000H         SYMBOL        _ICE_DUMMY_
  D:0080H         PUBLIC        P0
  D:0090H         PUBLIC        P1
  D:00A0H         PUBLIC        P2
  D:00B0H         PUBLIC        P3
  C:13D5H         PUBLIC        _hal_nrf_set_rf_channel
  C:0DEBH         PUBLIC        _hal_nrf_open_pipe
  C:122AH         PUBLIC        _hal_nrf_enable_dynamic_ack
  C:15DFH         PUBLIC        _hal_nrf_write_tx_payload
BL51 BANKED LINKER/LOCATER V6.22.2.0                                                  06/02/2020  16:57:12  PAGE 14


  C:004EH         PUBLIC        hal_nrf_get_clear_irq_flags
  C:1203H         PUBLIC        _hal_nrf_enable_ack_payload
  D:00A8H         PUBLIC        IEN0
  C:130CH         PUBLIC        _hal_nrf_write_reg
  C:15BDH         PUBLIC        hal_nrf_nop
  C:14E9H         PUBLIC        _hal_nrf_setup_dynamic_payload
  D:00B8H         PUBLIC        IEN1
  C:1613H         PUBLIC        hal_nrf_get_fifo_status
  C:1379H         PUBLIC        hal_nrf_clear_irq_flags_get_status
  D:00E7H         PUBLIC        SPIRDAT
  C:0B88H         PUBLIC        _hal_nrf_get_pipe_status
  C:0FFFH         PUBLIC        _hal_nrf_get_rx_payload_width
  C:15D0H         PUBLIC        hal_nrf_get_irq_flags
  C:12B3H         PUBLIC        _hal_nrf_set_power_mode
  C:158BH         PUBLIC        hal_nrf_get_carrier_detect
  C:15D8H         PUBLIC        _hal_nrf_set_rx_payload_width
  C:13A9H         PUBLIC        hal_nrf_get_packet_lost_ctr
  C:10D6H         PUBLIC        _hal_nrf_set_crc_mode
  C:15A9H         PUBLIC        hal_nrf_flush_rx
  C:15B3H         PUBLIC        hal_nrf_flush_tx
  C:1581H         PUBLIC        hal_nrf_get_transmit_attempts
  C:159FH         PUBLIC        hal_nrf_reuse_tx
  C:12D1H         PUBLIC        _hal_nrf_set_output_power
  D:0088H         PUBLIC        TCON
  C:1133H         PUBLIC        _hal_nrf_set_datarate
  C:11DBH         PUBLIC        _hal_nrf_set_pll_mode
  C:14C1H         PUBLIC        hal_nrf_get_rx_data_source
  C:0D83H         PUBLIC        _hal_nrf_set_irq_mode
  C:037DH         PUBLIC        _hal_nrf_read_multibyte_reg
  C:156DH         PUBLIC        hal_nrf_rx_fifo_empty
  C:11B2H         PUBLIC        _hal_nrf_enable_dynamic_payload
  C:150DH         PUBLIC        hal_nrf_tx_fifo_empty
  C:160EH         PUBLIC        hal_nrf_get_auto_retr_status
  C:005EH         PUBLIC        hal_nrf_rx_fifo_full
  C:14DDH         PUBLIC        hal_nrf_tx_fifo_full
  C:1273H         PUBLIC        _hal_nrf_set_auto_retr
  C:106DH         PUBLIC        _hal_nrf_get_address
  C:1295H         PUBLIC        _hal_nrf_set_operation_mode
  C:1595H         PUBLIC        _hal_nrf_write_ack_payload
  C:1563H         PUBLIC        hal_nrf_get_address_width
  C:0A41H         PUBLIC        _hal_nrf_write_multibyte_reg
  C:0F14H         PUBLIC        _hal_nrf_set_address
  C:006AH         PUBLIC        hal_nrf_activate_features
  C:1577H         PUBLIC        hal_nrf_get_rx_fifo_status
  C:1392H         PUBLIC        _hal_nrf_set_address_width
  C:13BFH         PUBLIC        hal_nrf_get_tx_fifo_status
  C:143AH         PUBLIC        hal_nrf_get_reuse_tx_status
  D:0098H         PUBLIC        S0CON
  D:00D8H         PUBLIC        ADCON
  D:00C8H         PUBLIC        T2CON
  C:0E93H         PUBLIC        _hal_nrf_close_pipe
  D:00F8H         PUBLIC        FSR
  C:115EH         PUBLIC        _hal_nrf_enable_continious_wave
  C:1471H         PUBLIC        _hal_nrf_clear_irq_flag
  C:161DH         PUBLIC        _hal_nrf_read_rx_payload
  D:00E8H         PUBLIC        RFCON
  C:15E6H         PUBLIC        _hal_nrf_write_tx_payload_noack
BL51 BANKED LINKER/LOCATER V6.22.2.0                                                  06/02/2020  16:57:12  PAGE 15


  D:00D0H         PUBLIC        PSW
  C:1618H         PUBLIC        hal_nrf_read_rx_payload_width
  D:00C0H         PUBLIC        IRCON
  C:1345H         PUBLIC        _hal_nrf_read_reg
  B:00E8H.1       PUBLIC        RFCSN
  D:00E6H         PUBLIC        SPIRSTAT
  -------         PROC          _HAL_NRF_SET_OPERATION_MODE
  D:001CH         SYMBOL        op_mode
  -------         DO            
  D:001DH         SYMBOL        config
  -------         ENDDO         
  C:1295H         LINE#         189
  C:1297H         LINE#         190
  C:1297H         LINE#         192
  C:129EH         LINE#         194
  C:12A4H         LINE#         195
  C:12A4H         LINE#         196
  C:12A7H         LINE#         197
  C:12A9H         LINE#         199
  C:12A9H         LINE#         200
  C:12ACH         LINE#         201
  C:12ACH         LINE#         203
  -------         ENDPROC       _HAL_NRF_SET_OPERATION_MODE
  -------         PROC          _HAL_NRF_SET_POWER_MODE
  D:001CH         SYMBOL        pwr_mode
  -------         DO            
  D:001DH         SYMBOL        config
  -------         ENDDO         
  C:12B3H         LINE#         206
  C:12B5H         LINE#         207
  C:12B5H         LINE#         209
  C:12BCH         LINE#         211
  C:12C2H         LINE#         212
  C:12C2H         LINE#         213
  C:12C5H         LINE#         214
  C:12C7H         LINE#         216
  C:12C7H         LINE#         217
  C:12CAH         LINE#         218
  C:12CAH         LINE#         220
  -------         ENDPROC       _HAL_NRF_SET_POWER_MODE
  -------         PROC          _HAL_NRF_SET_CRC_MODE
  D:001BH         SYMBOL        crc_mode
  -------         DO            
  D:001CH         SYMBOL        config
  -------         ENDDO         
  C:10D6H         LINE#         223
  C:10D8H         LINE#         224
  C:10D8H         LINE#         226
  C:10DFH         LINE#         228
  C:10EBH         LINE#         229
  C:10EBH         LINE#         230
  C:10EBH         LINE#         231
  C:10EEH         LINE#         232
  C:10F0H         LINE#         233
  C:10F0H         LINE#         234
  C:10F3H         LINE#         235
  C:10F6H         LINE#         236
BL51 BANKED LINKER/LOCATER V6.22.2.0                                                  06/02/2020  16:57:12  PAGE 16


  C:10F8H         LINE#         237
  C:10F8H         LINE#         238
  C:10FBH         LINE#         239
  C:10FEH         LINE#         240
  C:10FEH         LINE#         241
  C:10FEH         LINE#         242
  C:10FEH         LINE#         243
  C:10FEH         LINE#         245
  -------         ENDPROC       _HAL_NRF_SET_CRC_MODE
  -------         PROC          _HAL_NRF_SET_IRQ_MODE
  D:001BH         SYMBOL        int_source
  D:001CH         SYMBOL        irq_state
  -------         DO            
  D:001DH         SYMBOL        config
  -------         ENDDO         
  C:0D83H         LINE#         248
  C:0D87H         LINE#         249
  C:0D87H         LINE#         251
  C:0D8EH         LINE#         253
  C:0D9BH         LINE#         254
  C:0D9BH         LINE#         255
  C:0D9BH         LINE#         256
  C:0DB0H         LINE#         257
  C:0DB2H         LINE#         258
  C:0DB2H         LINE#         259
  C:0DC8H         LINE#         260
  C:0DCAH         LINE#         261
  C:0DCAH         LINE#         262
  C:0DE4H         LINE#         263
  C:0DE4H         LINE#         264
  C:0DE4H         LINE#         266
  -------         ENDPROC       _HAL_NRF_SET_IRQ_MODE
  -------         PROC          HAL_NRF_GET_CLEAR_IRQ_FLAGS
  -------         DO            
  D:0007H         SYMBOL        retval
  -------         ENDDO         
  C:004EH         LINE#         269
  C:004EH         LINE#         270
  C:004EH         LINE#         273
  C:0055H         LINE#         275
  C:0059H         LINE#         276
  -------         ENDPROC       HAL_NRF_GET_CLEAR_IRQ_FLAGS
  -------         PROC          HAL_NRF_CLEAR_IRQ_FLAGS_GET_STATUS
  -------         DO            
  D:005DH         SYMBOL        retval
  -------         ENDDO         
  C:1379H         LINE#         278
  C:1379H         LINE#         279
  C:1379H         LINE#         283
  C:1385H         LINE#         284
  C:138FH         LINE#         286
  C:1391H         LINE#         287
  -------         ENDPROC       HAL_NRF_CLEAR_IRQ_FLAGS_GET_STATUS
  -------         PROC          _HAL_NRF_CLEAR_IRQ_FLAG
  D:0007H         SYMBOL        int_source
  C:1471H         LINE#         290
  C:1471H         LINE#         291
BL51 BANKED LINKER/LOCATER V6.22.2.0                                                  06/02/2020  16:57:12  PAGE 17


  C:1471H         LINE#         292
  -------         ENDPROC       _HAL_NRF_CLEAR_IRQ_FLAG
  -------         PROC          HAL_NRF_GET_IRQ_FLAGS
  C:15D0H         LINE#         295
  C:15D0H         LINE#         296
  C:15D0H         LINE#         297
  C:15D7H         LINE#         298
  -------         ENDPROC       HAL_NRF_GET_IRQ_FLAGS
  -------         PROC          _HAL_NRF_OPEN_PIPE
  D:001BH         SYMBOL        pipe_num
  D:001CH         SYMBOL        auto_ack
  -------         DO            
  D:001DH         SYMBOL        en_rxaddr
  D:001EH         SYMBOL        en_aa
  -------         ENDDO         
  C:0DEBH         LINE#         300
  C:0DEFH         LINE#         301
  C:0DEFH         LINE#         304
  C:0DF6H         LINE#         305
  C:0DFDH         LINE#         307
  C:0E09H         LINE#         308
  C:0E09H         LINE#         309
  C:0E09H         LINE#         310
  C:0E09H         LINE#         311
  C:0E09H         LINE#         312
  C:0E09H         LINE#         313
  C:0E09H         LINE#         314
  C:0E09H         LINE#         315
  C:0E19H         LINE#         317
  C:0E1DH         LINE#         318
  C:0E1DH         LINE#         319
  C:0E20H         LINE#         320
  C:0E22H         LINE#         322
  C:0E22H         LINE#         323
  C:0E26H         LINE#         324
  C:0E26H         LINE#         325
  C:0E28H         LINE#         327
  C:0E28H         LINE#         328
  C:0E2BH         LINE#         330
  C:0E2FH         LINE#         331
  C:0E2FH         LINE#         332
  C:0E32H         LINE#         333
  C:0E34H         LINE#         335
  C:0E34H         LINE#         336
  C:0E37H         LINE#         337
  C:0E37H         LINE#         338
  C:0E37H         LINE#         340
  C:0E37H         LINE#         341
  C:0E37H         LINE#         342
  C:0E37H         LINE#         343
  C:0E37H         LINE#         345
  C:0E3EH         LINE#         346
  -------         ENDPROC       _HAL_NRF_OPEN_PIPE
  -------         PROC          _HAL_NRF_CLOSE_PIPE
  D:0052H         SYMBOL        pipe_num
  -------         DO            
  D:0053H         SYMBOL        en_rxaddr
BL51 BANKED LINKER/LOCATER V6.22.2.0                                                  06/02/2020  16:57:12  PAGE 18


  D:0054H         SYMBOL        en_aa
  -------         ENDDO         
  C:0E93H         LINE#         349
  C:0E95H         LINE#         350
  C:0E95H         LINE#         353
  C:0E9CH         LINE#         354
  C:0EA3H         LINE#         356
  C:0EAFH         LINE#         357
  C:0EAFH         LINE#         358
  C:0EAFH         LINE#         359
  C:0EAFH         LINE#         360
  C:0EAFH         LINE#         361
  C:0EAFH         LINE#         362
  C:0EAFH         LINE#         363
  C:0EAFH         LINE#         364
  C:0EBFH         LINE#         365
  C:0EC1H         LINE#         366
  C:0EC3H         LINE#         368
  C:0EC3H         LINE#         369
  C:0EC6H         LINE#         370
  C:0EC8H         LINE#         371
  C:0EC8H         LINE#         373
  C:0EC8H         LINE#         374
  C:0EC8H         LINE#         375
  C:0EC8H         LINE#         376
  C:0EC8H         LINE#         378
  C:0ECFH         LINE#         379
  -------         ENDPROC       _HAL_NRF_CLOSE_PIPE
  -------         PROC          _HAL_NRF_SET_ADDRESS
  D:001EH         SYMBOL        address
  D:001FH         SYMBOL        addr
  C:0F14H         LINE#         382
  C:0F1CH         LINE#         383
  C:0F1CH         LINE#         384
  C:0F2BH         LINE#         385
  C:0F2BH         LINE#         386
  C:0F2BH         LINE#         387
  C:0F2BH         LINE#         388
  C:0F2BH         LINE#         389
  C:0F3EH         LINE#         390
  C:0F3EH         LINE#         391
  C:0F3EH         LINE#         392
  C:0F3EH         LINE#         393
  C:0F3EH         LINE#         394
  C:0F3EH         LINE#         395
  C:0F50H         LINE#         396
  C:0F50H         LINE#         398
  C:0F50H         LINE#         399
  C:0F50H         LINE#         400
  C:0F50H         LINE#         401
  C:0F50H         LINE#         402
  -------         ENDPROC       _HAL_NRF_SET_ADDRESS
  -------         PROC          _HAL_NRF_GET_ADDRESS
  D:004AH         SYMBOL        address
  D:004BH         SYMBOL        addr
  C:106DH         LINE#         404
  C:1075H         LINE#         405
BL51 BANKED LINKER/LOCATER V6.22.2.0                                                  06/02/2020  16:57:12  PAGE 19


  C:1075H         LINE#         406
  C:1082H         LINE#         407
  C:1082H         LINE#         408
  C:1082H         LINE#         409
  C:1082H         LINE#         410
  C:1082H         LINE#         411
  C:108DH         LINE#         412
  C:108DH         LINE#         413
  C:109FH         LINE#         414
  C:10A1H         LINE#         415
  C:10A1H         LINE#         416
  -------         ENDPROC       _HAL_NRF_GET_ADDRESS
  -------         PROC          _HAL_NRF_SET_AUTO_RETR
  D:0003H         SYMBOL        retr
  D:0004H         SYMBOL        delay
  -------         DO            
  D:001BH         SYMBOL        setup_retr
  -------         ENDDO         
  C:1273H         LINE#         418
  C:1275H         LINE#         419
  C:1275H         LINE#         421
  C:1283H         LINE#         422
  C:128EH         LINE#         424
  -------         ENDPROC       _HAL_NRF_SET_AUTO_RETR
  -------         PROC          _HAL_NRF_SET_ADDRESS_WIDTH
  D:0007H         SYMBOL        address_width
  -------         DO            
  D:001BH         SYMBOL        setup_aw
  -------         ENDDO         
  C:1392H         LINE#         427
  C:1392H         LINE#         428
  C:1392H         LINE#         430
  C:1395H         LINE#         431
  C:13A2H         LINE#         433
  -------         ENDPROC       _HAL_NRF_SET_ADDRESS_WIDTH
  -------         PROC          HAL_NRF_GET_ADDRESS_WIDTH
  C:1563H         LINE#         436
  C:1563H         LINE#         437
  C:1563H         LINE#         438
  C:156CH         LINE#         439
  -------         ENDPROC       HAL_NRF_GET_ADDRESS_WIDTH
  -------         PROC          _HAL_NRF_SET_RX_PAYLOAD_WIDTH
  D:0007H         SYMBOL        pipe_num
  D:0005H         SYMBOL        pload_width
  C:15D8H         LINE#         441
  C:15D8H         LINE#         442
  C:15D8H         LINE#         443
  -------         ENDPROC       _HAL_NRF_SET_RX_PAYLOAD_WIDTH
  -------         PROC          _HAL_NRF_GET_PIPE_STATUS
  D:0040H         SYMBOL        pipe_num
  -------         DO            
  D:0041H         SYMBOL        en_rxaddr
  D:0042H         SYMBOL        en_aa
  D:0043H         SYMBOL        en_rx_r
  D:0044H         SYMBOL        en_aa_r
  -------         ENDDO         
  C:0B88H         LINE#         446
BL51 BANKED LINKER/LOCATER V6.22.2.0                                                  06/02/2020  16:57:12  PAGE 20


  C:0B8AH         LINE#         447
  C:0B8AH         LINE#         452
  C:0B91H         LINE#         453
  C:0B98H         LINE#         455
  C:0BADH         LINE#         456
  C:0BADH         LINE#         457
  C:0BADH         LINE#         458
  C:0BB3H         LINE#         459
  C:0BB5H         LINE#         460
  C:0BB7H         LINE#         461
  C:0BB7H         LINE#         462
  C:0BC0H         LINE#         463
  C:0BC5H         LINE#         464
  C:0BC7H         LINE#         465
  C:0BC7H         LINE#         466
  C:0BD0H         LINE#         467
  C:0BD5H         LINE#         468
  C:0BD7H         LINE#         469
  C:0BD7H         LINE#         470
  C:0BE1H         LINE#         471
  C:0BE7H         LINE#         472
  C:0BE9H         LINE#         473
  C:0BE9H         LINE#         474
  C:0BF1H         LINE#         475
  C:0BF5H         LINE#         476
  C:0BF7H         LINE#         477
  C:0BF7H         LINE#         478
  C:0C00H         LINE#         479
  C:0C09H         LINE#         480
  C:0C0BH         LINE#         481
  C:0C0BH         LINE#         482
  C:0C0EH         LINE#         483
  C:0C10H         LINE#         484
  C:0C10H         LINE#         485
  C:0C10H         LINE#         487
  C:0C17H         LINE#         488
  -------         ENDPROC       _HAL_NRF_GET_PIPE_STATUS
  -------         PROC          HAL_NRF_GET_AUTO_RETR_STATUS
  C:160EH         LINE#         490
  C:160EH         LINE#         491
  C:160EH         LINE#         492
  -------         ENDPROC       HAL_NRF_GET_AUTO_RETR_STATUS
  -------         PROC          HAL_NRF_GET_PACKET_LOST_CTR
  C:13A9H         LINE#         495
  C:13A9H         LINE#         496
  C:13A9H         LINE#         497
  C:13BEH         LINE#         498
  -------         ENDPROC       HAL_NRF_GET_PACKET_LOST_CTR
  -------         PROC          _HAL_NRF_GET_RX_PAYLOAD_WIDTH
  D:0007H         SYMBOL        pipe_num
  -------         DO            
  D:005EH         SYMBOL        pw
  -------         ENDDO         
  C:0FFFH         LINE#         500
  C:0FFFH         LINE#         501
  C:0FFFH         LINE#         504
  C:1013H         LINE#         505
BL51 BANKED LINKER/LOCATER V6.22.2.0                                                  06/02/2020  16:57:12  PAGE 21


  C:1013H         LINE#         506
  C:1013H         LINE#         507
  C:1015H         LINE#         508
  C:1017H         LINE#         509
  C:1017H         LINE#         510
  C:1019H         LINE#         511
  C:101BH         LINE#         512
  C:101BH         LINE#         513
  C:101DH         LINE#         514
  C:101FH         LINE#         515
  C:101FH         LINE#         516
  C:1021H         LINE#         517
  C:1023H         LINE#         518
  C:1023H         LINE#         519
  C:1025H         LINE#         520
  C:1027H         LINE#         521
  C:1027H         LINE#         522
  C:102EH         LINE#         523
  C:1030H         LINE#         524
  C:1030H         LINE#         525
  C:1033H         LINE#         526
  C:1033H         LINE#         527
  C:1033H         LINE#         529
  C:1035H         LINE#         530
  -------         ENDPROC       _HAL_NRF_GET_RX_PAYLOAD_WIDTH
  -------         PROC          _HAL_NRF_SET_RF_CHANNEL
  D:0007H         SYMBOL        channel
  -------         DO            
  D:001BH         SYMBOL        rf_ch
  -------         ENDDO         
  C:13D5H         LINE#         532
  C:13D5H         LINE#         533
  C:13D5H         LINE#         535
  C:13D8H         LINE#         536
  C:13E3H         LINE#         537
  -------         ENDPROC       _HAL_NRF_SET_RF_CHANNEL
  -------         PROC          _HAL_NRF_SET_OUTPUT_POWER
  D:001CH         SYMBOL        power
  -------         DO            
  D:001DH         SYMBOL        rf_setup
  -------         ENDDO         
  C:12D1H         LINE#         540
  C:12D3H         LINE#         541
  C:12D3H         LINE#         543
  C:12DAH         LINE#         545
  C:12E8H         LINE#         547
  -------         ENDPROC       _HAL_NRF_SET_OUTPUT_POWER
  -------         PROC          _HAL_NRF_SET_DATARATE
  D:001BH         SYMBOL        datarate
  -------         DO            
  D:001CH         SYMBOL        rf_setup
  -------         ENDDO         
  C:1133H         LINE#         550
  C:1135H         LINE#         551
  C:1135H         LINE#         553
  C:113CH         LINE#         555
  C:1144H         LINE#         556
BL51 BANKED LINKER/LOCATER V6.22.2.0                                                  06/02/2020  16:57:12  PAGE 22


  C:1144H         LINE#         557
  C:1144H         LINE#         558
  C:1147H         LINE#         559
  C:1147H         LINE#         560
  C:1149H         LINE#         561
  C:1149H         LINE#         562
  C:114CH         LINE#         563
  C:114FH         LINE#         564
  C:1151H         LINE#         565
  C:1151H         LINE#         566
  C:1151H         LINE#         567
  C:1154H         LINE#         568
  C:1157H         LINE#         569
  C:1157H         LINE#         570
  C:1157H         LINE#         572
  -------         ENDPROC       _HAL_NRF_SET_DATARATE
  -------         PROC          HAL_NRF_RX_FIFO_EMPTY
  C:156DH         LINE#         575
  C:156DH         LINE#         576
  C:156DH         LINE#         577
  C:1576H         LINE#         578
  -------         ENDPROC       HAL_NRF_RX_FIFO_EMPTY
  -------         PROC          HAL_NRF_RX_FIFO_FULL
  C:005EH         LINE#         580
  C:005EH         LINE#         581
  C:005EH         LINE#         582
  C:0069H         LINE#         583
  -------         ENDPROC       HAL_NRF_RX_FIFO_FULL
  -------         PROC          HAL_NRF_TX_FIFO_EMPTY
  C:150DH         LINE#         585
  C:150DH         LINE#         586
  C:150DH         LINE#         587
  C:1517H         LINE#         588
  -------         ENDPROC       HAL_NRF_TX_FIFO_EMPTY
  -------         PROC          HAL_NRF_TX_FIFO_FULL
  C:14DDH         LINE#         590
  C:14DDH         LINE#         591
  C:14DDH         LINE#         592
  C:14E8H         LINE#         593
  -------         ENDPROC       HAL_NRF_TX_FIFO_FULL
  -------         PROC          HAL_NRF_GET_TX_FIFO_STATUS
  C:13BFH         LINE#         595
  C:13BFH         LINE#         596
  C:13BFH         LINE#         597
  C:13D4H         LINE#         598
  -------         ENDPROC       HAL_NRF_GET_TX_FIFO_STATUS
  -------         PROC          HAL_NRF_GET_RX_FIFO_STATUS
  C:1577H         LINE#         600
  C:1577H         LINE#         601
  C:1577H         LINE#         602
  C:1580H         LINE#         603
  -------         ENDPROC       HAL_NRF_GET_RX_FIFO_STATUS
  -------         PROC          HAL_NRF_GET_FIFO_STATUS
  C:1613H         LINE#         605
  C:1613H         LINE#         606
  C:1613H         LINE#         607
  -------         ENDPROC       HAL_NRF_GET_FIFO_STATUS
BL51 BANKED LINKER/LOCATER V6.22.2.0                                                  06/02/2020  16:57:12  PAGE 23


  -------         PROC          HAL_NRF_GET_TRANSMIT_ATTEMPTS
  C:1581H         LINE#         610
  C:1581H         LINE#         611
  C:1581H         LINE#         612
  C:158AH         LINE#         613
  -------         ENDPROC       HAL_NRF_GET_TRANSMIT_ATTEMPTS
  -------         PROC          HAL_NRF_GET_CARRIER_DETECT
  C:158BH         LINE#         615
  C:158BH         LINE#         616
  C:158BH         LINE#         617
  C:1594H         LINE#         618
  -------         ENDPROC       HAL_NRF_GET_CARRIER_DETECT
  -------         PROC          HAL_NRF_ACTIVATE_FEATURES
  C:006AH         LINE#         620
  C:006AH         LINE#         621
  -------         ENDPROC       HAL_NRF_ACTIVATE_FEATURES
  -------         PROC          _HAL_NRF_SETUP_DYNAMIC_PAYLOAD
  D:0007H         SYMBOL        setup
  -------         DO            
  D:005FH         SYMBOL        dynpd
  -------         ENDDO         
  C:14E9H         LINE#         623
  C:14E9H         LINE#         624
  C:14E9H         LINE#         626
  C:14EEH         LINE#         628
  -------         ENDPROC       _HAL_NRF_SETUP_DYNAMIC_PAYLOAD
  -------         PROC          _HAL_NRF_ENABLE_DYNAMIC_PAYLOAD
  D:0055H         SYMBOL        enable
  -------         DO            
  D:0056H         SYMBOL        feature
  -------         ENDDO         
  C:11B2H         LINE#         631
  C:11B4H         LINE#         632
  C:11B4H         LINE#         634
  C:11BBH         LINE#         635
  C:11D4H         LINE#         637
  -------         ENDPROC       _HAL_NRF_ENABLE_DYNAMIC_PAYLOAD
  -------         PROC          _HAL_NRF_ENABLE_ACK_PAYLOAD
  D:001BH         SYMBOL        enable
  -------         DO            
  D:001CH         SYMBOL        feature
  -------         ENDDO         
  C:1203H         LINE#         640
  C:1205H         LINE#         641
  C:1205H         LINE#         643
  C:120CH         LINE#         644
  C:1223H         LINE#         646
  -------         ENDPROC       _HAL_NRF_ENABLE_ACK_PAYLOAD
  -------         PROC          _HAL_NRF_ENABLE_DYNAMIC_ACK
  D:0057H         SYMBOL        enable
  -------         DO            
  D:0058H         SYMBOL        feature
  -------         ENDDO         
  C:122AH         LINE#         649
  C:122CH         LINE#         650
  C:122CH         LINE#         652
  C:1233H         LINE#         653
BL51 BANKED LINKER/LOCATER V6.22.2.0                                                  06/02/2020  16:57:12  PAGE 24


  C:1248H         LINE#         655
  -------         ENDPROC       _HAL_NRF_ENABLE_DYNAMIC_ACK
  -------         PROC          _HAL_NRF_WRITE_TX_PAYLOAD
  D:0001H         SYMBOL        tx_pload
  D:0005H         SYMBOL        length
  C:15DFH         LINE#         658
  C:15DFH         LINE#         659
  C:15DFH         LINE#         660
  -------         ENDPROC       _HAL_NRF_WRITE_TX_PAYLOAD
  -------         PROC          _HAL_NRF_WRITE_TX_PAYLOAD_NOACK
  D:0001H         SYMBOL        tx_pload
  D:0005H         SYMBOL        length
  C:15E6H         LINE#         663
  C:15E6H         LINE#         664
  C:15E6H         LINE#         665
  -------         ENDPROC       _HAL_NRF_WRITE_TX_PAYLOAD_NOACK
  -------         PROC          _HAL_NRF_WRITE_ACK_PAYLOAD
  D:0007H         SYMBOL        pipe
  D:0001H         SYMBOL        tx_pload
  D:0049H         SYMBOL        length
  C:1595H         LINE#         668
  C:1595H         LINE#         669
  C:1595H         LINE#         670
  -------         ENDPROC       _HAL_NRF_WRITE_ACK_PAYLOAD
  -------         PROC          HAL_NRF_READ_RX_PAYLOAD_WIDTH
  C:1618H         LINE#         673
  C:1618H         LINE#         674
  C:1618H         LINE#         675
  -------         ENDPROC       HAL_NRF_READ_RX_PAYLOAD_WIDTH
  -------         PROC          _HAL_NRF_READ_RX_PAYLOAD
  D:0001H         SYMBOL        rx_pload
  C:161DH         LINE#         678
  C:161DH         LINE#         679
  C:161DH         LINE#         680
  -------         ENDPROC       _HAL_NRF_READ_RX_PAYLOAD
  -------         PROC          HAL_NRF_GET_RX_DATA_SOURCE
  C:14C1H         LINE#         683
  C:14C1H         LINE#         684
  C:14C1H         LINE#         685
  C:14CEH         LINE#         686
  -------         ENDPROC       HAL_NRF_GET_RX_DATA_SOURCE
  -------         PROC          HAL_NRF_REUSE_TX
  C:159FH         LINE#         688
  C:159FH         LINE#         689
  C:159FH         LINE#         690
  C:15A1H         LINE#         691
  C:15A6H         LINE#         692
  C:15A8H         LINE#         693
  -------         ENDPROC       HAL_NRF_REUSE_TX
  -------         PROC          HAL_NRF_GET_REUSE_TX_STATUS
  C:143AH         LINE#         695
  C:143AH         LINE#         696
  C:143AH         LINE#         697
  C:144CH         LINE#         698
  -------         ENDPROC       HAL_NRF_GET_REUSE_TX_STATUS
  -------         PROC          HAL_NRF_FLUSH_RX
  C:15A9H         LINE#         700
BL51 BANKED LINKER/LOCATER V6.22.2.0                                                  06/02/2020  16:57:12  PAGE 25


  C:15A9H         LINE#         701
  C:15A9H         LINE#         702
  C:15ABH         LINE#         703
  C:15B0H         LINE#         704
  C:15B2H         LINE#         705
  -------         ENDPROC       HAL_NRF_FLUSH_RX
  -------         PROC          HAL_NRF_FLUSH_TX
  C:15B3H         LINE#         707
  C:15B3H         LINE#         708
  C:15B3H         LINE#         709
  C:15B5H         LINE#         710
  C:15BAH         LINE#         711
  C:15BCH         LINE#         712
  -------         ENDPROC       HAL_NRF_FLUSH_TX
  -------         PROC          HAL_NRF_NOP
  -------         DO            
  D:0007H         SYMBOL        retval
  -------         ENDDO         
  C:15BDH         LINE#         714
  C:15BDH         LINE#         715
  C:15BDH         LINE#         718
  C:15BFH         LINE#         719
  C:15C4H         LINE#         720
  C:15C6H         LINE#         722
  C:15C6H         LINE#         723
  -------         ENDPROC       HAL_NRF_NOP
  -------         PROC          _HAL_NRF_SET_PLL_MODE
  D:0059H         SYMBOL        pll_lock
  -------         DO            
  D:005AH         SYMBOL        rf_setup
  -------         ENDDO         
  C:11DBH         LINE#         725
  C:11DDH         LINE#         726
  C:11DDH         LINE#         728
  C:11E4H         LINE#         729
  C:11FCH         LINE#         731
  -------         ENDPROC       _HAL_NRF_SET_PLL_MODE
  -------         PROC          _HAL_NRF_ENABLE_CONTINIOUS_WAVE
  D:005BH         SYMBOL        enable
  -------         DO            
  D:005CH         SYMBOL        rf_setup
  -------         ENDDO         
  C:115EH         LINE#         734
  C:1160H         LINE#         735
  C:1160H         LINE#         737
  C:1167H         LINE#         738
  C:1182H         LINE#         740
  -------         ENDPROC       _HAL_NRF_ENABLE_CONTINIOUS_WAVE
  -------         PROC          _HAL_NRF_READ_REG
  D:0007H         SYMBOL        reg
  -------         DO            
  D:0007H         SYMBOL        temp
  -------         ENDDO         
  C:1345H         LINE#         743
  C:1345H         LINE#         744
  C:1345H         LINE#         747
  C:1347H         LINE#         749
BL51 BANKED LINKER/LOCATER V6.22.2.0                                                  06/02/2020  16:57:12  PAGE 26


  C:1349H         LINE#         750
  C:134FH         LINE#         751
  C:1351H         LINE#         753
  C:1354H         LINE#         754
  C:135AH         LINE#         755
  C:135CH         LINE#         757
  C:135EH         LINE#         759
  C:135EH         LINE#         760
  -------         ENDPROC       _HAL_NRF_READ_REG
  -------         PROC          _HAL_NRF_WRITE_REG
  D:0007H         SYMBOL        reg
  D:0005H         SYMBOL        value
  -------         DO            
  D:0007H         SYMBOL        retval
  D:0060H         SYMBOL        dummy
  -------         ENDDO         
  C:130CH         LINE#         762
  C:130CH         LINE#         763
  C:130CH         LINE#         770
  C:130EH         LINE#         772
  C:1313H         LINE#         773
  C:1319H         LINE#         774
  C:131BH         LINE#         776
  C:131DH         LINE#         777
  C:1323H         LINE#         778
  C:1326H         LINE#         780
  C:1328H         LINE#         782
  C:1328H         LINE#         783
  -------         ENDPROC       _HAL_NRF_WRITE_REG
  -------         PROC          _HAL_NRF_READ_MULTIBYTE_REG
  D:0008H         SYMBOL        reg
  D:0009H         SYMBOL        pbuf
  -------         DO            
  D:000CH         SYMBOL        ctr
  D:000DH         SYMBOL        length
  D:000EH         SYMBOL        memtype
  D:000FH         SYMBOL        read_byte
  D:0010H         SYMBOL        first_round
  -------         DO            
  D:0011H         SYMBOL        buf
  D:0011H         SYMBOL        buf
  D:0011H         SYMBOL        buf
  D:0011H         SYMBOL        buf
  -------         ENDDO         
  -------         DO            
  D:0011H         SYMBOL        buf
  D:0011H         SYMBOL        buf
  D:0011H         SYMBOL        buf
  -------         ENDDO         
  -------         DO            
  D:0011H         SYMBOL        buf
  D:0011H         SYMBOL        buf
  -------         ENDDO         
  -------         DO            
  D:0011H         SYMBOL        buf
  -------         ENDDO         
  -------         ENDDO         
BL51 BANKED LINKER/LOCATER V6.22.2.0                                                  06/02/2020  16:57:12  PAGE 27


  C:037DH         LINE#         804
  C:0385H         LINE#         805
  C:0385H         LINE#         810
  C:0388H         LINE#         812
  C:038BH         LINE#         814
  C:039CH         LINE#         815
  C:039CH         LINE#         816
  C:039CH         LINE#         817
  C:039CH         LINE#         818
  C:039CH         LINE#         819
  C:03A3H         LINE#         820
  C:03A5H         LINE#         821
  C:03AAH         LINE#         822
  C:03ACH         LINE#         824
  C:03ACH         LINE#         825
  C:03B1H         LINE#         826
  C:03BAH         LINE#         827
  C:03BAH         LINE#         828
  C:03C1H         LINE#         829
  C:03C3H         LINE#         830
  C:03C8H         LINE#         831
  C:03CAH         LINE#         838
  C:03CAH         LINE#         839
  C:03CFH         LINE#         840
  C:03CFH         LINE#         841
  C:03CFH         LINE#         843
  C:03D6H         LINE#         844
  C:03D6H         LINE#         845
  C:03D9H         LINE#         846
  C:03FBH         LINE#         847
  C:03FEH         LINE#         848
  C:0404H         LINE#         849
  C:0404H         LINE#         850
  C:040AH         LINE#         851
  C:043CH         LINE#         852
  C:043EH         LINE#         853
  C:0444H         LINE#         854
  C:0444H         LINE#         855
  C:0447H         LINE#         856
  C:046BH         LINE#         857
  C:046DH         LINE#         859
  C:046DH         LINE#         860
  C:0476H         LINE#         861
  C:04AFH         LINE#         862
  C:04AFH         LINE#         864
  C:04B1H         LINE#         866
  C:04B7H         LINE#         867
  -------         ENDPROC       _HAL_NRF_READ_MULTIBYTE_REG
  -------         PROC          _HAL_NRF_WRITE_MULTIBYTE_REG
  D:0007H         SYMBOL        reg
  D:0023H         SYMBOL        pbuf
  D:0026H         SYMBOL        length
  -------         DO            
  D:0005H         SYMBOL        memtype
  D:0006H         SYMBOL        next
  D:0027H         SYMBOL        dummy
  -------         DO            
BL51 BANKED LINKER/LOCATER V6.22.2.0                                                  06/02/2020  16:57:12  PAGE 28


  D:0028H         SYMBOL        buf
  D:0028H         SYMBOL        buf
  D:0028H         SYMBOL        buf
  D:0028H         SYMBOL        buf
  -------         ENDDO         
  -------         DO            
  D:0028H         SYMBOL        buf
  D:0028H         SYMBOL        buf
  D:0028H         SYMBOL        buf
  -------         ENDDO         
  -------         DO            
  D:0028H         SYMBOL        buf
  D:0028H         SYMBOL        buf
  -------         ENDDO         
  -------         DO            
  D:0028H         SYMBOL        buf
  -------         ENDDO         
  -------         ENDDO         
  C:0A41H         LINE#         878
  C:0A47H         LINE#         882
  C:0A47H         LINE#         887
  C:0A49H         LINE#         889
  C:0A4BH         LINE#         890
  C:0A4DH         LINE#         892
  C:0A50H         LINE#         893
  C:0A50H         LINE#         894
  C:0A53H         LINE#         895
  C:0A67H         LINE#         896
  C:0A69H         LINE#         897
  C:0A6EH         LINE#         898
  C:0A6EH         LINE#         899
  C:0A74H         LINE#         900
  C:0A92H         LINE#         901
  C:0A94H         LINE#         902
  C:0A99H         LINE#         903
  C:0A99H         LINE#         904
  C:0A9CH         LINE#         905
  C:0AB0H         LINE#         906
  C:0AB2H         LINE#         908
  C:0AB2H         LINE#         909
  C:0ABBH         LINE#         910
  C:0ADEH         LINE#         911
  C:0ADEH         LINE#         913
  C:0AE4H         LINE#         914
  C:0AE7H         LINE#         915
  C:0AE9H         LINE#         916
  -------         ENDPROC       _HAL_NRF_WRITE_MULTIBYTE_REG
  -------         ENDMOD        HAL_NRF

  -------         MODULE        HAL_CLK
  C:0000H         SYMBOL        _ICE_DUMMY_
  D:0080H         PUBLIC        P0
  D:0090H         PUBLIC        P1
  D:00A0H         PUBLIC        P2
  D:00B0H         PUBLIC        P3
  D:00A8H         PUBLIC        IEN0
  D:00B8H         PUBLIC        IEN1
BL51 BANKED LINKER/LOCATER V6.22.2.0                                                  06/02/2020  16:57:12  PAGE 29


  C:14F5H         PUBLIC        _hal_clk_set_freq
  D:00A3H         PUBLIC        CLKCTRL
  C:1482H         PUBLIC        _hal_clk_set_input
  C:1602H         PUBLIC        hal_clklf_phase
  C:1608H         PUBLIC        hal_clklf_ready
  C:1518H         PUBLIC        hal_clk_get_16m_source
  D:00ADH         PUBLIC        CLKLFCTRL
  C:14B2H         PUBLIC        _hal_clk_set_16m_source
  D:0088H         PUBLIC        TCON
  C:1501H         PUBLIC        _hal_clklf_set_source
  D:0098H         PUBLIC        S0CON
  D:00D8H         PUBLIC        ADCON
  D:00C8H         PUBLIC        T2CON
  D:00F8H         PUBLIC        FSR
  C:1493H         PUBLIC        _hal_clk_regret_xosc16m_on
  D:00E8H         PUBLIC        RFCON
  D:00D0H         PUBLIC        PSW
  D:00C0H         PUBLIC        IRCON
  -------         PROC          _HAL_CLK_REGRET_XOSC16M_ON
  D:0007H         SYMBOL        on
  C:1493H         LINE#         22
  C:1493H         LINE#         23
  C:1493H         LINE#         24
  C:1496H         LINE#         25
  C:1496H         LINE#         26
  C:149EH         LINE#         27
  C:149FH         LINE#         29
  C:149FH         LINE#         30
  C:14A2H         LINE#         31
  C:14A2H         LINE#         32
  -------         ENDPROC       _HAL_CLK_REGRET_XOSC16M_ON
  -------         PROC          _HAL_CLK_SET_INPUT
  D:0007H         SYMBOL        input
  C:1482H         LINE#         34
  C:1482H         LINE#         35
  C:1482H         LINE#         36
  C:1492H         LINE#         37
  -------         ENDPROC       _HAL_CLK_SET_INPUT
  -------         PROC          _HAL_CLK_SET_16M_SOURCE
  D:0007H         SYMBOL        source
  C:14B2H         LINE#         39
  C:14B2H         LINE#         40
  C:14B2H         LINE#         41
  C:14C0H         LINE#         42
  -------         ENDPROC       _HAL_CLK_SET_16M_SOURCE
  -------         PROC          HAL_CLK_GET_16M_SOURCE
  -------         DO            
  D:0007H         SYMBOL        clock_source
  -------         ENDDO         
  C:1518H         LINE#         44
  C:1518H         LINE#         45
  C:1518H         LINE#         47
  C:151DH         LINE#         48
  C:151DH         LINE#         49
  C:151FH         LINE#         50
  C:1520H         LINE#         52
  C:1520H         LINE#         53
BL51 BANKED LINKER/LOCATER V6.22.2.0                                                  06/02/2020  16:57:12  PAGE 30


  C:1522H         LINE#         54
  C:1522H         LINE#         56
  C:1522H         LINE#         57
  -------         ENDPROC       HAL_CLK_GET_16M_SOURCE
  -------         PROC          _HAL_CLK_SET_FREQ
  D:0007H         SYMBOL        freq
  C:14F5H         LINE#         59
  C:14F5H         LINE#         60
  C:14F5H         LINE#         61
  C:1500H         LINE#         62
  -------         ENDPROC       _HAL_CLK_SET_FREQ
  -------         PROC          HAL_CLKLF_PHASE
  C:1602H         LINE#         64
  C:1602H         LINE#         65
  C:1602H         LINE#         66
  C:1607H         LINE#         67
  -------         ENDPROC       HAL_CLKLF_PHASE
  -------         PROC          HAL_CLKLF_READY
  C:1608H         LINE#         69
  C:1608H         LINE#         70
  C:1608H         LINE#         71
  C:160DH         LINE#         72
  -------         ENDPROC       HAL_CLKLF_READY
  -------         PROC          _HAL_CLKLF_SET_SOURCE
  D:0007H         SYMBOL        source
  C:1501H         LINE#         74
  C:1501H         LINE#         75
  C:1501H         LINE#         76
  C:150CH         LINE#         77
  -------         ENDPROC       _HAL_CLKLF_SET_SOURCE
  -------         ENDMOD        HAL_CLK

  -------         MODULE        HAL_DELAY
  C:0000H         SYMBOL        _ICE_DUMMY_
  C:13EAH         PUBLIC        _delay_ms
  C:136AH         PUBLIC        _delay_us
  -------         PROC          L?0011
  -------         ENDPROC       L?0011
  -------         PROC          _DELAY_US
  D:0006H         SYMBOL        us
  C:136AH         LINE#         37
  C:136AH         LINE#         38
  C:136AH         LINE#         40
  C:136AH         LINE#         41
  C:136BH         LINE#         42
  C:136CH         LINE#         43
  C:136DH         LINE#         44
  C:136EH         LINE#         45
  C:136FH         LINE#         46
  C:1378H         LINE#         47
  -------         ENDPROC       _DELAY_US
  -------         PROC          _DELAY_MS
  D:0004H         SYMBOL        ms
  C:13EAH         LINE#         49
  C:13EEH         LINE#         50
  C:13EEH         LINE#         52
  C:13EEH         LINE#         53
BL51 BANKED LINKER/LOCATER V6.22.2.0                                                  06/02/2020  16:57:12  PAGE 31


  C:13EEH         LINE#         54
  C:13F1H         LINE#         55
  C:13F1H         LINE#         56
  C:13F4H         LINE#         57
  C:13FDH         LINE#         58
  -------         ENDPROC       _DELAY_MS
  -------         ENDMOD        HAL_DELAY

  -------         MODULE        HAL_AES
  C:0000H         SYMBOL        _ICE_DUMMY_
  D:0080H         PUBLIC        P0
  D:00DFH         PUBLIC        CCPDATO
  D:0090H         PUBLIC        P1
  D:00A0H         PUBLIC        P2
  D:00B0H         PUBLIC        P3
  D:00A8H         PUBLIC        IEN0
  D:00B8H         PUBLIC        IEN1
  C:1036H         SYMBOL        _aes_set_key
  C:08D9H         SYMBOL        _key_upgrade
  C:05D8H         SYMBOL        s_box
  X:0035H         SYMBOL        cipher_key
  C:06D8H         SYMBOL        rcon
  D:0088H         PUBLIC        TCON
  D:00DDH         PUBLIC        CCPDATIA
  D:00DEH         PUBLIC        CCPDATIB
  C:07EBH         SYMBOL        _add_key
  C:04B8H         SYMBOL        _add_sub_shift
  D:0098H         PUBLIC        S0CON
  D:00D8H         PUBLIC        ADCON
  C:15EDH         PUBLIC        _hal_aes_setup
  D:00C8H         PUBLIC        T2CON
  C:0AEAH         PUBLIC        _hal_aes_crypt
  D:00F8H         PUBLIC        FSR
  X:0000H         SYMBOL        aes_round_key
  C:01F6H         SYMBOL        _mix_columns_hw
  D:00E8H         PUBLIC        RFCON
  D:00D0H         PUBLIC        PSW
  D:00C0H         PUBLIC        IRCON
  -------         PROC          _HAL_AES_SETUP
  D:001EH         SYMBOL        decrypt
  D:001FH         SYMBOL        mode
  D:0001H         SYMBOL        keyin
  D:0023H         SYMBOL        ivin
  C:15EDH         LINE#         64
  C:15F1H         LINE#         65
  C:15F1H         LINE#         66
  -------         ENDPROC       _HAL_AES_SETUP
  -------         PROC          _HAL_AES_CRYPT
  D:001BH         SYMBOL        dest_buf
  D:001EH         SYMBOL        src_buf
  -------         DO            
  D:0021H         SYMBOL        aes_state
  D:0031H         SYMBOL        a
  -------         ENDDO         
  C:0AEAH         LINE#         81
  C:0AF0H         LINE#         82
  C:0AF0H         LINE#         88
BL51 BANKED LINKER/LOCATER V6.22.2.0                                                  06/02/2020  16:57:12  PAGE 32


  C:0AFEH         LINE#         89
  C:0AFEH         LINE#         90
  C:0B15H         LINE#         91
  C:0B19H         LINE#         94
  C:0B1CH         LINE#         95
  C:0B2AH         LINE#         96
  C:0B2AH         LINE#         97
  C:0B2FH         LINE#         98
  C:0B34H         LINE#         99
  C:0B39H         LINE#         100
  C:0B3DH         LINE#         103
  C:0B42H         LINE#         104
  C:0B47H         LINE#         105
  C:0B4CH         LINE#         108
  C:0B5AH         LINE#         109
  C:0B5AH         LINE#         110
  C:0B6EH         LINE#         111
  C:0B83H         LINE#         112
  C:0B87H         LINE#         113
  -------         ENDPROC       _HAL_AES_CRYPT
  -------         PROC          _AES_SET_KEY
  D:0026H         SYMBOL        key_bytes
  -------         DO            
  D:0007H         SYMBOL        k
  -------         ENDDO         
  C:1036H         LINE#         115
  C:103CH         LINE#         116
  C:103CH         LINE#         118
  C:1048H         LINE#         119
  C:1048H         LINE#         120
  C:1069H         LINE#         121
  C:106CH         LINE#         122
  -------         ENDPROC       _AES_SET_KEY
  -------         PROC          _ADD_KEY
  D:0007H         SYMBOL        aes_state
  C:07EBH         LINE#         124
  C:07EBH         LINE#         125
  C:07EBH         LINE#         126
  C:07F8H         LINE#         127
  C:0806H         LINE#         128
  C:0815H         LINE#         129
  C:0824H         LINE#         130
  C:0833H         LINE#         131
  C:0842H         LINE#         132
  C:0851H         LINE#         133
  C:0860H         LINE#         134
  C:086FH         LINE#         135
[...]
  C:058EH         LINE#         189
  C:059BH         LINE#         190
  C:05ADH         LINE#         191
  C:05BFH         LINE#         192
  C:05D1H         LINE#         193
  C:05D7H         LINE#         194
  -------         ENDPROC       _ADD_SUB_SHIFT
  -------         PROC          _MIX_COLUMNS_HW
  D:0007H         SYMBOL        aes_state
  -------         DO            
  D:0003H         SYMBOL        col
  D:0005H         SYMBOL        r
  D:0006H         SYMBOL        tmp
  -------         ENDDO         
  C:01F6H         LINE#         196
BL51 BANKED LINKER/LOCATER V6.22.2.0                                                  06/02/2020  16:57:12  PAGE 34


  C:01F6H         LINE#         197
  C:01F6H         LINE#         211
  C:0210H         LINE#         213
  C:0212H         LINE#         215
  C:0216H         LINE#         216
  C:0218H         LINE#         218
  C:021EH         LINE#         221
  C:022CH         LINE#         222
  C:022EH         LINE#         224
  C:0232H         LINE#         227
  C:0241H         LINE#         228
  C:0243H         LINE#         230
  C:0247H         LINE#         233
  C:0250H         LINE#         234
  C:0252H         LINE#         236
  C:0256H         LINE#         240
  C:0273H         LINE#         241
  C:0275H         LINE#         243
  C:0279H         LINE#         244
  C:027BH         LINE#         245
  C:027FH         LINE#         247
  C:028EH         LINE#         248
  C:0290H         LINE#         249
  C:0294H         LINE#         251
  C:02A3H         LINE#         252
  C:02A5H         LINE#         253
  C:02A9H         LINE#         255
  C:02B2H         LINE#         256
  C:02B4H         LINE#         257
  C:02B8H         LINE#         260
  C:02D5H         LINE#         261
  C:02D7H         LINE#         263
  C:02DBH         LINE#         264
  C:02DDH         LINE#         265
  C:02E1H         LINE#         267
  C:02F0H         LINE#         268
  C:02F2H         LINE#         269
  C:02F6H         LINE#         271
  C:0305H         LINE#         272
  C:0307H         LINE#         273
  C:030BH         LINE#         275
  C:0314H         LINE#         276
  C:0316H         LINE#         277
  C:031AH         LINE#         280
  C:0336H         LINE#         281
  C:0338H         LINE#         283
  C:033BH         LINE#         284
  C:033DH         LINE#         285
  C:0343H         LINE#         287
  C:0352H         LINE#         288
  C:0354H         LINE#         289
  C:0358H         LINE#         291
  C:0367H         LINE#         292
  C:0369H         LINE#         293
  C:036DH         LINE#         295
  C:0376H         LINE#         296
  C:0378H         LINE#         297
BL51 BANKED LINKER/LOCATER V6.22.2.0                                                  06/02/2020  16:57:12  PAGE 35


  C:037CH         LINE#         298
  -------         ENDPROC       _MIX_COLUMNS_HW
  -------         ENDMOD        HAL_AES

  -------         MODULE        HAL_FLASH
  C:0000H         SYMBOL        _ICE_DUMMY_
  D:0080H         PUBLIC        P0
  D:0090H         PUBLIC        P1
  D:00A0H         PUBLIC        P2
  D:00B0H         PUBLIC        P3
  B:00A8H.7       PUBLIC        EA
  D:00A8H         PUBLIC        IEN0
  D:00B8H         PUBLIC        IEN1
  C:13FEH         PUBLIC        _hal_flash_page_erase
  C:124FH         PUBLIC        _hal_flash_bytes_read
  D:0088H         PUBLIC        TCON
  C:15F4H         PUBLIC        _hal_flash_byte_read
  B:00F8H.4       PUBLIC        RDYN
  C:0E45H         PUBLIC        _hal_flash_bytes_write
  C:1329H         PUBLIC        _hal_flash_byte_write
  D:00FAH         PUBLIC        FCR
  D:0098H         PUBLIC        S0CON
  D:00D8H         PUBLIC        ADCON
  D:00C8H         PUBLIC        T2CON
  B:00F8H.5       PUBLIC        WEN
  D:00F8H         PUBLIC        FSR
  B:00D0H.5       PUBLIC        F0
  D:00E8H         PUBLIC        RFCON
  D:00D0H         PUBLIC        PSW
  D:00C0H         PUBLIC        IRCON
  -------         PROC          _HAL_FLASH_PAGE_ERASE
  D:0007H         SYMBOL        pn
  C:13FEH         LINE#         21
  C:13FEH         LINE#         22
  C:13FEH         LINE#         24
  C:1402H         LINE#         25
  C:1404H         LINE#         28
  C:1406H         LINE#         33
  C:1408H         LINE#         36
  C:140BH         LINE#         39
  C:140DH         LINE#         41
  C:1411H         LINE#         42
  -------         ENDPROC       _HAL_FLASH_PAGE_ERASE
  -------         PROC          _HAL_FLASH_BYTE_WRITE
  D:0006H         SYMBOL        a
  D:0005H         SYMBOL        b
  -------         DO            
  D:004EH         SYMBOL        pb
  -------         ENDDO         
  C:1329H         LINE#         44
  C:1329H         LINE#         45
  C:1329H         LINE#         49
  C:132DH         LINE#         50
  C:132FH         LINE#         53
  C:1331H         LINE#         58
  C:1335H         LINE#         59
  C:133BH         LINE#         62
BL51 BANKED LINKER/LOCATER V6.22.2.0                                                  06/02/2020  16:57:12  PAGE 36


  C:133EH         LINE#         65
  C:1340H         LINE#         67
  C:1344H         LINE#         68
  -------         ENDPROC       _HAL_FLASH_BYTE_WRITE
  -------         PROC          _HAL_FLASH_BYTES_WRITE
  D:0006H         SYMBOL        a
  D:0020H         SYMBOL        p
  D:0023H         SYMBOL        n
  -------         DO            
  D:0050H         SYMBOL        pb
  -------         ENDDO         
  C:0E45H         LINE#         70
  C:0E4BH         LINE#         71
  C:0E4BH         LINE#         75
  C:0E4FH         LINE#         76
  C:0E51H         LINE#         79
  C:0E53H         LINE#         84
  C:0E57H         LINE#         85
  C:0E64H         LINE#         86
  C:0E64H         LINE#         87
  C:0E87H         LINE#         91
  C:0E8CH         LINE#         93
  C:0E8CH         LINE#         95
  C:0E8EH         LINE#         97
  C:0E92H         LINE#         98
  -------         ENDPROC       _HAL_FLASH_BYTES_WRITE
  -------         PROC          _HAL_FLASH_BYTE_READ
  D:0006H         SYMBOL        a
  -------         DO            
  D:0082H         SYMBOL        pb
  -------         ENDDO         
  C:15F4H         LINE#         100
  C:15F4H         LINE#         101
  C:15F4H         LINE#         102
  C:15F8H         LINE#         103
  C:15FAH         LINE#         104
  -------         ENDPROC       _HAL_FLASH_BYTE_READ
  -------         PROC          _HAL_FLASH_BYTES_READ
  D:0006H         SYMBOL        a
  D:0001H         SYMBOL        p
  D:0020H         SYMBOL        n
  -------         DO            
  D:0006H         SYMBOL        pb
  -------         ENDDO         
  C:124FH         LINE#         106
  C:124FH         LINE#         107
  C:124FH         LINE#         108
  C:124FH         LINE#         109
  C:125CH         LINE#         110
  C:125CH         LINE#         111
  C:1264H         LINE#         112
  C:1269H         LINE#         113
  C:1270H         LINE#         114
  C:1272H         LINE#         115
  -------         ENDPROC       _HAL_FLASH_BYTES_READ
  -------         ENDMOD        HAL_FLASH

BL51 BANKED LINKER/LOCATER V6.22.2.0                                                  06/02/2020  16:57:12  PAGE 37


  -------         MODULE        HAL_WDOG
  C:0000H         SYMBOL        _ICE_DUMMY_
  D:0080H         PUBLIC        P0
  D:0090H         PUBLIC        P1
  D:00A0H         PUBLIC        P2
  D:00B0H         PUBLIC        P3
  D:00A8H         PUBLIC        IEN0
  D:00B8H         PUBLIC        IEN1
  C:15C7H         PUBLIC        hal_wdog_restart
  D:0088H         PUBLIC        TCON
  D:00AFH         PUBLIC        WDSV
  C:15FBH         PUBLIC        _hal_wdog_init
  D:0098H         PUBLIC        S0CON
  D:00D8H         PUBLIC        ADCON
  D:00C8H         PUBLIC        T2CON
  D:00F8H         PUBLIC        FSR
  D:00E8H         PUBLIC        RFCON
  D:00D0H         PUBLIC        PSW
  D:00C0H         PUBLIC        IRCON
  -------         PROC          _HAL_WDOG_INIT
  D:0006H         SYMBOL        start_value
  C:15FBH         LINE#         25
  C:15FBH         LINE#         26
  C:15FBH         LINE#         28
  C:15FEH         LINE#         29
  C:1601H         LINE#         36
  -------         ENDPROC       _HAL_WDOG_INIT
  -------         PROC          HAL_WDOG_RESTART
  -------         DO            
  D:0006H         SYMBOL        wd_msb
  D:0007H         SYMBOL        wd_lsb
  -------         ENDDO         
  C:15C7H         LINE#         38
  C:15C7H         LINE#         39
  C:15C7H         LINE#         43
  C:15C9H         LINE#         44
  C:15CBH         LINE#         45
  C:15CDH         LINE#         46
  C:15CFH         LINE#         55
  -------         ENDPROC       HAL_WDOG_RESTART
  -------         ENDMOD        HAL_WDOG

  -------         MODULE        HAL_RTC
  C:0000H         SYMBOL        _ICE_DUMMY_
  D:0080H         PUBLIC        P0
  D:0090H         PUBLIC        P1
  D:00A0H         PUBLIC        P2
  D:00B0H         PUBLIC        P3
  D:00A8H         PUBLIC        IEN0
  D:00B8H         PUBLIC        IEN1
  D:00B4H         PUBLIC        RTC2CMP0
  D:00B5H         PUBLIC        RTC2CMP1
  C:1626H         PUBLIC        hal_rtc_get_capture_clock_cycles
  D:0088H         PUBLIC        TCON
  C:1622H         PUBLIC        hal_rtc_capture
  C:1412H         PUBLIC        hal_rtc_get_compare_value
  C:144DH         PUBLIC        _hal_rtc_set_compare_value
BL51 BANKED LINKER/LOCATER V6.22.2.0                                                  06/02/2020  16:57:12  PAGE 38


  C:1426H         PUBLIC        hal_rtc_get_capture_value
  C:14CFH         PUBLIC        _hal_rtc_set_compare_mode
  D:0098H         PUBLIC        S0CON
  D:00B6H         PUBLIC        RTC2CPT00
  D:00D8H         PUBLIC        ADCON
  D:00ACH         PUBLIC        RTC2CPT10
  D:00ABH         PUBLIC        RTC2CPT01
  D:00C8H         PUBLIC        T2CON
  D:00F8H         PUBLIC        FSR
  C:152EH         PUBLIC        _hal_rtc_start
  C:1523H         PUBLIC        _hal_rtc_radio_capture_enable
  D:00E8H         PUBLIC        RFCON
  D:00D0H         PUBLIC        PSW
  D:00C0H         PUBLIC        IRCON
  D:00B3H         PUBLIC        RTC2CON
  -------         PROC          HAL_RTC_CAPTURE
  C:1622H         LINE#         22
  C:1622H         LINE#         23
  C:1622H         LINE#         24
  C:1625H         LINE#         25
  -------         ENDPROC       HAL_RTC_CAPTURE
  -------         PROC          _HAL_RTC_RADIO_CAPTURE_ENABLE
  D:0007H         SYMBOL        en
  C:1523H         LINE#         27
  C:1523H         LINE#         28
  C:1523H         LINE#         29
  C:1526H         LINE#         30
  C:1526H         LINE#         31
  C:1529H         LINE#         32
  C:152AH         LINE#         34
  C:152AH         LINE#         35
  C:152DH         LINE#         36
  C:152DH         LINE#         37
  -------         ENDPROC       _HAL_RTC_RADIO_CAPTURE_ENABLE
  -------         PROC          _HAL_RTC_SET_COMPARE_MODE
  D:0007H         SYMBOL        mode
  C:14CFH         LINE#         39
  C:14CFH         LINE#         40
  C:14CFH         LINE#         41
  C:14DCH         LINE#         42
  -------         ENDPROC       _HAL_RTC_SET_COMPARE_MODE
  -------         PROC          _HAL_RTC_START
  D:0007H         SYMBOL        en
  C:152EH         LINE#         44
  C:152EH         LINE#         45
  C:152EH         LINE#         46
  C:1531H         LINE#         47
  C:1531H         LINE#         48
  C:1534H         LINE#         49
  C:1535H         LINE#         51
  C:1535H         LINE#         52
  C:1538H         LINE#         53
  C:1538H         LINE#         54
  -------         ENDPROC       _HAL_RTC_START
  -------         PROC          _HAL_RTC_SET_COMPARE_VALUE
  D:0006H         SYMBOL        value
  -------         DO            
BL51 BANKED LINKER/LOCATER V6.22.2.0                                                  06/02/2020  16:57:12  PAGE 39


  D:0005H         SYMBOL        compare_status
  -------         ENDDO         
  C:144DH         LINE#         56
  C:144DH         LINE#         57
  C:144DH         LINE#         59
  C:1452H         LINE#         60
  C:1455H         LINE#         61
  C:1458H         LINE#         62
  C:145BH         LINE#         63
  C:145EH         LINE#         64
  -------         ENDPROC       _HAL_RTC_SET_COMPARE_VALUE
  -------         PROC          HAL_RTC_GET_COMPARE_VALUE
  -------         DO            
  D:0005H         SYMBOL        compare_status
  D:0006H         SYMBOL        value
  -------         ENDDO         
  C:1412H         LINE#         66
  C:1412H         LINE#         67
  C:1412H         LINE#         70
  C:1417H         LINE#         71
  C:141AH         LINE#         72
  C:141CH         LINE#         73
  C:141EH         LINE#         74
  C:1422H         LINE#         75
  C:1425H         LINE#         76
  C:1425H         LINE#         77
  -------         ENDPROC       HAL_RTC_GET_COMPARE_VALUE
  -------         PROC          HAL_RTC_GET_CAPTURE_VALUE
  -------         DO            
  D:0005H         SYMBOL        capture_status
  D:0006H         SYMBOL        value
  -------         ENDDO         
  C:1426H         LINE#         79
  C:1426H         LINE#         80
  C:1426H         LINE#         83
  C:142BH         LINE#         84
  C:142EH         LINE#         85
  C:1430H         LINE#         86
  C:1432H         LINE#         87
  C:1436H         LINE#         88
  C:1439H         LINE#         89
  C:1439H         LINE#         90
  -------         ENDPROC       HAL_RTC_GET_CAPTURE_VALUE
  -------         PROC          HAL_RTC_GET_CAPTURE_CLOCK_CYCLES
  C:1626H         LINE#         92
  C:1626H         LINE#         93
  C:1626H         LINE#         94
  C:1628H         LINE#         95
  -------         ENDPROC       HAL_RTC_GET_CAPTURE_CLOCK_CYCLES
  -------         ENDMOD        HAL_RTC

  -------         MODULE        HAL_RNG
  C:0000H         SYMBOL        _ICE_DUMMY_
  D:0080H         PUBLIC        P0
  D:0090H         PUBLIC        P1
  D:00A0H         PUBLIC        P2
  D:00B0H         PUBLIC        P3
BL51 BANKED LINKER/LOCATER V6.22.2.0                                                  06/02/2020  16:57:12  PAGE 40


  D:00A8H         PUBLIC        IEN0
  D:00B8H         PUBLIC        IEN1
  D:0088H         PUBLIC        TCON
  C:1539H         PUBLIC        _hal_rng_power_up
  D:00D7H         PUBLIC        RNGDAT
  C:1544H         PUBLIC        _hal_rng_bias_corr_enable
  D:00D6H         PUBLIC        RNGCTL
  C:145FH         PUBLIC        hal_rng_data_ready
  C:1629H         PUBLIC        hal_rng_read
  D:0098H         PUBLIC        S0CON
  D:00D8H         PUBLIC        ADCON
  D:00C8H         PUBLIC        T2CON
  D:00F8H         PUBLIC        FSR
  D:00E8H         PUBLIC        RFCON
  D:00D0H         PUBLIC        PSW
  D:00C0H         PUBLIC        IRCON
  -------         PROC          _HAL_RNG_POWER_UP
  D:0007H         SYMBOL        pwr_up
  C:1539H         LINE#         25
  C:1539H         LINE#         26
  C:1539H         LINE#         27
  C:153CH         LINE#         28
  C:153CH         LINE#         29
  C:153FH         LINE#         30
  C:1540H         LINE#         32
  C:1540H         LINE#         33
  C:1543H         LINE#         34
  C:1543H         LINE#         35
  -------         ENDPROC       _HAL_RNG_POWER_UP
  -------         PROC          _HAL_RNG_BIAS_CORR_ENABLE
  D:0007H         SYMBOL        en
  C:1544H         LINE#         37
  C:1544H         LINE#         38
  C:1544H         LINE#         39
  C:1547H         LINE#         40
  C:1547H         LINE#         41
  C:154AH         LINE#         42
  C:154BH         LINE#         44
  C:154BH         LINE#         45
  C:154EH         LINE#         46
  C:154EH         LINE#         47
  -------         ENDPROC       _HAL_RNG_BIAS_CORR_ENABLE
  -------         PROC          HAL_RNG_READ
  C:1629H         LINE#         49
  C:1629H         LINE#         50
  C:1629H         LINE#         51
  C:162BH         LINE#         52
  -------         ENDPROC       HAL_RNG_READ
  -------         PROC          HAL_RNG_DATA_READY
  C:145FH         LINE#         54
  C:145FH         LINE#         55
  C:145FH         LINE#         56
  C:1470H         LINE#         57
  -------         ENDPROC       HAL_RNG_DATA_READY
  -------         ENDMOD        HAL_RNG

  -------         MODULE        ?C?CLDPTR
BL51 BANKED LINKER/LOCATER V6.22.2.0                                                  06/02/2020  16:57:12  PAGE 41


  C:006EH         PUBLIC        ?C?CLDPTR
  -------         ENDMOD        ?C?CLDPTR

  -------         MODULE        ?C?CLDOPTR
  C:0087H         PUBLIC        ?C?CLDOPTR
  -------         ENDMOD        ?C?CLDOPTR

  -------         MODULE        ?C?CSTPTR
  C:00B4H         PUBLIC        ?C?CSTPTR
  -------         ENDMOD        ?C?CSTPTR

  -------         MODULE        ?C?CSTOPTR
  C:00C6H         PUBLIC        ?C?CSTOPTR
  -------         ENDMOD        ?C?CSTOPTR

  -------         MODULE        ?C?MEMSET
  C:00E8H         PUBLIC        ?C?MEMSET
  -------         ENDMOD        ?C?MEMSET

  -------         MODULE        ?C?COPYAMD
  C:01D0H         PUBLIC        ?C?COPYAMD
  -------         ENDMOD        ?C?COPYAMD



FUNCTION REGISTER MASKS


FUNCTION . . . . . . . . . . . . . . . REG MASK
-----------------------------------------------

CLOCK_AND_IRQ_INIT . . . . . . . . . . @0xe001
HAL_CLKLF_PHASE. . . . . . . . . . . . @0xe001
HAL_CLKLF_READY. . . . . . . . . . . . @0xe001
HAL_CLK_GET_16M_SOURCE . . . . . . . . @0xa001
HAL_NRF_ACTIVATE_FEATURES. . . . . . . @0x8000
HAL_NRF_FLUSH_RX . . . . . . . . . . . @0xe001
HAL_NRF_FLUSH_TX . . . . . . . . . . . @0xe001
HAL_NRF_NOP. . . . . . . . . . . . . . @0xe001
HAL_NRF_REUSE_TX . . . . . . . . . . . @0xe001
HAL_RNG_DATA_READY . . . . . . . . . . @0xf001
HAL_RNG_READ . . . . . . . . . . . . . @0x8001
HAL_RTC_CAPTURE. . . . . . . . . . . . @0xc000
HAL_RTC_GET_CAPTURE_CLOCK_CYCLES . . . @0x8001
HAL_RTC_GET_CAPTURE_VALUE. . . . . . . @0xe00f
HAL_RTC_GET_COMPARE_VALUE. . . . . . . @0xe00f
HAL_WDOG_RESTART . . . . . . . . . . . @0x8003
PIN_INIT . . . . . . . . . . . . . . . @0xf00d
RTC_INIT . . . . . . . . . . . . . . . @0xf007
SLEEP_MODE . . . . . . . . . . . . . . @0xe000
WAKEUP_IRQ . . . . . . . . . . . . . . @0x8000
WAKEUP_TICK. . . . . . . . . . . . . . @0x8000
_DELAY_MS. . . . . . . . . . . . . . . @0xe00f
_DELAY_US. . . . . . . . . . . . . . . @0xe003
_HAL_CLKLF_SET_SOURCE. . . . . . . . . @0xe001
_HAL_CLK_REGRET_XOSC16M_ON . . . . . . @0xe000
_HAL_CLK_SET_16M_SOURCE. . . . . . . . @0xe001
BL51 BANKED LINKER/LOCATER V6.22.2.0                                                  06/02/2020  16:57:12  PAGE 42


_HAL_CLK_SET_FREQ. . . . . . . . . . . @0xe001
_HAL_CLK_SET_INPUT . . . . . . . . . . @0xf001
_HAL_FLASH_BYTES_READ. . . . . . . . . @0xf36b
_HAL_FLASH_BYTES_WRITE . . . . . . . . @0xf37b
_HAL_FLASH_BYTE_READ . . . . . . . . . @0xa301
_HAL_FLASH_BYTE_WRITE. . . . . . . . . @0xf300
_HAL_FLASH_PAGE_ERASE. . . . . . . . . @0xd000
_HAL_NRF_READ_REG. . . . . . . . . . . @0xe001
_HAL_NRF_RW. . . . . . . . . . . . . . @0xa001
_HAL_NRF_WRITE_MULTIBYTE_REG . . . . . @0xf3f6
_HAL_NRF_WRITE_REG . . . . . . . . . . @0xf001
_HAL_RNG_BIAS_CORR_ENABLE. . . . . . . @0xe000
_HAL_RNG_POWER_UP. . . . . . . . . . . @0xe000
_HAL_RTC_RADIO_CAPTURE_ENABLE. . . . . @0xe000
_HAL_RTC_SET_COMPARE_MODE. . . . . . . @0xf001
_HAL_RTC_SET_COMPARE_VALUE . . . . . . @0xe004
_HAL_RTC_START . . . . . . . . . . . . @0xe000
_HAL_WDOG_INIT . . . . . . . . . . . . @0xa000
_MAKE_COMMAND. . . . . . . . . . . . . @0xf37f
_MAKE_RANDOM_NUMBER. . . . . . . . . . @0xf373

Program Size: data=138.0 xdata=69 code=5676
LINK/LOCATE RUN COMPLETE.  0 WARNING(S),  0 ERROR(S)
