BL51 BANKED LINKER/LOCATER V6.22.2.0                                                    06/04/2021  09:29:39  PAGE 1


BL51 BANKED LINKER/LOCATER V6.22.2.0, INVOKED BY:
C:\KEIL_V5\C51\BIN\BL51.EXE .\build\main.obj, .\build\hal_nrf_hw.obj, .\build\hal_nrf.obj, .\build\hal_clk.obj, .\build\
>> hal_delay.obj, .\build\hal_aes.obj, .\build\hal_flash.obj, .\build\hal_wdog.obj, .\build\hal_rtc.obj, .\build\hal_rng
>> .obj TO .\build\enhanced_shockburst_ptx_nrf24le1 REGFILE (.\build\enhanced_shockburst_ptx_nrf24le1.ORC) PRINT (.\lst\
>> enhanced_shockburst_ptx_nrf24le1.m51) RAMSIZE (256) DISABLEWARNING (16) OVERLAY (HAL_NRF_WRITE_REG ! *) CODE (0X0000-
>> 0X3FFF) XDATA (0X0000-0X03FF, 0XFA00-0XFFFF)


MEMORY MODEL: SMALL


INPUT MODULES INCLUDED:
  .\build\main.obj (MAIN)
  .\build\hal_nrf_hw.obj (HAL_NRF_HW)
  .\build\hal_nrf.obj (HAL_NRF)
  .\build\hal_clk.obj (HAL_CLK)
  .\build\hal_delay.obj (HAL_DELAY)
  .\build\hal_aes.obj (HAL_AES)
  .\build\hal_flash.obj (HAL_FLASH)
  .\build\hal_wdog.obj (HAL_WDOG)
  .\build\hal_rtc.obj (HAL_RTC)
  .\build\hal_rng.obj (HAL_RNG)
  C:\KEIL_V5\C51\LIB\C51S.LIB (?C_STARTUP)
  C:\KEIL_V5\C51\LIB\C51S.LIB (?C?CLDPTR)
  C:\KEIL_V5\C51\LIB\C51S.LIB (?C?CLDOPTR)
  C:\KEIL_V5\C51\LIB\C51S.LIB (?C?CSTPTR)
  C:\KEIL_V5\C51\LIB\C51S.LIB (?C?CSTOPTR)
  C:\KEIL_V5\C51\LIB\C51S.LIB (?C?ULCMP)
  C:\KEIL_V5\C51\LIB\C51S.LIB (?C?MEMSET)
  C:\KEIL_V5\C51\LIB\C51S.LIB (?C?COPYAMD)
  C:\KEIL_V5\C51\LIB\C51S.LIB (?C_INIT)


LINK MAP OF MODULE:  .\build\enhanced_shockburst_ptx_nrf24le1 (MAIN)


            TYPE    BASE      LENGTH    RELOCATION   SEGMENT NAME
            -----------------------------------------------------

            * * * * * * *   D A T A   M E M O R Y   * * * * * * *
            REG     0000H     0008H     ABSOLUTE     "REG BANK 0"
            DATA    0008H     0029H     UNIT         _DATA_GROUP_
            DATA    0031H     000CH     UNIT         ?DT?MAIN
            DATA    003DH     0005H     UNIT         ?DT?_HAL_NRF_GET_PIPE_STATUS?HAL_NRF
            DATA    0042H     0005H     UNIT         ?DT?_HAL_NRF_WRITE_ACK_PAYLOAD?HAL_NRF
            DATA    0047H     0004H     UNIT         ?DT?_HAL_NRF_GET_ADDRESS?HAL_NRF
            DATA    004BH     0004H     UNIT         ?DT?HAL_FLASH
            DATA    004FH     0003H     UNIT         ?DT?_MAKE_RANDOM_NUMBER?MAIN
            DATA    0052H     0003H     UNIT         ?DT?_HAL_NRF_CLOSE_PIPE?HAL_NRF
            DATA    0055H     0002H     UNIT         ?DT?_HAL_NRF_ENABLE_DYNAMIC_PAYLOAD?HAL_NRF
            DATA    0057H     0002H     UNIT         ?DT?_HAL_NRF_ENABLE_DYNAMIC_ACK?HAL_NRF
            DATA    0059H     0002H     UNIT         ?DT?_HAL_NRF_SET_PLL_MODE?HAL_NRF
            DATA    005BH     0002H     UNIT         ?DT?_HAL_NRF_ENABLE_CONTINIOUS_WAVE?HAL_NRF
            DATA    005DH     0001H     UNIT         ?DT?HAL_NRF_CLEAR_IRQ_FLAGS_GET_STATUS?HAL_NRF
            DATA    005EH     0001H     UNIT         ?DT?_HAL_NRF_GET_RX_PAYLOAD_WIDTH?HAL_NRF
            DATA    005FH     0001H     UNIT         ?DT?_HAL_NRF_SETUP_DYNAMIC_PAYLOAD?HAL_NRF
            DATA    0060H     0001H     UNIT         ?DT?_HAL_NRF_WRITE_REG?HAL_NRF
            IDATA   0061H     0030H     UNIT         ?ID?MAIN
BL51 BANKED LINKER/LOCATER V6.22.2.0                                                  06/04/2021  09:29:39  PAGE 2


            IDATA   0091H     0001H     UNIT         ?STACK

            * * * * * * *  X D A T A   M E M O R Y  * * * * * * *
            XDATA   0000H     0010H     INPAGE       ?PD?HAL_AES
            XDATA   0010H     0025H     UNIT         ?XD?MAIN
            XDATA   0035H     0010H     UNIT         ?XD?HAL_AES

            * * * * * * *   C O D E   M E M O R Y   * * * * * * *
            CODE    0000H     0003H     ABSOLUTE     
            CODE    0003H     0046H     UNIT         ?PR?_TRANSMIT?MAIN
            CODE    0049H     0001H     UNIT         ?PR?WAKEUP_TICK?MAIN
            CODE    004AH     0001H     UNIT         ?PR?WAKEUP_IRQ?MAIN
            CODE    004BH     0003H     ABSOLUTE     
            CODE    004EH     000CH     UNIT         ?PR?HAL_NRF_GET_CLEAR_IRQ_FLAGS?HAL_NRF
            CODE    005AH     0001H     UNIT         ?PR?HAL_NRF_ACTIVATE_FEATURES?HAL_NRF
            CODE    005BH     0003H     ABSOLUTE     
            CODE    005EH     000CH     UNIT         ?PR?HAL_NRF_RX_FIFO_FULL?HAL_NRF
                    006AH     0001H                  *** GAP ***
            CODE    006BH     0003H     ABSOLUTE     
            CODE    006EH     0199H     UNIT         ?C?LIB_CODE
            CODE    0207H     0187H     UNIT         ?PR?_MIX_COLUMNS_HW?HAL_AES
            CODE    038EH     013BH     UNIT         ?PR?_HAL_NRF_READ_MULTIBYTE_REG?HAL_NRF
            CODE    04C9H     0120H     UNIT         ?PR?_ADD_SUB_SHIFT?HAL_AES
            CODE    05E9H     010BH     UNIT         ?CO?HAL_AES
            CODE    06F4H     00EEH     UNIT         ?PR?_ADD_KEY?HAL_AES
            CODE    07E2H     00CEH     UNIT         ?PR?MAIN?MAIN
            CODE    08B0H     00B6H     UNIT         ?PR?_KEY_UPGRADE?HAL_AES
            CODE    0966H     00A9H     UNIT         ?PR?_HAL_NRF_WRITE_MULTIBYTE_REG?HAL_NRF
            CODE    0A0FH     009EH     UNIT         ?PR?_HAL_AES_CRYPT?HAL_AES
            CODE    0AADH     0090H     UNIT         ?PR?_HAL_NRF_GET_PIPE_STATUS?HAL_NRF
            CODE    0B3DH     008CH     UNIT         ?C_C51STARTUP
            CODE    0BC9H     0075H     UNIT         ?PR?NRF_ISR?MAIN
            CODE    0C3EH     0068H     UNIT         ?PR?NRF_INIT?MAIN
            CODE    0CA6H     0068H     UNIT         ?PR?_HAL_NRF_SET_IRQ_MODE?HAL_NRF
            CODE    0D0EH     0061H     UNIT         ?PR?LOAD_FLASH?MAIN
            CODE    0D6FH     0060H     UNIT         ?PR?_RECEIVE_PING?MAIN
            CODE    0DCFH     005AH     UNIT         ?PR?_HAL_NRF_OPEN_PIPE?HAL_NRF
            CODE    0E29H     0050H     UNIT         ?PR?RECEIVE_PAIRING?MAIN
            CODE    0E79H     004EH     UNIT         ?PR?_HAL_FLASH_BYTES_WRITE?HAL_FLASH
            CODE    0EC7H     0043H     UNIT         ?PR?_HAL_NRF_CLOSE_PIPE?HAL_NRF
            CODE    0F0AH     0040H     UNIT         ?PR?PIN_INIT?MAIN
            CODE    0F4AH     003DH     UNIT         ?PR?_HAL_NRF_SET_ADDRESS?HAL_NRF
            CODE    0F87H     003BH     UNIT         ?PR?SET_PAIRING_MODE?MAIN
            CODE    0FC2H     0037H     UNIT         ?PR?_HAL_NRF_GET_RX_PAYLOAD_WIDTH?HAL_NRF
            CODE    0FF9H     0037H     UNIT         ?PR?_AES_SET_KEY?HAL_AES
            CODE    1030H     0036H     UNIT         ?PR?WAIT_BTN_SEAT?MAIN
            CODE    1066H     0036H     UNIT         ?PR?WAIT_BTN_ALARM?MAIN
            CODE    109CH     0035H     UNIT         ?PR?_MAKE_RANDOM_NUMBER?MAIN
            CODE    10D1H     0035H     UNIT         ?PR?_HAL_NRF_GET_ADDRESS?HAL_NRF
            CODE    1106H     0032H     UNIT         ?C_INITSEG
            CODE    1138H     002FH     UNIT         ?PR?_HAL_NRF_SET_CRC_MODE?HAL_NRF
            CODE    1167H     002EH     UNIT         ?PR?RTC_INIT?MAIN
            CODE    1195H     002BH     UNIT         ?PR?UPDATE_FLASH?MAIN
            CODE    11C0H     002BH     UNIT         ?PR?_HAL_NRF_SET_DATARATE?HAL_NRF
            CODE    11EBH     002BH     UNIT         ?PR?_HAL_NRF_ENABLE_CONTINIOUS_WAVE?HAL_NRF
            CODE    1216H     0029H     UNIT         ?PR?_HAL_NRF_ENABLE_DYNAMIC_PAYLOAD?HAL_NRF
            CODE    123FH     0028H     UNIT         ?PR?_HAL_NRF_SET_PLL_MODE?HAL_NRF
BL51 BANKED LINKER/LOCATER V6.22.2.0                                                  06/04/2021  09:29:39  PAGE 3


            CODE    1267H     0027H     UNIT         ?PR?_HAL_NRF_ENABLE_ACK_PAYLOAD?HAL_NRF
            CODE    128EH     0025H     UNIT         ?PR?_SEND_PAYLOAD?MAIN
            CODE    12B3H     0025H     UNIT         ?PR?_HAL_NRF_ENABLE_DYNAMIC_ACK?HAL_NRF
            CODE    12D8H     0024H     UNIT         ?PR?_HAL_FLASH_BYTES_READ?HAL_FLASH
            CODE    12FCH     0022H     UNIT         ?PR?_HAL_NRF_SET_AUTO_RETR?HAL_NRF
            CODE    131EH     0020H     UNIT         ?PR?SET_NORMAL_MODE?MAIN
            CODE    133EH     001EH     UNIT         ?PR?_HAL_NRF_SET_OPERATION_MODE?HAL_NRF
            CODE    135CH     001EH     UNIT         ?PR?_HAL_NRF_SET_POWER_MODE?HAL_NRF
            CODE    137AH     001EH     UNIT         ?PR?_HAL_NRF_SET_OUTPUT_POWER?HAL_NRF
            CODE    1398H     001DH     UNIT         ?PR?_MAKE_PAYLOAD?MAIN
            CODE    13B5H     001DH     UNIT         ?PR?_HAL_NRF_WRITE_REG?HAL_NRF
            CODE    13D2H     001CH     UNIT         ?PR?_HAL_FLASH_BYTE_WRITE?HAL_FLASH
            CODE    13EEH     001AH     UNIT         ?PR?_HAL_NRF_READ_REG?HAL_NRF
            CODE    1408H     001AH     UNIT         ?PR?_DELAY_US?HAL_DELAY
            CODE    1422H     0019H     UNIT         ?PR?_LED_BLINK?MAIN
            CODE    143BH     0019H     UNIT         ?PR?HAL_NRF_CLEAR_IRQ_FLAGS_GET_STATUS?HAL_NRF
            CODE    1454H     0017H     UNIT         ?PR?_HAL_NRF_SET_ADDRESS_WIDTH?HAL_NRF
            CODE    146BH     0016H     UNIT         ?PR?HAL_NRF_GET_PACKET_LOST_CTR?HAL_NRF
            CODE    1481H     0016H     UNIT         ?PR?HAL_NRF_GET_TX_FIFO_STATUS?HAL_NRF
            CODE    1497H     0015H     UNIT         ?PR?_HAL_NRF_SET_RF_CHANNEL?HAL_NRF
            CODE    14ACH     0014H     UNIT         ?PR?_DELAY_MS?HAL_DELAY
            CODE    14C0H     0014H     UNIT         ?PR?_HAL_FLASH_PAGE_ERASE?HAL_FLASH
            CODE    14D4H     0014H     UNIT         ?PR?HAL_RTC_GET_COMPARE_VALUE?HAL_RTC
            CODE    14E8H     0014H     UNIT         ?PR?HAL_RTC_GET_CAPTURE_VALUE?HAL_RTC
            CODE    14FCH     0013H     UNIT         ?PR?HAL_NRF_GET_REUSE_TX_STATUS?HAL_NRF
            CODE    150FH     0012H     UNIT         ?PR?_HAL_RTC_SET_COMPARE_VALUE?HAL_RTC
            CODE    1521H     0012H     UNIT         ?PR?HAL_RNG_DATA_READY?HAL_RNG
            CODE    1533H     0011H     UNIT         ?PR?_HAL_NRF_CLEAR_IRQ_FLAG?HAL_NRF
            CODE    1544H     0011H     UNIT         ?PR?_HAL_CLK_SET_INPUT?HAL_CLK
            CODE    1555H     0010H     UNIT         ?PR?_HAL_CLK_REGRET_XOSC16M_ON?HAL_CLK
            CODE    1565H     000FH     UNIT         ?PR?CLOCK_AND_IRQ_INIT?MAIN
            CODE    1574H     000FH     UNIT         ?PR?_HAL_CLK_SET_16M_SOURCE?HAL_CLK
            CODE    1583H     000EH     UNIT         ?PR?HAL_NRF_GET_RX_DATA_SOURCE?HAL_NRF
            CODE    1591H     000EH     UNIT         ?PR?_HAL_RTC_SET_COMPARE_MODE?HAL_RTC
            CODE    159FH     000CH     UNIT         ?PR?HAL_NRF_TX_FIFO_FULL?HAL_NRF
            CODE    15ABH     000CH     UNIT         ?PR?_HAL_NRF_SETUP_DYNAMIC_PAYLOAD?HAL_NRF
            CODE    15B7H     000CH     UNIT         ?PR?_HAL_CLK_SET_FREQ?HAL_CLK
            CODE    15C3H     000CH     UNIT         ?PR?_HAL_CLKLF_SET_SOURCE?HAL_CLK
            CODE    15CFH     000BH     UNIT         ?PR?HAL_NRF_TX_FIFO_EMPTY?HAL_NRF
            CODE    15DAH     000BH     UNIT         ?PR?HAL_CLK_GET_16M_SOURCE?HAL_CLK
            CODE    15E5H     000BH     UNIT         ?PR?_HAL_RTC_RADIO_CAPTURE_ENABLE?HAL_RTC
            CODE    15F0H     000BH     UNIT         ?PR?_HAL_RTC_START?HAL_RTC
            CODE    15FBH     000BH     UNIT         ?PR?_HAL_RNG_POWER_UP?HAL_RNG
            CODE    1606H     000BH     UNIT         ?PR?_HAL_RNG_BIAS_CORR_ENABLE?HAL_RNG
            CODE    1611H     000AH     UNIT         ?PR?SLEEP_MODE?MAIN
            CODE    161BH     000AH     UNIT         ?PR?_HAL_NRF_RW?HAL_NRF_HW
            CODE    1625H     000AH     UNIT         ?PR?HAL_NRF_GET_ADDRESS_WIDTH?HAL_NRF
            CODE    162FH     000AH     UNIT         ?PR?HAL_NRF_RX_FIFO_EMPTY?HAL_NRF
            CODE    1639H     000AH     UNIT         ?PR?HAL_NRF_GET_RX_FIFO_STATUS?HAL_NRF
            CODE    1643H     000AH     UNIT         ?PR?HAL_NRF_GET_TRANSMIT_ATTEMPTS?HAL_NRF
            CODE    164DH     000AH     UNIT         ?PR?HAL_NRF_GET_CARRIER_DETECT?HAL_NRF
            CODE    1657H     000AH     UNIT         ?PR?_HAL_NRF_WRITE_ACK_PAYLOAD?HAL_NRF
            CODE    1661H     000AH     UNIT         ?PR?HAL_NRF_REUSE_TX?HAL_NRF
            CODE    166BH     000AH     UNIT         ?PR?HAL_NRF_FLUSH_RX?HAL_NRF
            CODE    1675H     000AH     UNIT         ?PR?HAL_NRF_FLUSH_TX?HAL_NRF
            CODE    167FH     000AH     UNIT         ?PR?HAL_NRF_NOP?HAL_NRF
            CODE    1689H     0009H     UNIT         ?PR?LED_READ?MAIN
BL51 BANKED LINKER/LOCATER V6.22.2.0                                                  06/04/2021  09:29:39  PAGE 4


            CODE    1692H     0009H     UNIT         ?PR?_LED_WRITE?MAIN
            CODE    169BH     0009H     UNIT         ?PR?HAL_WDOG_RESTART?HAL_WDOG
            CODE    16A4H     0008H     UNIT         ?PR?HAL_NRF_GET_IRQ_FLAGS?HAL_NRF
            CODE    16ACH     0007H     UNIT         ?PR?_HAL_NRF_SET_RX_PAYLOAD_WIDTH?HAL_NRF
            CODE    16B3H     0007H     UNIT         ?PR?_HAL_NRF_WRITE_TX_PAYLOAD?HAL_NRF
            CODE    16BAH     0007H     UNIT         ?PR?_HAL_NRF_WRITE_TX_PAYLOAD_NOACK?HAL_NRF
            CODE    16C1H     0007H     UNIT         ?PR?_HAL_AES_SETUP?HAL_AES
            CODE    16C8H     0007H     UNIT         ?PR?_HAL_FLASH_BYTE_READ?HAL_FLASH
            CODE    16CFH     0007H     UNIT         ?PR?_HAL_WDOG_INIT?HAL_WDOG
            CODE    16D6H     0006H     UNIT         ?PR?HAL_CLKLF_PHASE?HAL_CLK
            CODE    16DCH     0006H     UNIT         ?PR?HAL_CLKLF_READY?HAL_CLK
            CODE    16E2H     0005H     UNIT         ?PR?HAL_NRF_GET_AUTO_RETR_STATUS?HAL_NRF
            CODE    16E7H     0005H     UNIT         ?PR?HAL_NRF_GET_FIFO_STATUS?HAL_NRF
            CODE    16ECH     0005H     UNIT         ?PR?HAL_NRF_READ_RX_PAYLOAD_WIDTH?HAL_NRF
            CODE    16F1H     0005H     UNIT         ?PR?_HAL_NRF_READ_RX_PAYLOAD?HAL_NRF
            CODE    16F6H     0004H     UNIT         ?PR?HAL_RTC_CAPTURE?HAL_RTC
            CODE    16FAH     0003H     UNIT         ?PR?HAL_RTC_GET_CAPTURE_CLOCK_CYCLES?HAL_RTC
            CODE    16FDH     0003H     UNIT         ?PR?HAL_RNG_READ?HAL_RNG



OVERLAY MAP OF MODULE:   .\build\enhanced_shockburst_ptx_nrf24le1 (MAIN)


SEGMENT                                            DATA_GROUP 
  +--> CALLED SEGMENT                            START    LENGTH
----------------------------------------------------------------
?PR?NRF_ISR?MAIN                                 -----    -----
  +--> ?PR?HAL_NRF_GET_CLEAR_IRQ_FLAGS?HAL_NRF
  +--> ?PR?HAL_NRF_FLUSH_TX?HAL_NRF
  +--> ?PR?HAL_NRF_RX_FIFO_EMPTY?HAL_NRF
  +--> ?PR?_HAL_NRF_READ_RX_PAYLOAD?HAL_NRF

?PR?HAL_NRF_GET_CLEAR_IRQ_FLAGS?HAL_NRF          -----    -----
  +--> ?PR?_HAL_NRF_WRITE_REG?HAL_NRF

?PR?HAL_NRF_FLUSH_TX?HAL_NRF                     -----    -----
  +--> ?PR?_HAL_NRF_RW?HAL_NRF_HW

?PR?HAL_NRF_RX_FIFO_EMPTY?HAL_NRF                -----    -----
  +--> ?PR?_HAL_NRF_READ_REG?HAL_NRF

?PR?_HAL_NRF_READ_RX_PAYLOAD?HAL_NRF             -----    -----
  +--> ?PR?_HAL_NRF_READ_MULTIBYTE_REG?HAL_NRF

?PR?_HAL_NRF_READ_MULTIBYTE_REG?HAL_NRF          0008H    000CH
  +--> ?PR?HAL_NRF_GET_ADDRESS_WIDTH?HAL_NRF
  +--> ?PR?HAL_NRF_GET_RX_DATA_SOURCE?HAL_NRF
  +--> ?PR?HAL_NRF_READ_RX_PAYLOAD_WIDTH?HAL...
  +--> ?PR?_HAL_NRF_RW?HAL_NRF_HW

?PR?HAL_NRF_GET_ADDRESS_WIDTH?HAL_NRF            -----    -----
  +--> ?PR?_HAL_NRF_READ_REG?HAL_NRF

?PR?HAL_NRF_GET_RX_DATA_SOURCE?HAL_NRF           -----    -----
  +--> ?PR?HAL_NRF_NOP?HAL_NRF

BL51 BANKED LINKER/LOCATER V6.22.2.0                                                  06/04/2021  09:29:39  PAGE 5


?PR?HAL_NRF_NOP?HAL_NRF                          -----    -----
  +--> ?PR?_HAL_NRF_RW?HAL_NRF_HW

?PR?HAL_NRF_READ_RX_PAYLOAD_WIDTH?HAL...         -----    -----
  +--> ?PR?_HAL_NRF_READ_REG?HAL_NRF

*** NEW ROOT ***************************************************

?C_C51STARTUP                                    -----    -----
  +--> ?PR?MAIN?MAIN
  +--> ?C_INITSEG

?PR?MAIN?MAIN                                    0014H    0001H
  +--> ?PR?PIN_INIT?MAIN
  +--> ?PR?RTC_INIT?MAIN
  +--> ?PR?CLOCK_AND_IRQ_INIT?MAIN
  +--> ?PR?LOAD_FLASH?MAIN
  +--> ?PR?NRF_INIT?MAIN
  +--> ?PR?_HAL_WDOG_INIT?HAL_WDOG
  +--> ?PR?_DELAY_MS?HAL_DELAY
  +--> ?PR?SET_PAIRING_MODE?MAIN
  +--> ?PR?RECEIVE_PAIRING?MAIN
  +--> ?PR?UPDATE_FLASH?MAIN
  +--> ?PR?_LED_WRITE?MAIN
  +--> ?PR?SET_NORMAL_MODE?MAIN
  +--> ?PR?WAIT_BTN_ALARM?MAIN
  +--> ?PR?WAIT_BTN_SEAT?MAIN
  +--> ?PR?_TRANSMIT?MAIN
  +--> ?PR?_RECEIVE_PING?MAIN
  +--> ?PR?_LED_BLINK?MAIN
  +--> ?PR?HAL_WDOG_RESTART?HAL_WDOG
  +--> ?PR?SLEEP_MODE?MAIN

?PR?RTC_INIT?MAIN                                -----    -----
  +--> ?PR?_HAL_RTC_START?HAL_RTC
  +--> ?PR?_HAL_CLKLF_SET_SOURCE?HAL_CLK
  +--> ?PR?_HAL_RTC_SET_COMPARE_MODE?HAL_RTC
  +--> ?PR?_HAL_RTC_SET_COMPARE_VALUE?HAL_RTC

?PR?CLOCK_AND_IRQ_INIT?MAIN                      -----    -----
  +--> ?PR?HAL_CLK_GET_16M_SOURCE?HAL_CLK

?PR?LOAD_FLASH?MAIN                              0015H    0005H
  +--> ?PR?_HAL_FLASH_BYTES_READ?HAL_FLASH
  +--> ?PR?_HAL_AES_SETUP?HAL_AES

?PR?_HAL_FLASH_BYTES_READ?HAL_FLASH              001AH    0007H

?PR?_HAL_AES_SETUP?HAL_AES                       001AH    0008H
  +--> ?PR?_AES_SET_KEY?HAL_AES

?PR?_AES_SET_KEY?HAL_AES                         0022H    0003H

?PR?NRF_INIT?MAIN                                -----    -----
  +--> ?PR?_HAL_NRF_SET_DATARATE?HAL_NRF
  +--> ?PR?_HAL_NRF_SET_CRC_MODE?HAL_NRF
  +--> ?PR?_HAL_NRF_SET_ADDRESS_WIDTH?HAL_NRF
BL51 BANKED LINKER/LOCATER V6.22.2.0                                                  06/04/2021  09:29:39  PAGE 6


  +--> ?PR?_HAL_NRF_SET_AUTO_RETR?HAL_NRF
  +--> ?PR?_HAL_NRF_SET_RF_CHANNEL?HAL_NRF
  +--> ?PR?_HAL_NRF_SET_ADDRESS?HAL_NRF
  +--> ?PR?_HAL_NRF_SET_RX_PAYLOAD_WIDTH?HAL...
  +--> ?PR?_HAL_NRF_OPEN_PIPE?HAL_NRF
  +--> ?PR?_HAL_NRF_SET_IRQ_MODE?HAL_NRF
  +--> ?PR?_HAL_NRF_ENABLE_ACK_PAYLOAD?HAL_NRF
  +--> ?PR?_HAL_NRF_CLEAR_IRQ_FLAG?HAL_NRF

?PR?_HAL_NRF_SET_DATARATE?HAL_NRF                0015H    0002H
  +--> ?PR?_HAL_NRF_READ_REG?HAL_NRF
  +--> ?PR?_HAL_NRF_WRITE_REG?HAL_NRF

?PR?_HAL_NRF_SET_CRC_MODE?HAL_NRF                0015H    0002H
  +--> ?PR?_HAL_NRF_READ_REG?HAL_NRF
  +--> ?PR?_HAL_NRF_WRITE_REG?HAL_NRF

?PR?_HAL_NRF_SET_ADDRESS_WIDTH?HAL_NRF           0015H    0001H
  +--> ?PR?_HAL_NRF_WRITE_REG?HAL_NRF

?PR?_HAL_NRF_SET_AUTO_RETR?HAL_NRF               0015H    0001H
  +--> ?PR?_HAL_NRF_WRITE_REG?HAL_NRF

?PR?_HAL_NRF_SET_RF_CHANNEL?HAL_NRF              0015H    0001H
  +--> ?PR?_HAL_NRF_WRITE_REG?HAL_NRF

?PR?_HAL_NRF_SET_ADDRESS?HAL_NRF                 0015H    0004H
  +--> ?PR?HAL_NRF_GET_ADDRESS_WIDTH?HAL_NRF
  +--> ?PR?_HAL_NRF_WRITE_MULTIBYTE_REG?HAL_NRF
  +--> ?PR?_HAL_NRF_WRITE_REG?HAL_NRF

?PR?_HAL_NRF_WRITE_MULTIBYTE_REG?HAL_NRF         0019H    0009H

?PR?_HAL_NRF_SET_RX_PAYLOAD_WIDTH?HAL...         -----    -----
  +--> ?PR?_HAL_NRF_WRITE_REG?HAL_NRF

?PR?_HAL_NRF_OPEN_PIPE?HAL_NRF                   0015H    0004H
  +--> ?PR?_HAL_NRF_READ_REG?HAL_NRF
  +--> ?PR?_HAL_NRF_WRITE_REG?HAL_NRF

?PR?_HAL_NRF_SET_IRQ_MODE?HAL_NRF                0015H    0003H
  +--> ?PR?_HAL_NRF_READ_REG?HAL_NRF
  +--> ?PR?_HAL_NRF_WRITE_REG?HAL_NRF

?PR?_HAL_NRF_ENABLE_ACK_PAYLOAD?HAL_NRF          0015H    0002H
  +--> ?PR?_HAL_NRF_READ_REG?HAL_NRF
  +--> ?PR?_HAL_NRF_WRITE_REG?HAL_NRF

?PR?_HAL_NRF_CLEAR_IRQ_FLAG?HAL_NRF              -----    -----
  +--> ?PR?_HAL_NRF_WRITE_REG?HAL_NRF

?PR?_DELAY_MS?HAL_DELAY                          -----    -----
  +--> ?PR?_DELAY_US?HAL_DELAY

?PR?SET_PAIRING_MODE?MAIN                        -----    -----
  +--> ?PR?_HAL_NRF_SET_ADDRESS?HAL_NRF
  +--> ?PR?_HAL_NRF_SET_RX_PAYLOAD_WIDTH?HAL...
BL51 BANKED LINKER/LOCATER V6.22.2.0                                                  06/04/2021  09:29:39  PAGE 7



?PR?RECEIVE_PAIRING?MAIN                         -----    -----
  +--> ?PR?_HAL_NRF_SET_POWER_MODE?HAL_NRF
  +--> ?PR?_HAL_NRF_SET_OPERATION_MODE?HAL_NRF
  +--> ?PR?LED_READ?MAIN
  +--> ?PR?_LED_WRITE?MAIN
  +--> ?PR?HAL_WDOG_RESTART?HAL_WDOG
  +--> ?PR?_DELAY_MS?HAL_DELAY
  +--> ?PR?_HAL_NRF_SET_RX_PAYLOAD_WIDTH?HAL...

?PR?_HAL_NRF_SET_POWER_MODE?HAL_NRF              001AH    0002H
  +--> ?PR?_HAL_NRF_READ_REG?HAL_NRF
  +--> ?PR?_HAL_NRF_WRITE_REG?HAL_NRF

?PR?_HAL_NRF_SET_OPERATION_MODE?HAL_NRF          001AH    0002H
  +--> ?PR?_HAL_NRF_READ_REG?HAL_NRF
  +--> ?PR?_HAL_NRF_WRITE_REG?HAL_NRF

?PR?UPDATE_FLASH?MAIN                            -----    -----
  +--> ?PR?_HAL_FLASH_PAGE_ERASE?HAL_FLASH
  +--> ?PR?_HAL_FLASH_BYTES_WRITE?HAL_FLASH

?PR?_HAL_FLASH_BYTES_WRITE?HAL_FLASH             0015H    0007H

?PR?SET_NORMAL_MODE?MAIN                         -----    -----
  +--> ?PR?LOAD_FLASH?MAIN
  +--> ?PR?_HAL_NRF_SET_ADDRESS?HAL_NRF
  +--> ?PR?_HAL_NRF_SET_RX_PAYLOAD_WIDTH?HAL...

?PR?WAIT_BTN_ALARM?MAIN                          0015H    0004H
  +--> ?PR?HAL_WDOG_RESTART?HAL_WDOG
  +--> ?PR?_DELAY_MS?HAL_DELAY

?PR?WAIT_BTN_SEAT?MAIN                           0015H    0004H
  +--> ?PR?HAL_WDOG_RESTART?HAL_WDOG
  +--> ?PR?_DELAY_MS?HAL_DELAY

?PR?_TRANSMIT?MAIN                               0015H    0003H
  +--> ?PR?_MAKE_PAYLOAD?MAIN
  +--> ?PR?_HAL_AES_CRYPT?HAL_AES
  +--> ?PR?_SEND_PAYLOAD?MAIN

?PR?_MAKE_PAYLOAD?MAIN                           0018H    0003H

?PR?_HAL_AES_CRYPT?HAL_AES                       0018H    0017H
  +--> ?PR?_ADD_SUB_SHIFT?HAL_AES
  +--> ?PR?_MIX_COLUMNS_HW?HAL_AES
  +--> ?PR?_KEY_UPGRADE?HAL_AES
  +--> ?PR?_ADD_KEY?HAL_AES

?PR?_ADD_SUB_SHIFT?HAL_AES                       002FH    0002H
  +--> ?CO?HAL_AES

?PR?_KEY_UPGRADE?HAL_AES                         -----    -----
  +--> ?CO?HAL_AES

?PR?_SEND_PAYLOAD?MAIN                           0018H    0001H
BL51 BANKED LINKER/LOCATER V6.22.2.0                                                  06/04/2021  09:29:39  PAGE 8


  +--> ?PR?_HAL_NRF_WRITE_TX_PAYLOAD?HAL_NRF
  +--> ?PR?_HAL_NRF_SET_OUTPUT_POWER?HAL_NRF
  +--> ?PR?_HAL_NRF_SET_POWER_MODE?HAL_NRF
  +--> ?PR?_HAL_NRF_SET_OPERATION_MODE?HAL_NRF

?PR?_HAL_NRF_WRITE_TX_PAYLOAD?HAL_NRF            -----    -----
  +--> ?PR?_HAL_NRF_WRITE_MULTIBYTE_REG?HAL_NRF

?PR?_HAL_NRF_SET_OUTPUT_POWER?HAL_NRF            0019H    0002H
  +--> ?PR?_HAL_NRF_READ_REG?HAL_NRF
  +--> ?PR?_HAL_NRF_WRITE_REG?HAL_NRF

?PR?_RECEIVE_PING?MAIN                           0015H    0005H
  +--> ?PR?_HAL_NRF_SET_POWER_MODE?HAL_NRF
  +--> ?PR?_HAL_NRF_SET_OPERATION_MODE?HAL_NRF
  +--> ?PR?_DELAY_MS?HAL_DELAY
  +--> ?PR?_HAL_NRF_SET_RX_PAYLOAD_WIDTH?HAL...

?PR?_LED_BLINK?MAIN                              0015H    0004H
  +--> ?PR?_LED_WRITE?MAIN
  +--> ?PR?_DELAY_MS?HAL_DELAY



SYMBOL TABLE OF MODULE:  .\build\enhanced_shockburst_ptx_nrf24le1 (MAIN)

  VALUE           TYPE          NAME
  ----------------------------------

  -------         MODULE        MAIN
  C:0000H         SYMBOL        _ICE_DUMMY_
  D:0080H         PUBLIC        P0
  D:0090H         PUBLIC        P1
  D:00A0H         PUBLIC        P2
  D:00B0H         PUBLIC        P3
  B:00A8H.7       PUBLIC        EA
  X:0010H         SYMBOL        payload_enc
  D:00A8H         PUBLIC        IEN0
  D:00B8H         PUBLIC        IEN1
  C:0D0EH         PUBLIC        load_flash
  B:00B8H.1       PUBLIC        RF
  C:0049H         PUBLIC        wakeup_tick
  B:00E8H.0       PUBLIC        RFCE
  C:1611H         PUBLIC        sleep_mode
  C:0F87H         PUBLIC        set_pairing_mode
  D:00ADH         PUBLIC        CLKLFCTRL
  C:07E2H         PUBLIC        main
  C:1422H         PUBLIC        _led_blink
  B:0080H.2       PUBLIC        P02
  B:0080H.3       PUBLIC        P03
  B:0080H.4       PUBLIC        P04
  C:1689H         PUBLIC        led_read
  B:0090H.4       PUBLIC        P14
  D:0088H         PUBLIC        TCON
  D:0031H         SYMBOL        rx_address
  B:0080H.6       PUBLIC        P06
  C:0E29H         PUBLIC        receive_pairing
BL51 BANKED LINKER/LOCATER V6.22.2.0                                                  06/04/2021  09:29:39  PAGE 9


  D:0036H         SYMBOL        tx_address
  D:003BH         SYMBOL        radio_busy
  B:00E8H.2       PUBLIC        RFCKEN
  C:004AH         PUBLIC        wakeup_irq
  D:00CFH         PUBLIC        WUOPC0
  C:131EH         PUBLIC        set_normal_mode
  C:1692H         PUBLIC        _led_write
  D:003CH         SYMBOL        received
  C:1066H         PUBLIC        wait_btn_alarm
  I:0061H         SYMBOL        commands
  C:0C3EH         PUBLIC        nrf_init
  C:0F0AH         PUBLIC        pin_init
  D:0093H         PUBLIC        P0DIR
  C:1167H         PUBLIC        rtc_init
  D:009EH         PUBLIC        P0CON
  D:0094H         PUBLIC        P1DIR
  D:009FH         PUBLIC        P1CON
  D:00A4H         PUBLIC        PWRDWN
  D:0098H         PUBLIC        S0CON
  I:0081H         SYMBOL        aes_key
  D:00D8H         PUBLIC        ADCON
  D:00C8H         PUBLIC        T2CON
  C:1565H         PUBLIC        clock_and_irq_init
  D:00F8H         PUBLIC        FSR
  C:1030H         PUBLIC        wait_btn_seat
  X:0020H         SYMBOL        payload
  C:1398H         PUBLIC        _make_payload
  C:109CH         PUBLIC        _make_random_number
  C:0BC9H         PUBLIC        nrf_isr
  C:0003H         PUBLIC        _transmit
  C:1195H         PUBLIC        update_flash
  C:0D6FH         PUBLIC        _receive_ping
  D:00E8H         PUBLIC        RFCON
  D:00D0H         PUBLIC        PSW
  C:128EH         PUBLIC        _send_payload
  D:00C0H         PUBLIC        IRCON
  -------         PROC          MAIN
  -------         DO            
  D:0014H         SYMBOL        show_ping
  -------         ENDDO         
  C:07E2H         LINE#         80
  C:07E2H         LINE#         81
  C:07E5H         LINE#         83
  C:07E8H         LINE#         84
  C:07EBH         LINE#         85
  C:07EEH         LINE#         86
  C:07F1H         LINE#         87
  C:07F4H         LINE#         88
  C:07FBH         LINE#         90
  C:07FBH         LINE#         91
  C:0804H         LINE#         92
  C:080BH         LINE#         94
  C:0811H         LINE#         95
  C:0814H         LINE#         97
  C:081AH         LINE#         98
  C:081DH         LINE#         99
  C:081FH         LINE#         100
BL51 BANKED LINKER/LOCATER V6.22.2.0                                                  06/04/2021  09:29:39  PAGE 10


  C:0821H         LINE#         101
  C:0826H         LINE#         103
  C:0829H         LINE#         104
  C:082CH         LINE#         105
  C:082FH         LINE#         106
  C:0831H         LINE#         108
  C:0834H         LINE#         109
  C:0848H         LINE#         110
  C:084CH         LINE#         111
  C:084CH         LINE#         112
  C:0851H         LINE#         113
  C:0851H         LINE#         114
  C:0851H         LINE#         115
  C:0853H         LINE#         117
  C:0856H         LINE#         118
  C:0866H         LINE#         119
  C:0874H         LINE#         120
  C:087CH         LINE#         121
  C:0885H         LINE#         122
  C:0885H         LINE#         123
  C:0885H         LINE#         124
  C:0885H         LINE#         125
  C:0887H         LINE#         127
  C:088FH         LINE#         128
  C:0898H         LINE#         129
  C:08A7H         LINE#         130
  C:08A7H         LINE#         132
  C:08AAH         LINE#         133
  C:08ADH         LINE#         134
  -------         ENDPROC       MAIN
  -------         PROC          _LED_BLINK
  D:0015H         SYMBOL        ms
  C:1422H         LINE#         138
  C:142AH         LINE#         139
  C:142FH         LINE#         140
  C:1436H         LINE#         141
  -------         ENDPROC       _LED_BLINK
  -------         PROC          LED_READ
  C:1689H         LINE#         144
  C:1689H         LINE#         145
  C:1691H         LINE#         146
  -------         ENDPROC       LED_READ
  -------         PROC          _LED_WRITE
  D:0007H         SYMBOL        state
  C:1692H         LINE#         148
  C:1692H         LINE#         149
  C:1698H         LINE#         150
  C:169AH         LINE#         151
  -------         ENDPROC       _LED_WRITE
  -------         PROC          _TRANSMIT
  D:0015H         SYMBOL        command
  D:0016H         SYMBOL        power
  D:0017H         SYMBOL        retry
  C:0003H         LINE#         153
  C:0009H         LINE#         154
  C:0014H         LINE#         155
  C:0026H         LINE#         157
BL51 BANKED LINKER/LOCATER V6.22.2.0                                                  06/04/2021  09:29:39  PAGE 11


  C:0032H         LINE#         158
  C:0039H         LINE#         159
  C:0046H         LINE#         160
  C:0048H         LINE#         161
  -------         ENDPROC       _TRANSMIT
  -------         PROC          _SEND_PAYLOAD
  D:0001H         SYMBOL        payload
  D:0018H         SYMBOL        pwr
  C:128EH         LINE#         163
  C:1290H         LINE#         164
  C:1295H         LINE#         165
  C:129AH         LINE#         167
  C:129FH         LINE#         168
  C:12A4H         LINE#         170
  C:12A6H         LINE#         171
  C:12A9H         LINE#         172
  C:12ADH         LINE#         173
  C:12AFH         LINE#         175
  -------         ENDPROC       _SEND_PAYLOAD
  -------         PROC          RECEIVE_PAIRING
  C:0E29H         LINE#         178
  C:0E29H         LINE#         180
  C:0E2EH         LINE#         181
  C:0E33H         LINE#         184
  C:0E35H         LINE#         185
  C:0E38H         LINE#         186
  C:0E42H         LINE#         187
  C:0E51H         LINE#         188
  C:0E54H         LINE#         189
  C:0E5BH         LINE#         190
  C:0E5DH         LINE#         191
  C:0E5FH         LINE#         193
  C:0E64H         LINE#         194
  C:0E6BH         LINE#         196
  C:0E78H         LINE#         197
  -------         ENDPROC       RECEIVE_PAIRING
  -------         PROC          _RECEIVE_PING
  D:0015H         SYMBOL        timeout
  -------         DO            
  D:0016H         SYMBOL        ms
  -------         ENDDO         
  C:0D6FH         LINE#         199
  C:0D71H         LINE#         200
  C:0D7AH         LINE#         202
  C:0D7FH         LINE#         203
  C:0D84H         LINE#         206
  C:0D86H         LINE#         207
  C:0D89H         LINE#         208
  C:0DA0H         LINE#         209
  C:0DA7H         LINE#         210
  C:0DBCH         LINE#         211
  C:0DBEH         LINE#         212
  C:0DC0H         LINE#         214
  C:0DC5H         LINE#         215
  C:0DCCH         LINE#         217
  C:0DCEH         LINE#         218
  -------         ENDPROC       _RECEIVE_PING
BL51 BANKED LINKER/LOCATER V6.22.2.0                                                  06/04/2021  09:29:39  PAGE 12


  -------         PROC          SET_PAIRING_MODE
  C:0F87H         LINE#         220
  C:0F87H         LINE#         221
  C:0F96H         LINE#         222
  C:0FA5H         LINE#         224
  C:0FB0H         LINE#         225
  C:0FBBH         LINE#         226
  -------         ENDPROC       SET_PAIRING_MODE
  -------         PROC          SET_NORMAL_MODE
  C:131EH         LINE#         229
  C:131EH         LINE#         230
  C:1321H         LINE#         232
  C:132CH         LINE#         233
  C:1337H         LINE#         234
  -------         ENDPROC       SET_NORMAL_MODE
  -------         PROC          _MAKE_PAYLOAD
  D:0018H         SYMBOL        payload
  D:0005H         SYMBOL        cmd
  C:1398H         LINE#         237
  C:139EH         LINE#         238
  -------         ENDPROC       _MAKE_PAYLOAD
  -------         PROC          _MAKE_RANDOM_NUMBER
  D:004FH         SYMBOL        p
  -------         DO            
  D:0006H         SYMBOL        len
  -------         ENDDO         
  C:109CH         LINE#         241
  C:10A2H         LINE#         242
  C:10A4H         LINE#         244
  C:10A9H         LINE#         245
  C:10AFH         LINE#         246
  C:10B5H         LINE#         247
  C:10CAH         LINE#         248
  C:10CCH         LINE#         249
  -------         ENDPROC       _MAKE_RANDOM_NUMBER
  -------         PROC          WAIT_BTN_SEAT
  -------         DO            
  D:0015H         SYMBOL        ms
  -------         ENDDO         
  C:1030H         LINE#         252
  C:1030H         LINE#         253
  C:1039H         LINE#         255
  C:103CH         LINE#         256
  C:103FH         LINE#         257
  C:1046H         LINE#         258
  C:105BH         LINE#         259
  C:105DH         LINE#         261
  C:1065H         LINE#         262
  -------         ENDPROC       WAIT_BTN_SEAT
  -------         PROC          WAIT_BTN_ALARM
  -------         DO            
  D:0015H         SYMBOL        ms
  -------         ENDDO         
  C:1066H         LINE#         264
  C:1066H         LINE#         265
  C:106FH         LINE#         267
  C:1072H         LINE#         268
BL51 BANKED LINKER/LOCATER V6.22.2.0                                                  06/04/2021  09:29:39  PAGE 13


  C:1075H         LINE#         269
  C:107CH         LINE#         270
  C:1091H         LINE#         271
  C:1093H         LINE#         273
  C:109BH         LINE#         274
  -------         ENDPROC       WAIT_BTN_ALARM
  -------         PROC          UPDATE_FLASH
  C:1195H         LINE#         276
  C:1195H         LINE#         277
  C:119AH         LINE#         278
  C:11ADH         LINE#         279
  -------         ENDPROC       UPDATE_FLASH
  -------         PROC          LOAD_FLASH
  -------         DO            
  D:0015H         SYMBOL        vcu_size
  D:0016H         SYMBOL        vcu_id
  -------         ENDDO         
  C:0D0EH         LINE#         282
  C:0D0EH         LINE#         283
  C:0D11H         LINE#         286
  C:0D24H         LINE#         287
  C:0D35H         LINE#         289
  C:0D46H         LINE#         290
  C:0D59H         LINE#         292
  -------         ENDPROC       LOAD_FLASH
  -------         PROC          PIN_INIT
  -------         DO            
  D:0007H         SYMBOL        i
  -------         ENDDO         
  C:0F0AH         LINE#         296
  C:0F0AH         LINE#         300
  C:0F1DH         LINE#         301
  C:0F22H         LINE#         302
  C:0F24H         LINE#         303
  C:0F27H         LINE#         304
  C:0F2AH         LINE#         305
  C:0F2DH         LINE#         307
  C:0F30H         LINE#         308
  C:0F33H         LINE#         309
  C:0F36H         LINE#         310
  C:0F39H         LINE#         311
  C:0F3CH         LINE#         313
  C:0F3FH         LINE#         314
  C:0F41H         LINE#         316
  C:0F43H         LINE#         320
  C:0F45H         LINE#         321
  C:0F47H         LINE#         322
  C:0F49H         LINE#         323
  -------         ENDPROC       PIN_INIT
  -------         PROC          NRF_INIT
  C:0C3EH         LINE#         325
  C:0C3EH         LINE#         326
  C:0C43H         LINE#         327
  C:0C48H         LINE#         328
  C:0C4DH         LINE#         329
  C:0C54H         LINE#         330
  C:0C59H         LINE#         331
BL51 BANKED LINKER/LOCATER V6.22.2.0                                                  06/04/2021  09:29:39  PAGE 14


  C:0C64H         LINE#         332
  C:0C6BH         LINE#         333
  C:0C72H         LINE#         334
  C:0C7DH         LINE#         336
  C:0C84H         LINE#         337
  C:0C8BH         LINE#         338
  C:0C92H         LINE#         339
  C:0C97H         LINE#         341
  C:0C9CH         LINE#         342
  C:0CA1H         LINE#         343
  -------         ENDPROC       NRF_INIT
  -------         PROC          RTC_INIT
  C:1167H         LINE#         346
  C:1167H         LINE#         347
  C:116CH         LINE#         348
  C:1170H         LINE#         349
  C:1175H         LINE#         350
  C:117CH         LINE#         351
  C:1181H         LINE#         354
  C:1189H         LINE#         355
  C:1191H         LINE#         358
  C:1194H         LINE#         359
  -------         ENDPROC       RTC_INIT
  -------         PROC          CLOCK_AND_IRQ_INIT
  C:1565H         LINE#         361
  C:1565H         LINE#         364
  C:156DH         LINE#         367
  C:156FH         LINE#         369
  C:1571H         LINE#         371
  C:1573H         LINE#         372
  -------         ENDPROC       CLOCK_AND_IRQ_INIT
  -------         PROC          SLEEP_MODE
  C:1611H         LINE#         374
  C:1611H         LINE#         376
  C:1614H         LINE#         378
  C:1617H         LINE#         380
  C:161AH         LINE#         382
  -------         ENDPROC       SLEEP_MODE
  -------         PROC          WAKEUP_TICK
  C:0049H         LINE#         386
  C:0049H         LINE#         388
  -------         ENDPROC       WAKEUP_TICK
  -------         PROC          WAKEUP_IRQ
  C:004AH         LINE#         391
  C:004AH         LINE#         393
  -------         ENDPROC       WAKEUP_IRQ
  -------         PROC          NRF_ISR
  -------         DO            
  D:0007H         SYMBOL        irq_flags
  -------         ENDDO         
  C:0BC9H         LINE#         397
  C:0BEFH         LINE#         401
  C:0BF2H         LINE#         403
  C:0BFFH         LINE#         404
  C:0BFFH         LINE#         406
  C:0BFFH         LINE#         407
  C:0BFFH         LINE#         409
BL51 BANKED LINKER/LOCATER V6.22.2.0                                                  06/04/2021  09:29:39  PAGE 15


  C:0C01H         LINE#         412
  C:0C01H         LINE#         417
  C:0C04H         LINE#         418
  C:0C07H         LINE#         419
  C:0C09H         LINE#         422
  C:0C09H         LINE#         424
  C:0C0FH         LINE#         425
  C:0C18H         LINE#         426
  C:0C1AH         LINE#         427
  C:0C1DH         LINE#         428
  C:0C1DH         LINE#         430
  C:0C1DH         LINE#         431
  C:0C1DH         LINE#         432
  C:0C1DH         LINE#         434
  -------         ENDPROC       NRF_ISR
  -------         ENDMOD        MAIN

  -------         MODULE        HAL_NRF_HW
  C:0000H         SYMBOL        _ICE_DUMMY_
  D:0080H         PUBLIC        P0
  D:0090H         PUBLIC        P1
  D:00A0H         PUBLIC        P2
  D:00B0H         PUBLIC        P3
  D:00A8H         PUBLIC        IEN0
  D:00B8H         PUBLIC        IEN1
  D:00E7H         PUBLIC        SPIRDAT
  C:161BH         PUBLIC        _hal_nrf_rw
  D:0088H         PUBLIC        TCON
  D:0098H         PUBLIC        S0CON
  D:00D8H         PUBLIC        ADCON
  D:00C8H         PUBLIC        T2CON
  D:00F8H         PUBLIC        FSR
  D:00E8H         PUBLIC        RFCON
  D:00D0H         PUBLIC        PSW
  D:00C0H         PUBLIC        IRCON
  D:00E6H         PUBLIC        SPIRSTAT
  -------         PROC          _HAL_NRF_RW
  D:0007H         SYMBOL        value
  C:161BH         LINE#         25
  C:161BH         LINE#         26
  C:161BH         LINE#         27
  C:161DH         LINE#         28
  C:1622H         LINE#         29
  C:1622H         LINE#         30
  C:1622H         LINE#         31
  C:1624H         LINE#         32
  -------         ENDPROC       _HAL_NRF_RW
  -------         ENDMOD        HAL_NRF_HW

  -------         MODULE        HAL_NRF
  C:0000H         SYMBOL        _ICE_DUMMY_
  D:0080H         PUBLIC        P0
  D:0090H         PUBLIC        P1
  D:00A0H         PUBLIC        P2
  D:00B0H         PUBLIC        P3
  C:1497H         PUBLIC        _hal_nrf_set_rf_channel
  C:0DCFH         PUBLIC        _hal_nrf_open_pipe
BL51 BANKED LINKER/LOCATER V6.22.2.0                                                  06/04/2021  09:29:39  PAGE 16


  C:12B3H         PUBLIC        _hal_nrf_enable_dynamic_ack
  C:16B3H         PUBLIC        _hal_nrf_write_tx_payload
  C:004EH         PUBLIC        hal_nrf_get_clear_irq_flags
  C:1267H         PUBLIC        _hal_nrf_enable_ack_payload
  D:00A8H         PUBLIC        IEN0
  C:13B5H         PUBLIC        _hal_nrf_write_reg
  C:167FH         PUBLIC        hal_nrf_nop
  C:15ABH         PUBLIC        _hal_nrf_setup_dynamic_payload
  D:00B8H         PUBLIC        IEN1
  C:16E7H         PUBLIC        hal_nrf_get_fifo_status
  C:143BH         PUBLIC        hal_nrf_clear_irq_flags_get_status
  D:00E7H         PUBLIC        SPIRDAT
  C:0AADH         PUBLIC        _hal_nrf_get_pipe_status
  C:0FC2H         PUBLIC        _hal_nrf_get_rx_payload_width
  C:16A4H         PUBLIC        hal_nrf_get_irq_flags
  C:135CH         PUBLIC        _hal_nrf_set_power_mode
  C:164DH         PUBLIC        hal_nrf_get_carrier_detect
  C:16ACH         PUBLIC        _hal_nrf_set_rx_payload_width
  C:146BH         PUBLIC        hal_nrf_get_packet_lost_ctr
  C:1138H         PUBLIC        _hal_nrf_set_crc_mode
  C:166BH         PUBLIC        hal_nrf_flush_rx
  C:1675H         PUBLIC        hal_nrf_flush_tx
  C:1643H         PUBLIC        hal_nrf_get_transmit_attempts
  C:1661H         PUBLIC        hal_nrf_reuse_tx
  C:137AH         PUBLIC        _hal_nrf_set_output_power
  D:0088H         PUBLIC        TCON
  C:11C0H         PUBLIC        _hal_nrf_set_datarate
  C:123FH         PUBLIC        _hal_nrf_set_pll_mode
  C:1583H         PUBLIC        hal_nrf_get_rx_data_source
  C:0CA6H         PUBLIC        _hal_nrf_set_irq_mode
  C:038EH         PUBLIC        _hal_nrf_read_multibyte_reg
  C:162FH         PUBLIC        hal_nrf_rx_fifo_empty
  C:1216H         PUBLIC        _hal_nrf_enable_dynamic_payload
  C:15CFH         PUBLIC        hal_nrf_tx_fifo_empty
  C:16E2H         PUBLIC        hal_nrf_get_auto_retr_status
  C:005EH         PUBLIC        hal_nrf_rx_fifo_full
  C:159FH         PUBLIC        hal_nrf_tx_fifo_full
  C:12FCH         PUBLIC        _hal_nrf_set_auto_retr
  C:10D1H         PUBLIC        _hal_nrf_get_address
  C:133EH         PUBLIC        _hal_nrf_set_operation_mode
  C:1657H         PUBLIC        _hal_nrf_write_ack_payload
  C:1625H         PUBLIC        hal_nrf_get_address_width
  C:0966H         PUBLIC        _hal_nrf_write_multibyte_reg
  C:0F4AH         PUBLIC        _hal_nrf_set_address
  C:005AH         PUBLIC        hal_nrf_activate_features
  C:1639H         PUBLIC        hal_nrf_get_rx_fifo_status
  C:1454H         PUBLIC        _hal_nrf_set_address_width
  C:1481H         PUBLIC        hal_nrf_get_tx_fifo_status
  C:14FCH         PUBLIC        hal_nrf_get_reuse_tx_status
  D:0098H         PUBLIC        S0CON
  D:00D8H         PUBLIC        ADCON
  D:00C8H         PUBLIC        T2CON
  C:0EC7H         PUBLIC        _hal_nrf_close_pipe
  D:00F8H         PUBLIC        FSR
  C:11EBH         PUBLIC        _hal_nrf_enable_continious_wave
  C:1533H         PUBLIC        _hal_nrf_clear_irq_flag
  C:16F1H         PUBLIC        _hal_nrf_read_rx_payload
BL51 BANKED LINKER/LOCATER V6.22.2.0                                                  06/04/2021  09:29:39  PAGE 17


  D:00E8H         PUBLIC        RFCON
  C:16BAH         PUBLIC        _hal_nrf_write_tx_payload_noack
  D:00D0H         PUBLIC        PSW
  C:16ECH         PUBLIC        hal_nrf_read_rx_payload_width
  D:00C0H         PUBLIC        IRCON
  C:13EEH         PUBLIC        _hal_nrf_read_reg
  B:00E8H.1       PUBLIC        RFCSN
  D:00E6H         PUBLIC        SPIRSTAT
  -------         PROC          _HAL_NRF_SET_OPERATION_MODE
  D:001AH         SYMBOL        op_mode
  -------         DO            
  D:001BH         SYMBOL        config
  -------         ENDDO         
  C:133EH         LINE#         189
  C:1340H         LINE#         190
  C:1340H         LINE#         192
  C:1347H         LINE#         194
  C:134DH         LINE#         195
  C:134DH         LINE#         196
  C:1350H         LINE#         197
  C:1352H         LINE#         199
  C:1352H         LINE#         200
  C:1355H         LINE#         201
  C:1355H         LINE#         203
  -------         ENDPROC       _HAL_NRF_SET_OPERATION_MODE
  -------         PROC          _HAL_NRF_SET_POWER_MODE
  D:001AH         SYMBOL        pwr_mode
  -------         DO            
  D:001BH         SYMBOL        config
  -------         ENDDO         
  C:135CH         LINE#         206
  C:135EH         LINE#         207
  C:135EH         LINE#         209
  C:1365H         LINE#         211
  C:136BH         LINE#         212
  C:136BH         LINE#         213
  C:136EH         LINE#         214
  C:1370H         LINE#         216
  C:1370H         LINE#         217
  C:1373H         LINE#         218
  C:1373H         LINE#         220
  -------         ENDPROC       _HAL_NRF_SET_POWER_MODE
  -------         PROC          _HAL_NRF_SET_CRC_MODE
  D:0015H         SYMBOL        crc_mode
  -------         DO            
  D:0016H         SYMBOL        config
  -------         ENDDO         
  C:1138H         LINE#         223
  C:113AH         LINE#         224
  C:113AH         LINE#         226
  C:1141H         LINE#         228
  C:114DH         LINE#         229
  C:114DH         LINE#         230
  C:114DH         LINE#         231
  C:1150H         LINE#         232
  C:1152H         LINE#         233
  C:1152H         LINE#         234
BL51 BANKED LINKER/LOCATER V6.22.2.0                                                  06/04/2021  09:29:39  PAGE 18


  C:1155H         LINE#         235
  C:1158H         LINE#         236
  C:115AH         LINE#         237
  C:115AH         LINE#         238
  C:115DH         LINE#         239
  C:1160H         LINE#         240
  C:1160H         LINE#         241
  C:1160H         LINE#         242
  C:1160H         LINE#         243
  C:1160H         LINE#         245
  -------         ENDPROC       _HAL_NRF_SET_CRC_MODE
  -------         PROC          _HAL_NRF_SET_IRQ_MODE
  D:0015H         SYMBOL        int_source
  D:0016H         SYMBOL        irq_state
  -------         DO            
  D:0017H         SYMBOL        config
  -------         ENDDO         
  C:0CA6H         LINE#         248
  C:0CAAH         LINE#         249
  C:0CAAH         LINE#         251
  C:0CB1H         LINE#         253
  C:0CBEH         LINE#         254
  C:0CBEH         LINE#         255
  C:0CBEH         LINE#         256
  C:0CD3H         LINE#         257
  C:0CD5H         LINE#         258
  C:0CD5H         LINE#         259
  C:0CEBH         LINE#         260
  C:0CEDH         LINE#         261
  C:0CEDH         LINE#         262
  C:0D07H         LINE#         263
  C:0D07H         LINE#         264
  C:0D07H         LINE#         266
  -------         ENDPROC       _HAL_NRF_SET_IRQ_MODE
  -------         PROC          HAL_NRF_GET_CLEAR_IRQ_FLAGS
  -------         DO            
  D:0007H         SYMBOL        retval
  -------         ENDDO         
  C:004EH         LINE#         269
  C:004EH         LINE#         270
  C:004EH         LINE#         273
  C:0055H         LINE#         275
  C:0059H         LINE#         276
  -------         ENDPROC       HAL_NRF_GET_CLEAR_IRQ_FLAGS
  -------         PROC          HAL_NRF_CLEAR_IRQ_FLAGS_GET_STATUS
  -------         DO            
  D:005DH         SYMBOL        retval
  -------         ENDDO         
  C:143BH         LINE#         278
  C:143BH         LINE#         279
  C:143BH         LINE#         283
  C:1447H         LINE#         284
  C:1451H         LINE#         286
  C:1453H         LINE#         287
  -------         ENDPROC       HAL_NRF_CLEAR_IRQ_FLAGS_GET_STATUS
  -------         PROC          _HAL_NRF_CLEAR_IRQ_FLAG
  D:0007H         SYMBOL        int_source
BL51 BANKED LINKER/LOCATER V6.22.2.0                                                  06/04/2021  09:29:39  PAGE 19


  C:1533H         LINE#         290
  C:1533H         LINE#         291
  C:1533H         LINE#         292
  -------         ENDPROC       _HAL_NRF_CLEAR_IRQ_FLAG
  -------         PROC          HAL_NRF_GET_IRQ_FLAGS
  C:16A4H         LINE#         295
  C:16A4H         LINE#         296
  C:16A4H         LINE#         297
  C:16ABH         LINE#         298
  -------         ENDPROC       HAL_NRF_GET_IRQ_FLAGS
  -------         PROC          _HAL_NRF_OPEN_PIPE
  D:0015H         SYMBOL        pipe_num
  D:0016H         SYMBOL        auto_ack
  -------         DO            
  D:0017H         SYMBOL        en_rxaddr
  D:0018H         SYMBOL        en_aa
  -------         ENDDO         
  C:0DCFH         LINE#         300
  C:0DD3H         LINE#         301
  C:0DD3H         LINE#         304
  C:0DDAH         LINE#         305
  C:0DE1H         LINE#         307
  C:0DEDH         LINE#         308
  C:0DEDH         LINE#         309
  C:0DEDH         LINE#         310
  C:0DEDH         LINE#         311
  C:0DEDH         LINE#         312
  C:0DEDH         LINE#         313
  C:0DEDH         LINE#         314
  C:0DEDH         LINE#         315
  C:0DFDH         LINE#         317
  C:0E01H         LINE#         318
  C:0E01H         LINE#         319
  C:0E04H         LINE#         320
  C:0E06H         LINE#         322
  C:0E06H         LINE#         323
  C:0E0AH         LINE#         324
  C:0E0AH         LINE#         325
  C:0E0CH         LINE#         327
  C:0E0CH         LINE#         328
  C:0E0FH         LINE#         330
  C:0E13H         LINE#         331
  C:0E13H         LINE#         332
  C:0E16H         LINE#         333
  C:0E18H         LINE#         335
  C:0E18H         LINE#         336
  C:0E1BH         LINE#         337
  C:0E1BH         LINE#         338
  C:0E1BH         LINE#         340
  C:0E1BH         LINE#         341
  C:0E1BH         LINE#         342
  C:0E1BH         LINE#         343
  C:0E1BH         LINE#         345
  C:0E22H         LINE#         346
  -------         ENDPROC       _HAL_NRF_OPEN_PIPE
  -------         PROC          _HAL_NRF_CLOSE_PIPE
  D:0052H         SYMBOL        pipe_num
BL51 BANKED LINKER/LOCATER V6.22.2.0                                                  06/04/2021  09:29:39  PAGE 20


  -------         DO            
  D:0053H         SYMBOL        en_rxaddr
  D:0054H         SYMBOL        en_aa
  -------         ENDDO         
  C:0EC7H         LINE#         349
  C:0EC9H         LINE#         350
  C:0EC9H         LINE#         353
  C:0ED0H         LINE#         354
  C:0ED7H         LINE#         356
  C:0EE3H         LINE#         357
  C:0EE3H         LINE#         358
  C:0EE3H         LINE#         359
  C:0EE3H         LINE#         360
  C:0EE3H         LINE#         361
  C:0EE3H         LINE#         362
  C:0EE3H         LINE#         363
  C:0EE3H         LINE#         364
  C:0EF3H         LINE#         365
  C:0EF5H         LINE#         366
  C:0EF7H         LINE#         368
  C:0EF7H         LINE#         369
  C:0EFAH         LINE#         370
  C:0EFCH         LINE#         371
  C:0EFCH         LINE#         373
  C:0EFCH         LINE#         374
  C:0EFCH         LINE#         375
  C:0EFCH         LINE#         376
  C:0EFCH         LINE#         378
  C:0F03H         LINE#         379
  -------         ENDPROC       _HAL_NRF_CLOSE_PIPE
  -------         PROC          _HAL_NRF_SET_ADDRESS
  D:0015H         SYMBOL        address
  D:0016H         SYMBOL        addr
  C:0F4AH         LINE#         382
  C:0F52H         LINE#         383
  C:0F52H         LINE#         384
  C:0F61H         LINE#         385
  C:0F61H         LINE#         386
  C:0F61H         LINE#         387
  C:0F61H         LINE#         388
  C:0F61H         LINE#         389
  C:0F74H         LINE#         390
  C:0F74H         LINE#         391
  C:0F74H         LINE#         392
  C:0F74H         LINE#         393
  C:0F74H         LINE#         394
  C:0F74H         LINE#         395
  C:0F86H         LINE#         396
  C:0F86H         LINE#         398
  C:0F86H         LINE#         399
  C:0F86H         LINE#         400
  C:0F86H         LINE#         401
  C:0F86H         LINE#         402
  -------         ENDPROC       _HAL_NRF_SET_ADDRESS
  -------         PROC          _HAL_NRF_GET_ADDRESS
  D:0047H         SYMBOL        address
  D:0048H         SYMBOL        addr
BL51 BANKED LINKER/LOCATER V6.22.2.0                                                  06/04/2021  09:29:39  PAGE 21


  C:10D1H         LINE#         404
  C:10D9H         LINE#         405
  C:10D9H         LINE#         406
  C:10E6H         LINE#         407
  C:10E6H         LINE#         408
  C:10E6H         LINE#         409
  C:10E6H         LINE#         410
  C:10E6H         LINE#         411
  C:10F1H         LINE#         412
  C:10F1H         LINE#         413
  C:1103H         LINE#         414
  C:1105H         LINE#         415
  C:1105H         LINE#         416
  -------         ENDPROC       _HAL_NRF_GET_ADDRESS
  -------         PROC          _HAL_NRF_SET_AUTO_RETR
  D:0003H         SYMBOL        retr
  D:0004H         SYMBOL        delay
  -------         DO            
  D:0015H         SYMBOL        setup_retr
  -------         ENDDO         
  C:12FCH         LINE#         418
  C:12FEH         LINE#         419
  C:12FEH         LINE#         421
  C:130CH         LINE#         422
  C:1317H         LINE#         424
  -------         ENDPROC       _HAL_NRF_SET_AUTO_RETR
  -------         PROC          _HAL_NRF_SET_ADDRESS_WIDTH
  D:0007H         SYMBOL        address_width
  -------         DO            
  D:0015H         SYMBOL        setup_aw
  -------         ENDDO         
  C:1454H         LINE#         427
  C:1454H         LINE#         428
  C:1454H         LINE#         430
  C:1457H         LINE#         431
  C:1464H         LINE#         433
  -------         ENDPROC       _HAL_NRF_SET_ADDRESS_WIDTH
  -------         PROC          HAL_NRF_GET_ADDRESS_WIDTH
  C:1625H         LINE#         436
  C:1625H         LINE#         437
  C:1625H         LINE#         438
  C:162EH         LINE#         439
  -------         ENDPROC       HAL_NRF_GET_ADDRESS_WIDTH
  -------         PROC          _HAL_NRF_SET_RX_PAYLOAD_WIDTH
  D:0007H         SYMBOL        pipe_num
  D:0005H         SYMBOL        pload_width
  C:16ACH         LINE#         441
  C:16ACH         LINE#         442
  C:16ACH         LINE#         443
  -------         ENDPROC       _HAL_NRF_SET_RX_PAYLOAD_WIDTH
  -------         PROC          _HAL_NRF_GET_PIPE_STATUS
  D:003DH         SYMBOL        pipe_num
  -------         DO            
  D:003EH         SYMBOL        en_rxaddr
  D:003FH         SYMBOL        en_aa
  D:0040H         SYMBOL        en_rx_r
  D:0041H         SYMBOL        en_aa_r
BL51 BANKED LINKER/LOCATER V6.22.2.0                                                  06/04/2021  09:29:39  PAGE 22


  -------         ENDDO         
  C:0AADH         LINE#         446
  C:0AAFH         LINE#         447
  C:0AAFH         LINE#         452
  C:0AB6H         LINE#         453
  C:0ABDH         LINE#         455
  C:0AD2H         LINE#         456
  C:0AD2H         LINE#         457
  C:0AD2H         LINE#         458
  C:0AD8H         LINE#         459
  C:0ADAH         LINE#         460
  C:0ADCH         LINE#         461
  C:0ADCH         LINE#         462
  C:0AE5H         LINE#         463
  C:0AEAH         LINE#         464
  C:0AECH         LINE#         465
  C:0AECH         LINE#         466
  C:0AF5H         LINE#         467
  C:0AFAH         LINE#         468
  C:0AFCH         LINE#         469
  C:0AFCH         LINE#         470
  C:0B06H         LINE#         471
  C:0B0CH         LINE#         472
  C:0B0EH         LINE#         473
  C:0B0EH         LINE#         474
  C:0B16H         LINE#         475
  C:0B1AH         LINE#         476
  C:0B1CH         LINE#         477
  C:0B1CH         LINE#         478
  C:0B25H         LINE#         479
  C:0B2EH         LINE#         480
  C:0B30H         LINE#         481
  C:0B30H         LINE#         482
  C:0B33H         LINE#         483
  C:0B35H         LINE#         484
  C:0B35H         LINE#         485
  C:0B35H         LINE#         487
  C:0B3CH         LINE#         488
  -------         ENDPROC       _HAL_NRF_GET_PIPE_STATUS
  -------         PROC          HAL_NRF_GET_AUTO_RETR_STATUS
  C:16E2H         LINE#         490
  C:16E2H         LINE#         491
  C:16E2H         LINE#         492
  -------         ENDPROC       HAL_NRF_GET_AUTO_RETR_STATUS
  -------         PROC          HAL_NRF_GET_PACKET_LOST_CTR
  C:146BH         LINE#         495
  C:146BH         LINE#         496
  C:146BH         LINE#         497
  C:1480H         LINE#         498
  -------         ENDPROC       HAL_NRF_GET_PACKET_LOST_CTR
  -------         PROC          _HAL_NRF_GET_RX_PAYLOAD_WIDTH
  D:0007H         SYMBOL        pipe_num
  -------         DO            
  D:005EH         SYMBOL        pw
  -------         ENDDO         
  C:0FC2H         LINE#         500
  C:0FC2H         LINE#         501
BL51 BANKED LINKER/LOCATER V6.22.2.0                                                  06/04/2021  09:29:39  PAGE 23


  C:0FC2H         LINE#         504
  C:0FD6H         LINE#         505
  C:0FD6H         LINE#         506
  C:0FD6H         LINE#         507
  C:0FD8H         LINE#         508
  C:0FDAH         LINE#         509
  C:0FDAH         LINE#         510
  C:0FDCH         LINE#         511
  C:0FDEH         LINE#         512
  C:0FDEH         LINE#         513
  C:0FE0H         LINE#         514
  C:0FE2H         LINE#         515
  C:0FE2H         LINE#         516
  C:0FE4H         LINE#         517
  C:0FE6H         LINE#         518
  C:0FE6H         LINE#         519
  C:0FE8H         LINE#         520
  C:0FEAH         LINE#         521
  C:0FEAH         LINE#         522
  C:0FF1H         LINE#         523
  C:0FF3H         LINE#         524
  C:0FF3H         LINE#         525
  C:0FF6H         LINE#         526
  C:0FF6H         LINE#         527
  C:0FF6H         LINE#         529
  C:0FF8H         LINE#         530
  -------         ENDPROC       _HAL_NRF_GET_RX_PAYLOAD_WIDTH
  -------         PROC          _HAL_NRF_SET_RF_CHANNEL
  D:0007H         SYMBOL        channel
  -------         DO            
  D:0015H         SYMBOL        rf_ch
  -------         ENDDO         
  C:1497H         LINE#         532
  C:1497H         LINE#         533
  C:1497H         LINE#         535
  C:149AH         LINE#         536
  C:14A5H         LINE#         537
  -------         ENDPROC       _HAL_NRF_SET_RF_CHANNEL
  -------         PROC          _HAL_NRF_SET_OUTPUT_POWER
  D:0019H         SYMBOL        power
  -------         DO            
  D:001AH         SYMBOL        rf_setup
  -------         ENDDO         
  C:137AH         LINE#         540
  C:137CH         LINE#         541
  C:137CH         LINE#         543
  C:1383H         LINE#         545
  C:1391H         LINE#         547
  -------         ENDPROC       _HAL_NRF_SET_OUTPUT_POWER
  -------         PROC          _HAL_NRF_SET_DATARATE
  D:0015H         SYMBOL        datarate
  -------         DO            
  D:0016H         SYMBOL        rf_setup
  -------         ENDDO         
  C:11C0H         LINE#         550
  C:11C2H         LINE#         551
  C:11C2H         LINE#         553
BL51 BANKED LINKER/LOCATER V6.22.2.0                                                  06/04/2021  09:29:39  PAGE 24


  C:11C9H         LINE#         555
  C:11D1H         LINE#         556
  C:11D1H         LINE#         557
  C:11D1H         LINE#         558
  C:11D4H         LINE#         559
  C:11D4H         LINE#         560
  C:11D6H         LINE#         561
  C:11D6H         LINE#         562
  C:11D9H         LINE#         563
  C:11DCH         LINE#         564
  C:11DEH         LINE#         565
  C:11DEH         LINE#         566
  C:11DEH         LINE#         567
  C:11E1H         LINE#         568
  C:11E4H         LINE#         569
  C:11E4H         LINE#         570
  C:11E4H         LINE#         572
  -------         ENDPROC       _HAL_NRF_SET_DATARATE
  -------         PROC          HAL_NRF_RX_FIFO_EMPTY
  C:162FH         LINE#         575
  C:162FH         LINE#         576
  C:162FH         LINE#         577
  C:1638H         LINE#         578
  -------         ENDPROC       HAL_NRF_RX_FIFO_EMPTY
  -------         PROC          HAL_NRF_RX_FIFO_FULL
  C:005EH         LINE#         580
  C:005EH         LINE#         581
  C:005EH         LINE#         582
  C:0069H         LINE#         583
  -------         ENDPROC       HAL_NRF_RX_FIFO_FULL
  -------         PROC          HAL_NRF_TX_FIFO_EMPTY
  C:15CFH         LINE#         585
  C:15CFH         LINE#         586
  C:15CFH         LINE#         587
  C:15D9H         LINE#         588
  -------         ENDPROC       HAL_NRF_TX_FIFO_EMPTY
  -------         PROC          HAL_NRF_TX_FIFO_FULL
  C:159FH         LINE#         590
  C:159FH         LINE#         591
  C:159FH         LINE#         592
  C:15AAH         LINE#         593
  -------         ENDPROC       HAL_NRF_TX_FIFO_FULL
  -------         PROC          HAL_NRF_GET_TX_FIFO_STATUS
  C:1481H         LINE#         595
  C:1481H         LINE#         596
  C:1481H         LINE#         597
  C:1496H         LINE#         598
  -------         ENDPROC       HAL_NRF_GET_TX_FIFO_STATUS
  -------         PROC          HAL_NRF_GET_RX_FIFO_STATUS
  C:1639H         LINE#         600
  C:1639H         LINE#         601
  C:1639H         LINE#         602
  C:1642H         LINE#         603
  -------         ENDPROC       HAL_NRF_GET_RX_FIFO_STATUS
  -------         PROC          HAL_NRF_GET_FIFO_STATUS
  C:16E7H         LINE#         605
  C:16E7H         LINE#         606
BL51 BANKED LINKER/LOCATER V6.22.2.0                                                  06/04/2021  09:29:39  PAGE 25


  C:16E7H         LINE#         607
  -------         ENDPROC       HAL_NRF_GET_FIFO_STATUS
  -------         PROC          HAL_NRF_GET_TRANSMIT_ATTEMPTS
  C:1643H         LINE#         610
  C:1643H         LINE#         611
  C:1643H         LINE#         612
  C:164CH         LINE#         613
  -------         ENDPROC       HAL_NRF_GET_TRANSMIT_ATTEMPTS
  -------         PROC          HAL_NRF_GET_CARRIER_DETECT
  C:164DH         LINE#         615
  C:164DH         LINE#         616
  C:164DH         LINE#         617
  C:1656H         LINE#         618
  -------         ENDPROC       HAL_NRF_GET_CARRIER_DETECT
  -------         PROC          HAL_NRF_ACTIVATE_FEATURES
  C:005AH         LINE#         620
  C:005AH         LINE#         621
  -------         ENDPROC       HAL_NRF_ACTIVATE_FEATURES
  -------         PROC          _HAL_NRF_SETUP_DYNAMIC_PAYLOAD
  D:0007H         SYMBOL        setup
  -------         DO            
  D:005FH         SYMBOL        dynpd
  -------         ENDDO         
  C:15ABH         LINE#         623
  C:15ABH         LINE#         624
  C:15ABH         LINE#         626
  C:15B0H         LINE#         628
  -------         ENDPROC       _HAL_NRF_SETUP_DYNAMIC_PAYLOAD
  -------         PROC          _HAL_NRF_ENABLE_DYNAMIC_PAYLOAD
  D:0055H         SYMBOL        enable
  -------         DO            
  D:0056H         SYMBOL        feature
  -------         ENDDO         
  C:1216H         LINE#         631
  C:1218H         LINE#         632
  C:1218H         LINE#         634
  C:121FH         LINE#         635
  C:1238H         LINE#         637
  -------         ENDPROC       _HAL_NRF_ENABLE_DYNAMIC_PAYLOAD
  -------         PROC          _HAL_NRF_ENABLE_ACK_PAYLOAD
  D:0015H         SYMBOL        enable
  -------         DO            
  D:0016H         SYMBOL        feature
  -------         ENDDO         
  C:1267H         LINE#         640
  C:1269H         LINE#         641
  C:1269H         LINE#         643
  C:1270H         LINE#         644
  C:1287H         LINE#         646
  -------         ENDPROC       _HAL_NRF_ENABLE_ACK_PAYLOAD
  -------         PROC          _HAL_NRF_ENABLE_DYNAMIC_ACK
  D:0057H         SYMBOL        enable
  -------         DO            
  D:0058H         SYMBOL        feature
  -------         ENDDO         
  C:12B3H         LINE#         649
  C:12B5H         LINE#         650
BL51 BANKED LINKER/LOCATER V6.22.2.0                                                  06/04/2021  09:29:39  PAGE 26


  C:12B5H         LINE#         652
  C:12BCH         LINE#         653
  C:12D1H         LINE#         655
  -------         ENDPROC       _HAL_NRF_ENABLE_DYNAMIC_ACK
  -------         PROC          _HAL_NRF_WRITE_TX_PAYLOAD
  D:0001H         SYMBOL        tx_pload
  D:0005H         SYMBOL        length
  C:16B3H         LINE#         658
  C:16B3H         LINE#         659
  C:16B3H         LINE#         660
  -------         ENDPROC       _HAL_NRF_WRITE_TX_PAYLOAD
  -------         PROC          _HAL_NRF_WRITE_TX_PAYLOAD_NOACK
  D:0001H         SYMBOL        tx_pload
  D:0005H         SYMBOL        length
  C:16BAH         LINE#         663
  C:16BAH         LINE#         664
  C:16BAH         LINE#         665
  -------         ENDPROC       _HAL_NRF_WRITE_TX_PAYLOAD_NOACK
  -------         PROC          _HAL_NRF_WRITE_ACK_PAYLOAD
  D:0007H         SYMBOL        pipe
  D:0001H         SYMBOL        tx_pload
  D:0046H         SYMBOL        length
  C:1657H         LINE#         668
  C:1657H         LINE#         669
  C:1657H         LINE#         670
  -------         ENDPROC       _HAL_NRF_WRITE_ACK_PAYLOAD
  -------         PROC          HAL_NRF_READ_RX_PAYLOAD_WIDTH
  C:16ECH         LINE#         673
  C:16ECH         LINE#         674
  C:16ECH         LINE#         675
  -------         ENDPROC       HAL_NRF_READ_RX_PAYLOAD_WIDTH
  -------         PROC          _HAL_NRF_READ_RX_PAYLOAD
  D:0001H         SYMBOL        rx_pload
  C:16F1H         LINE#         678
  C:16F1H         LINE#         679
  C:16F1H         LINE#         680
  -------         ENDPROC       _HAL_NRF_READ_RX_PAYLOAD
  -------         PROC          HAL_NRF_GET_RX_DATA_SOURCE
  C:1583H         LINE#         683
  C:1583H         LINE#         684
  C:1583H         LINE#         685
  C:1590H         LINE#         686
  -------         ENDPROC       HAL_NRF_GET_RX_DATA_SOURCE
  -------         PROC          HAL_NRF_REUSE_TX
  C:1661H         LINE#         688
  C:1661H         LINE#         689
  C:1661H         LINE#         690
  C:1663H         LINE#         691
  C:1668H         LINE#         692
  C:166AH         LINE#         693
  -------         ENDPROC       HAL_NRF_REUSE_TX
  -------         PROC          HAL_NRF_GET_REUSE_TX_STATUS
  C:14FCH         LINE#         695
  C:14FCH         LINE#         696
  C:14FCH         LINE#         697
  C:150EH         LINE#         698
  -------         ENDPROC       HAL_NRF_GET_REUSE_TX_STATUS
BL51 BANKED LINKER/LOCATER V6.22.2.0                                                  06/04/2021  09:29:39  PAGE 27


  -------         PROC          HAL_NRF_FLUSH_RX
  C:166BH         LINE#         700
  C:166BH         LINE#         701
  C:166BH         LINE#         702
  C:166DH         LINE#         703
  C:1672H         LINE#         704
  C:1674H         LINE#         705
  -------         ENDPROC       HAL_NRF_FLUSH_RX
  -------         PROC          HAL_NRF_FLUSH_TX
  C:1675H         LINE#         707
  C:1675H         LINE#         708
  C:1675H         LINE#         709
  C:1677H         LINE#         710
  C:167CH         LINE#         711
  C:167EH         LINE#         712
  -------         ENDPROC       HAL_NRF_FLUSH_TX
  -------         PROC          HAL_NRF_NOP
  -------         DO            
  D:0007H         SYMBOL        retval
  -------         ENDDO         
  C:167FH         LINE#         714
  C:167FH         LINE#         715
  C:167FH         LINE#         718
  C:1681H         LINE#         719
  C:1686H         LINE#         720
  C:1688H         LINE#         722
  C:1688H         LINE#         723
  -------         ENDPROC       HAL_NRF_NOP
  -------         PROC          _HAL_NRF_SET_PLL_MODE
  D:0059H         SYMBOL        pll_lock
  -------         DO            
  D:005AH         SYMBOL        rf_setup
  -------         ENDDO         
  C:123FH         LINE#         725
  C:1241H         LINE#         726
  C:1241H         LINE#         728
  C:1248H         LINE#         729
  C:1260H         LINE#         731
  -------         ENDPROC       _HAL_NRF_SET_PLL_MODE
  -------         PROC          _HAL_NRF_ENABLE_CONTINIOUS_WAVE
  D:005BH         SYMBOL        enable
  -------         DO            
  D:005CH         SYMBOL        rf_setup
  -------         ENDDO         
  C:11EBH         LINE#         734
  C:11EDH         LINE#         735
  C:11EDH         LINE#         737
  C:11F4H         LINE#         738
  C:120FH         LINE#         740
  -------         ENDPROC       _HAL_NRF_ENABLE_CONTINIOUS_WAVE
  -------         PROC          _HAL_NRF_READ_REG
  D:0007H         SYMBOL        reg
  -------         DO            
  D:0007H         SYMBOL        temp
  -------         ENDDO         
  C:13EEH         LINE#         743
  C:13EEH         LINE#         744
BL51 BANKED LINKER/LOCATER V6.22.2.0                                                  06/04/2021  09:29:39  PAGE 28


  C:13EEH         LINE#         747
  C:13F0H         LINE#         749
  C:13F2H         LINE#         750
  C:13F8H         LINE#         751
  C:13FAH         LINE#         753
  C:13FDH         LINE#         754
  C:1403H         LINE#         755
  C:1405H         LINE#         757
  C:1407H         LINE#         759
  C:1407H         LINE#         760
  -------         ENDPROC       _HAL_NRF_READ_REG
  -------         PROC          _HAL_NRF_WRITE_REG
  D:0007H         SYMBOL        reg
  D:0005H         SYMBOL        value
  -------         DO            
  D:0007H         SYMBOL        retval
  D:0060H         SYMBOL        dummy
  -------         ENDDO         
  C:13B5H         LINE#         762
  C:13B5H         LINE#         763
  C:13B5H         LINE#         770
  C:13B7H         LINE#         772
  C:13BCH         LINE#         773
  C:13C2H         LINE#         774
  C:13C4H         LINE#         776
  C:13C6H         LINE#         777
  C:13CCH         LINE#         778
  C:13CFH         LINE#         780
  C:13D1H         LINE#         782
  C:13D1H         LINE#         783
  -------         ENDPROC       _HAL_NRF_WRITE_REG
  -------         PROC          _HAL_NRF_READ_MULTIBYTE_REG
  D:0008H         SYMBOL        reg
  D:0009H         SYMBOL        pbuf
  -------         DO            
  D:000CH         SYMBOL        ctr
  D:000DH         SYMBOL        length
  D:000EH         SYMBOL        memtype
  D:000FH         SYMBOL        read_byte
  D:0010H         SYMBOL        first_round
  -------         DO            
  D:0011H         SYMBOL        buf
  D:0011H         SYMBOL        buf
  D:0011H         SYMBOL        buf
  D:0011H         SYMBOL        buf
  -------         ENDDO         
  -------         DO            
  D:0011H         SYMBOL        buf
  D:0011H         SYMBOL        buf
  D:0011H         SYMBOL        buf
  -------         ENDDO         
  -------         DO            
  D:0011H         SYMBOL        buf
  D:0011H         SYMBOL        buf
  -------         ENDDO         
  -------         DO            
  D:0011H         SYMBOL        buf
BL51 BANKED LINKER/LOCATER V6.22.2.0                                                  06/04/2021  09:29:39  PAGE 29


  -------         ENDDO         
  -------         ENDDO         
  C:038EH         LINE#         804
  C:0396H         LINE#         805
  C:0396H         LINE#         810
  C:0399H         LINE#         812
  C:039CH         LINE#         814
  C:03ADH         LINE#         815
  C:03ADH         LINE#         816
  C:03ADH         LINE#         817
  C:03ADH         LINE#         818
  C:03ADH         LINE#         819
  C:03B4H         LINE#         820
  C:03B6H         LINE#         821
  C:03BBH         LINE#         822
  C:03BDH         LINE#         824
  C:03BDH         LINE#         825
  C:03C2H         LINE#         826
  C:03CBH         LINE#         827
  C:03CBH         LINE#         828
  C:03D2H         LINE#         829
  C:03D4H         LINE#         830
  C:03D9H         LINE#         831
  C:03DBH         LINE#         838
  C:03DBH         LINE#         839
  C:03E0H         LINE#         840
  C:03E0H         LINE#         841
  C:03E0H         LINE#         843
  C:03E7H         LINE#         844
  C:03E7H         LINE#         845
  C:03EAH         LINE#         846
  C:040CH         LINE#         847
  C:040FH         LINE#         848
  C:0415H         LINE#         849
  C:0415H         LINE#         850
  C:041BH         LINE#         851
  C:044DH         LINE#         852
  C:044FH         LINE#         853
  C:0455H         LINE#         854
  C:0455H         LINE#         855
  C:0458H         LINE#         856
  C:047CH         LINE#         857
  C:047EH         LINE#         859
  C:047EH         LINE#         860
  C:0487H         LINE#         861
  C:04C0H         LINE#         862
  C:04C0H         LINE#         864
  C:04C2H         LINE#         866
  C:04C8H         LINE#         867
  -------         ENDPROC       _HAL_NRF_READ_MULTIBYTE_REG
  -------         PROC          _HAL_NRF_WRITE_MULTIBYTE_REG
  D:0007H         SYMBOL        reg
  D:001AH         SYMBOL        pbuf
  D:001DH         SYMBOL        length
  -------         DO            
  D:0005H         SYMBOL        memtype
  D:0006H         SYMBOL        next
BL51 BANKED LINKER/LOCATER V6.22.2.0                                                  06/04/2021  09:29:39  PAGE 30


  D:001EH         SYMBOL        dummy
  -------         DO            
  D:001FH         SYMBOL        buf
  D:001FH         SYMBOL        buf
  D:001FH         SYMBOL        buf
  D:001FH         SYMBOL        buf
  -------         ENDDO         
  -------         DO            
  D:001FH         SYMBOL        buf
  D:001FH         SYMBOL        buf
  D:001FH         SYMBOL        buf
  -------         ENDDO         
  -------         DO            
  D:001FH         SYMBOL        buf
  D:001FH         SYMBOL        buf
  -------         ENDDO         
  -------         DO            
  D:001FH         SYMBOL        buf
  -------         ENDDO         
  -------         ENDDO         
  C:0966H         LINE#         878
  C:096CH         LINE#         882
  C:096CH         LINE#         887
  C:096EH         LINE#         889
  C:0970H         LINE#         890
  C:0972H         LINE#         892
  C:0975H         LINE#         893
  C:0975H         LINE#         894
  C:0978H         LINE#         895
  C:098CH         LINE#         896
  C:098EH         LINE#         897
  C:0993H         LINE#         898
  C:0993H         LINE#         899
  C:0999H         LINE#         900
  C:09B7H         LINE#         901
  C:09B9H         LINE#         902
  C:09BEH         LINE#         903
  C:09BEH         LINE#         904
  C:09C1H         LINE#         905
  C:09D5H         LINE#         906
  C:09D7H         LINE#         908
  C:09D7H         LINE#         909
  C:09E0H         LINE#         910
  C:0A03H         LINE#         911
  C:0A03H         LINE#         913
  C:0A09H         LINE#         914
  C:0A0CH         LINE#         915
  C:0A0EH         LINE#         916
  -------         ENDPROC       _HAL_NRF_WRITE_MULTIBYTE_REG
  -------         ENDMOD        HAL_NRF

  -------         MODULE        HAL_CLK
  C:0000H         SYMBOL        _ICE_DUMMY_
  D:0080H         PUBLIC        P0
  D:0090H         PUBLIC        P1
  D:00A0H         PUBLIC        P2
  D:00B0H         PUBLIC        P3
BL51 BANKED LINKER/LOCATER V6.22.2.0                                                  06/04/2021  09:29:39  PAGE 31


  D:00A8H         PUBLIC        IEN0
  D:00B8H         PUBLIC        IEN1
  C:15B7H         PUBLIC        _hal_clk_set_freq
  D:00A3H         PUBLIC        CLKCTRL
  C:1544H         PUBLIC        _hal_clk_set_input
  C:16D6H         PUBLIC        hal_clklf_phase
  C:16DCH         PUBLIC        hal_clklf_ready
  C:15DAH         PUBLIC        hal_clk_get_16m_source
  D:00ADH         PUBLIC        CLKLFCTRL
  C:1574H         PUBLIC        _hal_clk_set_16m_source
  D:0088H         PUBLIC        TCON
  C:15C3H         PUBLIC        _hal_clklf_set_source
  D:0098H         PUBLIC        S0CON
  D:00D8H         PUBLIC        ADCON
  D:00C8H         PUBLIC        T2CON
  D:00F8H         PUBLIC        FSR
  C:1555H         PUBLIC        _hal_clk_regret_xosc16m_on
  D:00E8H         PUBLIC        RFCON
  D:00D0H         PUBLIC        PSW
  D:00C0H         PUBLIC        IRCON
  -------         PROC          _HAL_CLK_REGRET_XOSC16M_ON
  D:0007H         SYMBOL        on
  C:1555H         LINE#         22
  C:1555H         LINE#         23
  C:1555H         LINE#         24
  C:1558H         LINE#         25
  C:1558H         LINE#         26
  C:1560H         LINE#         27
  C:1561H         LINE#         29
  C:1561H         LINE#         30
  C:1564H         LINE#         31
  C:1564H         LINE#         32
  -------         ENDPROC       _HAL_CLK_REGRET_XOSC16M_ON
  -------         PROC          _HAL_CLK_SET_INPUT
  D:0007H         SYMBOL        input
  C:1544H         LINE#         34
  C:1544H         LINE#         35
  C:1544H         LINE#         36
  C:1554H         LINE#         37
  -------         ENDPROC       _HAL_CLK_SET_INPUT
  -------         PROC          _HAL_CLK_SET_16M_SOURCE
  D:0007H         SYMBOL        source
  C:1574H         LINE#         39
  C:1574H         LINE#         40
  C:1574H         LINE#         41
  C:1582H         LINE#         42
  -------         ENDPROC       _HAL_CLK_SET_16M_SOURCE
  -------         PROC          HAL_CLK_GET_16M_SOURCE
  -------         DO            
  D:0007H         SYMBOL        clock_source
  -------         ENDDO         
  C:15DAH         LINE#         44
  C:15DAH         LINE#         45
  C:15DAH         LINE#         47
  C:15DFH         LINE#         48
  C:15DFH         LINE#         49
  C:15E1H         LINE#         50
BL51 BANKED LINKER/LOCATER V6.22.2.0                                                  06/04/2021  09:29:39  PAGE 32


  C:15E2H         LINE#         52
  C:15E2H         LINE#         53
  C:15E4H         LINE#         54
  C:15E4H         LINE#         56
  C:15E4H         LINE#         57
  -------         ENDPROC       HAL_CLK_GET_16M_SOURCE
  -------         PROC          _HAL_CLK_SET_FREQ
  D:0007H         SYMBOL        freq
  C:15B7H         LINE#         59
  C:15B7H         LINE#         60
  C:15B7H         LINE#         61
  C:15C2H         LINE#         62
  -------         ENDPROC       _HAL_CLK_SET_FREQ
  -------         PROC          HAL_CLKLF_PHASE
  C:16D6H         LINE#         64
  C:16D6H         LINE#         65
  C:16D6H         LINE#         66
  C:16DBH         LINE#         67
  -------         ENDPROC       HAL_CLKLF_PHASE
  -------         PROC          HAL_CLKLF_READY
  C:16DCH         LINE#         69
  C:16DCH         LINE#         70
  C:16DCH         LINE#         71
  C:16E1H         LINE#         72
  -------         ENDPROC       HAL_CLKLF_READY
  -------         PROC          _HAL_CLKLF_SET_SOURCE
  D:0007H         SYMBOL        source
  C:15C3H         LINE#         74
  C:15C3H         LINE#         75
  C:15C3H         LINE#         76
  C:15CEH         LINE#         77
  -------         ENDPROC       _HAL_CLKLF_SET_SOURCE
  -------         ENDMOD        HAL_CLK

  -------         MODULE        HAL_DELAY
  C:0000H         SYMBOL        _ICE_DUMMY_
  C:14ACH         PUBLIC        _delay_ms
  C:1413H         PUBLIC        _delay_us
  -------         PROC          L?0011
  -------         ENDPROC       L?0011
[...]
  D:0007H         SYMBOL        aes_state
  -------         DO            
  D:0003H         SYMBOL        col
  D:0005H         SYMBOL        r
  D:0006H         SYMBOL        tmp
BL51 BANKED LINKER/LOCATER V6.22.2.0                                                  06/04/2021  09:29:39  PAGE 36


  -------         ENDDO         
  C:0207H         LINE#         196
  C:0207H         LINE#         197
  C:0207H         LINE#         211
  C:0221H         LINE#         213
  C:0223H         LINE#         215
  C:0227H         LINE#         216
  C:0229H         LINE#         218
  C:022FH         LINE#         221
  C:023DH         LINE#         222
  C:023FH         LINE#         224
  C:0243H         LINE#         227
  C:0252H         LINE#         228
  C:0254H         LINE#         230
  C:0258H         LINE#         233
  C:0261H         LINE#         234
  C:0263H         LINE#         236
  C:0267H         LINE#         240
  C:0284H         LINE#         241
  C:0286H         LINE#         243
  C:028AH         LINE#         244
  C:028CH         LINE#         245
  C:0290H         LINE#         247
  C:029FH         LINE#         248
  C:02A1H         LINE#         249
  C:02A5H         LINE#         251
  C:02B4H         LINE#         252
  C:02B6H         LINE#         253
  C:02BAH         LINE#         255
  C:02C3H         LINE#         256
  C:02C5H         LINE#         257
  C:02C9H         LINE#         260
  C:02E6H         LINE#         261
  C:02E8H         LINE#         263
  C:02ECH         LINE#         264
  C:02EEH         LINE#         265
  C:02F2H         LINE#         267
  C:0301H         LINE#         268
  C:0303H         LINE#         269
  C:0307H         LINE#         271
  C:0316H         LINE#         272
  C:0318H         LINE#         273
  C:031CH         LINE#         275
  C:0325H         LINE#         276
  C:0327H         LINE#         277
  C:032BH         LINE#         280
  C:0347H         LINE#         281
  C:0349H         LINE#         283
  C:034CH         LINE#         284
  C:034EH         LINE#         285
  C:0354H         LINE#         287
  C:0363H         LINE#         288
  C:0365H         LINE#         289
  C:0369H         LINE#         291
  C:0378H         LINE#         292
  C:037AH         LINE#         293
  C:037EH         LINE#         295
BL51 BANKED LINKER/LOCATER V6.22.2.0                                                  06/04/2021  09:29:39  PAGE 37


  C:0387H         LINE#         296
  C:0389H         LINE#         297
  C:038DH         LINE#         298
  -------         ENDPROC       _MIX_COLUMNS_HW
  -------         ENDMOD        HAL_AES

  -------         MODULE        HAL_FLASH
  C:0000H         SYMBOL        _ICE_DUMMY_
  D:0080H         PUBLIC        P0
  D:0090H         PUBLIC        P1
  D:00A0H         PUBLIC        P2
  D:00B0H         PUBLIC        P3
  B:00A8H.7       PUBLIC        EA
  D:00A8H         PUBLIC        IEN0
  D:00B8H         PUBLIC        IEN1
  C:14C0H         PUBLIC        _hal_flash_page_erase
  C:12D8H         PUBLIC        _hal_flash_bytes_read
  D:0088H         PUBLIC        TCON
  C:16C8H         PUBLIC        _hal_flash_byte_read
  B:00F8H.4       PUBLIC        RDYN
  C:0E79H         PUBLIC        _hal_flash_bytes_write
  C:13D2H         PUBLIC        _hal_flash_byte_write
  D:00FAH         PUBLIC        FCR
  D:0098H         PUBLIC        S0CON
  D:00D8H         PUBLIC        ADCON
  D:00C8H         PUBLIC        T2CON
  B:00F8H.5       PUBLIC        WEN
  D:00F8H         PUBLIC        FSR
  B:00D0H.5       PUBLIC        F0
  D:00E8H         PUBLIC        RFCON
  D:00D0H         PUBLIC        PSW
  D:00C0H         PUBLIC        IRCON
  -------         PROC          _HAL_FLASH_PAGE_ERASE
  D:0007H         SYMBOL        pn
  C:14C0H         LINE#         21
  C:14C0H         LINE#         22
  C:14C0H         LINE#         24
  C:14C4H         LINE#         25
  C:14C6H         LINE#         28
  C:14C8H         LINE#         33
  C:14CAH         LINE#         36
  C:14CDH         LINE#         39
  C:14CFH         LINE#         41
  C:14D3H         LINE#         42
  -------         ENDPROC       _HAL_FLASH_PAGE_ERASE
  -------         PROC          _HAL_FLASH_BYTE_WRITE
  D:0006H         SYMBOL        a
  D:0005H         SYMBOL        b
  -------         DO            
  D:004BH         SYMBOL        pb
  -------         ENDDO         
  C:13D2H         LINE#         44
  C:13D2H         LINE#         45
  C:13D2H         LINE#         49
  C:13D6H         LINE#         50
  C:13D8H         LINE#         53
  C:13DAH         LINE#         58
BL51 BANKED LINKER/LOCATER V6.22.2.0                                                  06/04/2021  09:29:39  PAGE 38


  C:13DEH         LINE#         59
  C:13E4H         LINE#         62
  C:13E7H         LINE#         65
  C:13E9H         LINE#         67
  C:13EDH         LINE#         68
  -------         ENDPROC       _HAL_FLASH_BYTE_WRITE
  -------         PROC          _HAL_FLASH_BYTES_WRITE
  D:0006H         SYMBOL        a
  D:0017H         SYMBOL        p
  D:001AH         SYMBOL        n
  -------         DO            
  D:004DH         SYMBOL        pb
  -------         ENDDO         
  C:0E79H         LINE#         70
  C:0E7FH         LINE#         71
  C:0E7FH         LINE#         75
  C:0E83H         LINE#         76
  C:0E85H         LINE#         79
  C:0E87H         LINE#         84
  C:0E8BH         LINE#         85
  C:0E98H         LINE#         86
  C:0E98H         LINE#         87
  C:0EBBH         LINE#         91
  C:0EC0H         LINE#         93
  C:0EC0H         LINE#         95
  C:0EC2H         LINE#         97
  C:0EC6H         LINE#         98
  -------         ENDPROC       _HAL_FLASH_BYTES_WRITE
  -------         PROC          _HAL_FLASH_BYTE_READ
  D:0006H         SYMBOL        a
  -------         DO            
  D:0082H         SYMBOL        pb
  -------         ENDDO         
  C:16C8H         LINE#         100
  C:16C8H         LINE#         101
  C:16C8H         LINE#         102
  C:16CCH         LINE#         103
  C:16CEH         LINE#         104
  -------         ENDPROC       _HAL_FLASH_BYTE_READ
  -------         PROC          _HAL_FLASH_BYTES_READ
  D:0006H         SYMBOL        a
  D:0001H         SYMBOL        p
  D:001FH         SYMBOL        n
  -------         DO            
  D:0006H         SYMBOL        pb
  -------         ENDDO         
  C:12D8H         LINE#         106
  C:12D8H         LINE#         107
  C:12D8H         LINE#         108
  C:12D8H         LINE#         109
  C:12E5H         LINE#         110
  C:12E5H         LINE#         111
  C:12EDH         LINE#         112
  C:12F2H         LINE#         113
  C:12F9H         LINE#         114
  C:12FBH         LINE#         115
  -------         ENDPROC       _HAL_FLASH_BYTES_READ
BL51 BANKED LINKER/LOCATER V6.22.2.0                                                  06/04/2021  09:29:39  PAGE 39


  -------         ENDMOD        HAL_FLASH

  -------         MODULE        HAL_WDOG
  C:0000H         SYMBOL        _ICE_DUMMY_
  D:0080H         PUBLIC        P0
  D:0090H         PUBLIC        P1
  D:00A0H         PUBLIC        P2
  D:00B0H         PUBLIC        P3
  D:00A8H         PUBLIC        IEN0
  D:00B8H         PUBLIC        IEN1
  C:169BH         PUBLIC        hal_wdog_restart
  D:0088H         PUBLIC        TCON
  D:00AFH         PUBLIC        WDSV
  C:16CFH         PUBLIC        _hal_wdog_init
  D:0098H         PUBLIC        S0CON
  D:00D8H         PUBLIC        ADCON
  D:00C8H         PUBLIC        T2CON
  D:00F8H         PUBLIC        FSR
  D:00E8H         PUBLIC        RFCON
  D:00D0H         PUBLIC        PSW
  D:00C0H         PUBLIC        IRCON
  -------         PROC          _HAL_WDOG_INIT
  D:0006H         SYMBOL        start_value
  C:16CFH         LINE#         25
  C:16CFH         LINE#         26
  C:16CFH         LINE#         28
  C:16D2H         LINE#         29
  C:16D5H         LINE#         36
  -------         ENDPROC       _HAL_WDOG_INIT
  -------         PROC          HAL_WDOG_RESTART
  -------         DO            
  D:0006H         SYMBOL        wd_msb
  D:0007H         SYMBOL        wd_lsb
  -------         ENDDO         
  C:169BH         LINE#         38
  C:169BH         LINE#         39
  C:169BH         LINE#         43
  C:169DH         LINE#         44
  C:169FH         LINE#         45
  C:16A1H         LINE#         46
  C:16A3H         LINE#         55
  -------         ENDPROC       HAL_WDOG_RESTART
  -------         ENDMOD        HAL_WDOG

  -------         MODULE        HAL_RTC
  C:0000H         SYMBOL        _ICE_DUMMY_
  D:0080H         PUBLIC        P0
  D:0090H         PUBLIC        P1
  D:00A0H         PUBLIC        P2
  D:00B0H         PUBLIC        P3
  D:00A8H         PUBLIC        IEN0
  D:00B8H         PUBLIC        IEN1
  D:00B4H         PUBLIC        RTC2CMP0
  D:00B5H         PUBLIC        RTC2CMP1
  C:16FAH         PUBLIC        hal_rtc_get_capture_clock_cycles
  D:0088H         PUBLIC        TCON
  C:16F6H         PUBLIC        hal_rtc_capture
BL51 BANKED LINKER/LOCATER V6.22.2.0                                                  06/04/2021  09:29:39  PAGE 40


  C:14D4H         PUBLIC        hal_rtc_get_compare_value
  C:150FH         PUBLIC        _hal_rtc_set_compare_value
  C:14E8H         PUBLIC        hal_rtc_get_capture_value
  C:1591H         PUBLIC        _hal_rtc_set_compare_mode
  D:0098H         PUBLIC        S0CON
  D:00B6H         PUBLIC        RTC2CPT00
  D:00D8H         PUBLIC        ADCON
  D:00ACH         PUBLIC        RTC2CPT10
  D:00ABH         PUBLIC        RTC2CPT01
  D:00C8H         PUBLIC        T2CON
  D:00F8H         PUBLIC        FSR
  C:15F0H         PUBLIC        _hal_rtc_start
  C:15E5H         PUBLIC        _hal_rtc_radio_capture_enable
  D:00E8H         PUBLIC        RFCON
  D:00D0H         PUBLIC        PSW
  D:00C0H         PUBLIC        IRCON
  D:00B3H         PUBLIC        RTC2CON
  -------         PROC          HAL_RTC_CAPTURE
  C:16F6H         LINE#         22
  C:16F6H         LINE#         23
  C:16F6H         LINE#         24
  C:16F9H         LINE#         25
  -------         ENDPROC       HAL_RTC_CAPTURE
  -------         PROC          _HAL_RTC_RADIO_CAPTURE_ENABLE
  D:0007H         SYMBOL        en
  C:15E5H         LINE#         27
  C:15E5H         LINE#         28
  C:15E5H         LINE#         29
  C:15E8H         LINE#         30
  C:15E8H         LINE#         31
  C:15EBH         LINE#         32
  C:15ECH         LINE#         34
  C:15ECH         LINE#         35
  C:15EFH         LINE#         36
  C:15EFH         LINE#         37
  -------         ENDPROC       _HAL_RTC_RADIO_CAPTURE_ENABLE
  -------         PROC          _HAL_RTC_SET_COMPARE_MODE
  D:0007H         SYMBOL        mode
  C:1591H         LINE#         39
  C:1591H         LINE#         40
  C:1591H         LINE#         41
  C:159EH         LINE#         42
  -------         ENDPROC       _HAL_RTC_SET_COMPARE_MODE
  -------         PROC          _HAL_RTC_START
  D:0007H         SYMBOL        en
  C:15F0H         LINE#         44
  C:15F0H         LINE#         45
  C:15F0H         LINE#         46
  C:15F3H         LINE#         47
  C:15F3H         LINE#         48
  C:15F6H         LINE#         49
  C:15F7H         LINE#         51
  C:15F7H         LINE#         52
  C:15FAH         LINE#         53
  C:15FAH         LINE#         54
  -------         ENDPROC       _HAL_RTC_START
  -------         PROC          _HAL_RTC_SET_COMPARE_VALUE
BL51 BANKED LINKER/LOCATER V6.22.2.0                                                  06/04/2021  09:29:39  PAGE 41


  D:0006H         SYMBOL        value
  -------         DO            
  D:0005H         SYMBOL        compare_status
  -------         ENDDO         
  C:150FH         LINE#         56
  C:150FH         LINE#         57
  C:150FH         LINE#         59
  C:1514H         LINE#         60
  C:1517H         LINE#         61
  C:151AH         LINE#         62
  C:151DH         LINE#         63
  C:1520H         LINE#         64
  -------         ENDPROC       _HAL_RTC_SET_COMPARE_VALUE
  -------         PROC          HAL_RTC_GET_COMPARE_VALUE
  -------         DO            
  D:0005H         SYMBOL        compare_status
  D:0006H         SYMBOL        value
  -------         ENDDO         
  C:14D4H         LINE#         66
  C:14D4H         LINE#         67
  C:14D4H         LINE#         70
  C:14D9H         LINE#         71
  C:14DCH         LINE#         72
  C:14DEH         LINE#         73
  C:14E0H         LINE#         74
  C:14E4H         LINE#         75
  C:14E7H         LINE#         76
  C:14E7H         LINE#         77
  -------         ENDPROC       HAL_RTC_GET_COMPARE_VALUE
  -------         PROC          HAL_RTC_GET_CAPTURE_VALUE
  -------         DO            
  D:0005H         SYMBOL        capture_status
  D:0006H         SYMBOL        value
  -------         ENDDO         
  C:14E8H         LINE#         79
  C:14E8H         LINE#         80
  C:14E8H         LINE#         83
  C:14EDH         LINE#         84
  C:14F0H         LINE#         85
  C:14F2H         LINE#         86
  C:14F4H         LINE#         87
  C:14F8H         LINE#         88
  C:14FBH         LINE#         89
  C:14FBH         LINE#         90
  -------         ENDPROC       HAL_RTC_GET_CAPTURE_VALUE
  -------         PROC          HAL_RTC_GET_CAPTURE_CLOCK_CYCLES
  C:16FAH         LINE#         92
  C:16FAH         LINE#         93
  C:16FAH         LINE#         94
  C:16FCH         LINE#         95
  -------         ENDPROC       HAL_RTC_GET_CAPTURE_CLOCK_CYCLES
  -------         ENDMOD        HAL_RTC

  -------         MODULE        HAL_RNG
  C:0000H         SYMBOL        _ICE_DUMMY_
  D:0080H         PUBLIC        P0
  D:0090H         PUBLIC        P1
BL51 BANKED LINKER/LOCATER V6.22.2.0                                                  06/04/2021  09:29:39  PAGE 42


  D:00A0H         PUBLIC        P2
  D:00B0H         PUBLIC        P3
  D:00A8H         PUBLIC        IEN0
  D:00B8H         PUBLIC        IEN1
  D:0088H         PUBLIC        TCON
  C:15FBH         PUBLIC        _hal_rng_power_up
  D:00D7H         PUBLIC        RNGDAT
  C:1606H         PUBLIC        _hal_rng_bias_corr_enable
  D:00D6H         PUBLIC        RNGCTL
  C:1521H         PUBLIC        hal_rng_data_ready
  C:16FDH         PUBLIC        hal_rng_read
  D:0098H         PUBLIC        S0CON
  D:00D8H         PUBLIC        ADCON
  D:00C8H         PUBLIC        T2CON
  D:00F8H         PUBLIC        FSR
  D:00E8H         PUBLIC        RFCON
  D:00D0H         PUBLIC        PSW
  D:00C0H         PUBLIC        IRCON
  -------         PROC          _HAL_RNG_POWER_UP
  D:0007H         SYMBOL        pwr_up
  C:15FBH         LINE#         25
  C:15FBH         LINE#         26
  C:15FBH         LINE#         27
  C:15FEH         LINE#         28
  C:15FEH         LINE#         29
  C:1601H         LINE#         30
  C:1602H         LINE#         32
  C:1602H         LINE#         33
  C:1605H         LINE#         34
  C:1605H         LINE#         35
  -------         ENDPROC       _HAL_RNG_POWER_UP
  -------         PROC          _HAL_RNG_BIAS_CORR_ENABLE
  D:0007H         SYMBOL        en
  C:1606H         LINE#         37
  C:1606H         LINE#         38
  C:1606H         LINE#         39
  C:1609H         LINE#         40
  C:1609H         LINE#         41
  C:160CH         LINE#         42
  C:160DH         LINE#         44
  C:160DH         LINE#         45
  C:1610H         LINE#         46
  C:1610H         LINE#         47
  -------         ENDPROC       _HAL_RNG_BIAS_CORR_ENABLE
  -------         PROC          HAL_RNG_READ
  C:16FDH         LINE#         49
  C:16FDH         LINE#         50
  C:16FDH         LINE#         51
  C:16FFH         LINE#         52
  -------         ENDPROC       HAL_RNG_READ
  -------         PROC          HAL_RNG_DATA_READY
  C:1521H         LINE#         54
  C:1521H         LINE#         55
  C:1521H         LINE#         56
  C:1532H         LINE#         57
  -------         ENDPROC       HAL_RNG_DATA_READY
  -------         ENDMOD        HAL_RNG
BL51 BANKED LINKER/LOCATER V6.22.2.0                                                  06/04/2021  09:29:39  PAGE 43



  -------         MODULE        ?C?CLDPTR
  C:006EH         PUBLIC        ?C?CLDPTR
  -------         ENDMOD        ?C?CLDPTR

  -------         MODULE        ?C?CLDOPTR
  C:0087H         PUBLIC        ?C?CLDOPTR
  -------         ENDMOD        ?C?CLDOPTR

  -------         MODULE        ?C?CSTPTR
  C:00B4H         PUBLIC        ?C?CSTPTR
  -------         ENDMOD        ?C?CSTPTR

  -------         MODULE        ?C?CSTOPTR
  C:00C6H         PUBLIC        ?C?CSTOPTR
  -------         ENDMOD        ?C?CSTOPTR

  -------         MODULE        ?C?ULCMP
  C:00E8H         PUBLIC        ?C?ULCMP
  -------         ENDMOD        ?C?ULCMP

  -------         MODULE        ?C?MEMSET
  C:00F9H         PUBLIC        ?C?MEMSET
  -------         ENDMOD        ?C?MEMSET

  -------         MODULE        ?C?COPYAMD
  C:01E1H         PUBLIC        ?C?COPYAMD
  -------         ENDMOD        ?C?COPYAMD



FUNCTION REGISTER MASKS


FUNCTION . . . . . . . . . . . . . . . REG MASK
-----------------------------------------------

CLOCK_AND_IRQ_INIT . . . . . . . . . . @0xe001
HAL_CLKLF_PHASE. . . . . . . . . . . . @0xe001
HAL_CLKLF_READY. . . . . . . . . . . . @0xe001
HAL_CLK_GET_16M_SOURCE . . . . . . . . @0xa001
HAL_NRF_ACTIVATE_FEATURES. . . . . . . @0x8000
HAL_NRF_FLUSH_RX . . . . . . . . . . . @0xe001
HAL_NRF_FLUSH_TX . . . . . . . . . . . @0xe001
HAL_NRF_NOP. . . . . . . . . . . . . . @0xe001
HAL_NRF_REUSE_TX . . . . . . . . . . . @0xe001
HAL_RNG_DATA_READY . . . . . . . . . . @0xf001
HAL_RNG_READ . . . . . . . . . . . . . @0x8001
HAL_RTC_CAPTURE. . . . . . . . . . . . @0xc000
HAL_RTC_GET_CAPTURE_CLOCK_CYCLES . . . @0x8001
HAL_RTC_GET_CAPTURE_VALUE. . . . . . . @0xe00f
HAL_RTC_GET_COMPARE_VALUE. . . . . . . @0xe00f
HAL_WDOG_RESTART . . . . . . . . . . . @0x8003
LED_READ . . . . . . . . . . . . . . . @0x8001
PIN_INIT . . . . . . . . . . . . . . . @0xf00d
RTC_INIT . . . . . . . . . . . . . . . @0xf007
SLEEP_MODE . . . . . . . . . . . . . . @0xe000
BL51 BANKED LINKER/LOCATER V6.22.2.0                                                  06/04/2021  09:29:39  PAGE 44


UPDATE_FLASH . . . . . . . . . . . . . @0xf37b
WAIT_BTN_ALARM . . . . . . . . . . . . @0xf00f
WAIT_BTN_SEAT. . . . . . . . . . . . . @0xf00f
WAKEUP_IRQ . . . . . . . . . . . . . . @0x8000
WAKEUP_TICK. . . . . . . . . . . . . . @0x8000
_DELAY_MS. . . . . . . . . . . . . . . @0xe00f
_DELAY_US. . . . . . . . . . . . . . . @0xe003
_HAL_CLKLF_SET_SOURCE. . . . . . . . . @0xe001
_HAL_CLK_REGRET_XOSC16M_ON . . . . . . @0xe000
_HAL_CLK_SET_16M_SOURCE. . . . . . . . @0xe001
_HAL_CLK_SET_FREQ. . . . . . . . . . . @0xe001
_HAL_CLK_SET_INPUT . . . . . . . . . . @0xf001
_HAL_FLASH_BYTES_READ. . . . . . . . . @0xf36b
_HAL_FLASH_BYTES_WRITE . . . . . . . . @0xf37b
_HAL_FLASH_BYTE_READ . . . . . . . . . @0xa301
_HAL_FLASH_BYTE_WRITE. . . . . . . . . @0xf300
_HAL_FLASH_PAGE_ERASE. . . . . . . . . @0xd000
_HAL_NRF_READ_REG. . . . . . . . . . . @0xe001
_HAL_NRF_RW. . . . . . . . . . . . . . @0xa001
_HAL_NRF_WRITE_MULTIBYTE_REG . . . . . @0xf3f6
_HAL_NRF_WRITE_REG . . . . . . . . . . @0xf001
_HAL_RNG_BIAS_CORR_ENABLE. . . . . . . @0xe000
_HAL_RNG_POWER_UP. . . . . . . . . . . @0xe000
_HAL_RTC_RADIO_CAPTURE_ENABLE. . . . . @0xe000
_HAL_RTC_SET_COMPARE_MODE. . . . . . . @0xf001
_HAL_RTC_SET_COMPARE_VALUE . . . . . . @0xe004
_HAL_RTC_START . . . . . . . . . . . . @0xe000
_HAL_WDOG_INIT . . . . . . . . . . . . @0xa000
_LED_WRITE . . . . . . . . . . . . . . @0xf000
_MAKE_RANDOM_NUMBER. . . . . . . . . . @0xf373

Program Size: data=146.0 xdata=69 code=5887
LINK/LOCATE RUN COMPLETE.  0 WARNING(S),  0 ERROR(S)
