BL51 BANKED LINKER/LOCATER V6.22.2.0                                                    10/26/2020  14:24:03  PAGE 1


BL51 BANKED LINKER/LOCATER V6.22.2.0, INVOKED BY:
C:\KEIL_V5\C51\BIN\BL51.EXE .\build\main.obj, .\build\hal_nrf_hw.obj, .\build\hal_nrf.obj, .\build\hal_clk.obj, .\build\
>> hal_delay.obj, .\build\hal_aes.obj, .\build\hal_flash.obj, .\build\hal_wdog.obj, .\build\hal_rtc.obj, .\build\hal_rng
>> .obj TO .\build\enhanced_shockburst_ptx_nrf24le1 REGFILE (.\build\enhanced_shockburst_ptx_nrf24le1.ORC) PRINT (.\lst\
>> enhanced_shockburst_ptx_nrf24le1.m51) RAMSIZE (256) DISABLEWARNING (16) OVERLAY (HAL_NRF_WRITE_REG ! *) CODE (0X0000-
>> 0X3FFF) XDATA (0X0000-0X03FF, 0XFA00-0XFFFF)


MEMORY MODEL: SMALL


INPUT MODULES INCLUDED:
  .\build\main.obj (MAIN)
  .\build\hal_nrf_hw.obj (HAL_NRF_HW)
  .\build\hal_nrf.obj (HAL_NRF)
  .\build\hal_clk.obj (HAL_CLK)
  .\build\hal_delay.obj (HAL_DELAY)
  .\build\hal_aes.obj (HAL_AES)
  .\build\hal_flash.obj (HAL_FLASH)
  .\build\hal_wdog.obj (HAL_WDOG)
  .\build\hal_rtc.obj (HAL_RTC)
  .\build\hal_rng.obj (HAL_RNG)
  C:\KEIL_V5\C51\LIB\C51S.LIB (?C_STARTUP)
  C:\KEIL_V5\C51\LIB\C51S.LIB (?C?CLDPTR)
  C:\KEIL_V5\C51\LIB\C51S.LIB (?C?CLDOPTR)
  C:\KEIL_V5\C51\LIB\C51S.LIB (?C?CSTPTR)
  C:\KEIL_V5\C51\LIB\C51S.LIB (?C?CSTOPTR)
  C:\KEIL_V5\C51\LIB\C51S.LIB (?C?MEMSET)
  C:\KEIL_V5\C51\LIB\C51S.LIB (?C?COPYAMD)
  C:\KEIL_V5\C51\LIB\C51S.LIB (?C_INIT)


LINK MAP OF MODULE:  .\build\enhanced_shockburst_ptx_nrf24le1 (MAIN)


            TYPE    BASE      LENGTH    RELOCATION   SEGMENT NAME
            -----------------------------------------------------

            * * * * * * *   D A T A   M E M O R Y   * * * * * * *
            REG     0000H     0008H     ABSOLUTE     "REG BANK 0"
            DATA    0008H     0030H     UNIT         _DATA_GROUP_
            DATA    0038H     000CH     UNIT         ?DT?MAIN
            DATA    0044H     0005H     UNIT         ?DT?_HAL_NRF_GET_PIPE_STATUS?HAL_NRF
            DATA    0049H     0005H     UNIT         ?DT?_HAL_NRF_WRITE_ACK_PAYLOAD?HAL_NRF
            DATA    004EH     0004H     UNIT         ?DT?_HAL_NRF_GET_ADDRESS?HAL_NRF
            DATA    0052H     0004H     UNIT         ?DT?HAL_FLASH
            DATA    0056H     0003H     UNIT         ?DT?_HAL_NRF_CLOSE_PIPE?HAL_NRF
            DATA    0059H     0002H     UNIT         ?DT?_HAL_NRF_ENABLE_DYNAMIC_PAYLOAD?HAL_NRF
            DATA    005BH     0002H     UNIT         ?DT?_HAL_NRF_ENABLE_DYNAMIC_ACK?HAL_NRF
            DATA    005DH     0002H     UNIT         ?DT?_HAL_NRF_SET_PLL_MODE?HAL_NRF
            DATA    005FH     0002H     UNIT         ?DT?_HAL_NRF_ENABLE_CONTINIOUS_WAVE?HAL_NRF
            DATA    0061H     0001H     UNIT         ?DT?HAL_NRF_CLEAR_IRQ_FLAGS_GET_STATUS?HAL_NRF
            DATA    0062H     0001H     UNIT         ?DT?_HAL_NRF_GET_RX_PAYLOAD_WIDTH?HAL_NRF
            DATA    0063H     0001H     UNIT         ?DT?_HAL_NRF_SETUP_DYNAMIC_PAYLOAD?HAL_NRF
            DATA    0064H     0001H     UNIT         ?DT?_HAL_NRF_WRITE_REG?HAL_NRF
            IDATA   0065H     0028H     UNIT         ?ID?MAIN
            IDATA   008DH     0001H     UNIT         ?STACK

BL51 BANKED LINKER/LOCATER V6.22.2.0                                                  10/26/2020  14:24:03  PAGE 2


            * * * * * * *  X D A T A   M E M O R Y  * * * * * * *
            XDATA   0000H     0010H     INPAGE       ?PD?HAL_AES
            XDATA   0010H     0025H     UNIT         ?XD?MAIN
            XDATA   0035H     0010H     UNIT         ?XD?HAL_AES

            * * * * * * *   C O D E   M E M O R Y   * * * * * * *
            CODE    0000H     0003H     ABSOLUTE     
            CODE    0003H     0047H     UNIT         ?PR?_MAKE_COMMAND?MAIN
            CODE    004AH     0001H     UNIT         ?PR?WAKEUP_TICK?MAIN
            CODE    004BH     0003H     ABSOLUTE     
            CODE    004EH     000CH     UNIT         ?PR?HAL_NRF_GET_CLEAR_IRQ_FLAGS?HAL_NRF
            CODE    005AH     0001H     UNIT         ?PR?WAKEUP_IRQ?MAIN
            CODE    005BH     0003H     ABSOLUTE     
            CODE    005EH     000CH     UNIT         ?PR?HAL_NRF_RX_FIFO_FULL?HAL_NRF
            CODE    006AH     0001H     UNIT         ?PR?HAL_NRF_ACTIVATE_FEATURES?HAL_NRF
            CODE    006BH     0003H     ABSOLUTE     
            CODE    006EH     0188H     UNIT         ?C?LIB_CODE
            CODE    01F6H     0187H     UNIT         ?PR?_MIX_COLUMNS_HW?HAL_AES
            CODE    037DH     013BH     UNIT         ?PR?_HAL_NRF_READ_MULTIBYTE_REG?HAL_NRF
            CODE    04B8H     0120H     UNIT         ?PR?_ADD_SUB_SHIFT?HAL_AES
            CODE    05D8H     010BH     UNIT         ?CO?HAL_AES
            CODE    06E3H     0101H     UNIT         ?PR?MAIN?MAIN
            CODE    07E4H     00EEH     UNIT         ?PR?_ADD_KEY?HAL_AES
            CODE    08D2H     00B6H     UNIT         ?PR?_KEY_UPGRADE?HAL_AES
            CODE    0988H     00B2H     UNIT         ?PR?_UPDATE_CONFIGURATION?MAIN
            CODE    0A3AH     00A9H     UNIT         ?PR?_HAL_NRF_WRITE_MULTIBYTE_REG?HAL_NRF
            CODE    0AE3H     009EH     UNIT         ?PR?_HAL_AES_CRYPT?HAL_AES
            CODE    0B81H     0090H     UNIT         ?PR?_HAL_NRF_GET_PIPE_STATUS?HAL_NRF
            CODE    0C11H     008CH     UNIT         ?C_C51STARTUP
            CODE    0C9DH     0075H     UNIT         ?PR?NRF_ISR?MAIN
            CODE    0D12H     006AH     UNIT         ?PR?NRF_INIT?MAIN
            CODE    0D7CH     0068H     UNIT         ?PR?_HAL_NRF_SET_IRQ_MODE?HAL_NRF
            CODE    0DE4H     005AH     UNIT         ?PR?_HAL_NRF_OPEN_PIPE?HAL_NRF
            CODE    0E3EH     004EH     UNIT         ?PR?_HAL_FLASH_BYTES_WRITE?HAL_FLASH
            CODE    0E8CH     0043H     UNIT         ?PR?_HAL_NRF_CLOSE_PIPE?HAL_NRF
            CODE    0ECFH     003EH     UNIT         ?PR?PIN_INIT?MAIN
            CODE    0F0DH     003DH     UNIT         ?PR?_HAL_NRF_SET_ADDRESS?HAL_NRF
            CODE    0F4AH     003BH     UNIT         ?PR?SET_PAIRING_MODE?MAIN
            CODE    0F85H     0039H     UNIT         ?PR?RECEIVE_PAIRING?MAIN
            CODE    0FBEH     0037H     UNIT         ?PR?_HAL_NRF_GET_RX_PAYLOAD_WIDTH?HAL_NRF
            CODE    0FF5H     0037H     UNIT         ?PR?_AES_SET_KEY?HAL_AES
            CODE    102CH     0035H     UNIT         ?PR?_MAKE_RANDOM_NUMBER?MAIN
            CODE    1061H     0035H     UNIT         ?PR?_HAL_NRF_GET_ADDRESS?HAL_NRF
            CODE    1096H     0034H     UNIT         ?PR?_SEND_PAYLOAD?MAIN
            CODE    10CAH     002FH     UNIT         ?PR?_HAL_NRF_SET_CRC_MODE?HAL_NRF
            CODE    10F9H     002EH     UNIT         ?PR?RTC_INIT?MAIN
            CODE    1127H     002BH     UNIT         ?PR?_HAL_NRF_SET_DATARATE?HAL_NRF
            CODE    1152H     002BH     UNIT         ?PR?_HAL_NRF_ENABLE_CONTINIOUS_WAVE?HAL_NRF
            CODE    117DH     0029H     UNIT         ?C_INITSEG
            CODE    11A6H     0029H     UNIT         ?PR?_HAL_NRF_ENABLE_DYNAMIC_PAYLOAD?HAL_NRF
            CODE    11CFH     0028H     UNIT         ?PR?_HAL_NRF_SET_PLL_MODE?HAL_NRF
            CODE    11F7H     0027H     UNIT         ?PR?_HAL_NRF_ENABLE_ACK_PAYLOAD?HAL_NRF
            CODE    121EH     0025H     UNIT         ?PR?_HAL_NRF_ENABLE_DYNAMIC_ACK?HAL_NRF
            CODE    1243H     0024H     UNIT         ?PR?_HAL_FLASH_BYTES_READ?HAL_FLASH
            CODE    1267H     0022H     UNIT         ?PR?_HAL_NRF_SET_AUTO_RETR?HAL_NRF
            CODE    1289H     001EH     UNIT         ?PR?_HAL_NRF_SET_OPERATION_MODE?HAL_NRF
            CODE    12A7H     001EH     UNIT         ?PR?_HAL_NRF_SET_POWER_MODE?HAL_NRF
BL51 BANKED LINKER/LOCATER V6.22.2.0                                                  10/26/2020  14:24:03  PAGE 3


            CODE    12C5H     001EH     UNIT         ?PR?_HAL_NRF_SET_OUTPUT_POWER?HAL_NRF
            CODE    12E3H     001DH     UNIT         ?PR?_MAKE_PAYLOAD?MAIN
            CODE    1300H     001DH     UNIT         ?PR?_HAL_NRF_WRITE_REG?HAL_NRF
            CODE    131DH     001CH     UNIT         ?PR?_HAL_FLASH_BYTE_WRITE?HAL_FLASH
            CODE    1339H     001AH     UNIT         ?PR?_HAL_NRF_READ_REG?HAL_NRF
            CODE    1353H     001AH     UNIT         ?PR?_DELAY_US?HAL_DELAY
            CODE    136DH     0019H     UNIT         ?PR?WAIT_BUTTON_RELEASED?MAIN
            CODE    1386H     0019H     UNIT         ?PR?HAL_NRF_CLEAR_IRQ_FLAGS_GET_STATUS?HAL_NRF
            CODE    139FH     0017H     UNIT         ?PR?_HAL_NRF_SET_ADDRESS_WIDTH?HAL_NRF
            CODE    13B6H     0016H     UNIT         ?PR?HAL_NRF_GET_PACKET_LOST_CTR?HAL_NRF
            CODE    13CCH     0016H     UNIT         ?PR?HAL_NRF_GET_TX_FIFO_STATUS?HAL_NRF
            CODE    13E2H     0015H     UNIT         ?PR?_HAL_NRF_SET_RF_CHANNEL?HAL_NRF
            CODE    13F7H     0014H     UNIT         ?PR?_DELAY_MS?HAL_DELAY
            CODE    140BH     0014H     UNIT         ?PR?_HAL_FLASH_PAGE_ERASE?HAL_FLASH
            CODE    141FH     0014H     UNIT         ?PR?HAL_RTC_GET_COMPARE_VALUE?HAL_RTC
            CODE    1433H     0014H     UNIT         ?PR?HAL_RTC_GET_CAPTURE_VALUE?HAL_RTC
            CODE    1447H     0013H     UNIT         ?PR?HAL_NRF_GET_REUSE_TX_STATUS?HAL_NRF
            CODE    145AH     0012H     UNIT         ?PR?_HAL_RTC_SET_COMPARE_VALUE?HAL_RTC
            CODE    146CH     0012H     UNIT         ?PR?HAL_RNG_DATA_READY?HAL_RNG
            CODE    147EH     0011H     UNIT         ?PR?_HAL_NRF_CLEAR_IRQ_FLAG?HAL_NRF
            CODE    148FH     0011H     UNIT         ?PR?_HAL_CLK_SET_INPUT?HAL_CLK
            CODE    14A0H     0010H     UNIT         ?PR?_HAL_CLK_REGRET_XOSC16M_ON?HAL_CLK
            CODE    14B0H     000FH     UNIT         ?PR?CLOCK_AND_IRQ_INIT?MAIN
            CODE    14BFH     000FH     UNIT         ?PR?_HAL_CLK_SET_16M_SOURCE?HAL_CLK
            CODE    14CEH     000EH     UNIT         ?PR?HAL_NRF_GET_RX_DATA_SOURCE?HAL_NRF
            CODE    14DCH     000EH     UNIT         ?PR?_HAL_RTC_SET_COMPARE_MODE?HAL_RTC
            CODE    14EAH     000CH     UNIT         ?PR?HAL_NRF_TX_FIFO_FULL?HAL_NRF
            CODE    14F6H     000CH     UNIT         ?PR?_HAL_NRF_SETUP_DYNAMIC_PAYLOAD?HAL_NRF
            CODE    1502H     000CH     UNIT         ?PR?_HAL_CLK_SET_FREQ?HAL_CLK
            CODE    150EH     000CH     UNIT         ?PR?_HAL_CLKLF_SET_SOURCE?HAL_CLK
            CODE    151AH     000BH     UNIT         ?PR?HAL_NRF_TX_FIFO_EMPTY?HAL_NRF
            CODE    1525H     000BH     UNIT         ?PR?HAL_CLK_GET_16M_SOURCE?HAL_CLK
            CODE    1530H     000BH     UNIT         ?PR?_HAL_RTC_RADIO_CAPTURE_ENABLE?HAL_RTC
            CODE    153BH     000BH     UNIT         ?PR?_HAL_RTC_START?HAL_RTC
            CODE    1546H     000BH     UNIT         ?PR?_HAL_RNG_POWER_UP?HAL_RNG
            CODE    1551H     000BH     UNIT         ?PR?_HAL_RNG_BIAS_CORR_ENABLE?HAL_RNG
            CODE    155CH     000AH     UNIT         ?PR?SLEEP_MODE?MAIN
            CODE    1566H     000AH     UNIT         ?PR?_HAL_NRF_RW?HAL_NRF_HW
            CODE    1570H     000AH     UNIT         ?PR?HAL_NRF_GET_ADDRESS_WIDTH?HAL_NRF
            CODE    157AH     000AH     UNIT         ?PR?HAL_NRF_RX_FIFO_EMPTY?HAL_NRF
            CODE    1584H     000AH     UNIT         ?PR?HAL_NRF_GET_RX_FIFO_STATUS?HAL_NRF
            CODE    158EH     000AH     UNIT         ?PR?HAL_NRF_GET_TRANSMIT_ATTEMPTS?HAL_NRF
            CODE    1598H     000AH     UNIT         ?PR?HAL_NRF_GET_CARRIER_DETECT?HAL_NRF
            CODE    15A2H     000AH     UNIT         ?PR?_HAL_NRF_WRITE_ACK_PAYLOAD?HAL_NRF
            CODE    15ACH     000AH     UNIT         ?PR?HAL_NRF_REUSE_TX?HAL_NRF
            CODE    15B6H     000AH     UNIT         ?PR?HAL_NRF_FLUSH_RX?HAL_NRF
            CODE    15C0H     000AH     UNIT         ?PR?HAL_NRF_FLUSH_TX?HAL_NRF
            CODE    15CAH     000AH     UNIT         ?PR?HAL_NRF_NOP?HAL_NRF
            CODE    15D4H     0009H     UNIT         ?PR?HAL_WDOG_RESTART?HAL_WDOG
            CODE    15DDH     0008H     UNIT         ?PR?HAL_NRF_GET_IRQ_FLAGS?HAL_NRF
            CODE    15E5H     0007H     UNIT         ?PR?_HAL_NRF_SET_RX_PAYLOAD_WIDTH?HAL_NRF
            CODE    15ECH     0007H     UNIT         ?PR?_HAL_NRF_WRITE_TX_PAYLOAD?HAL_NRF
            CODE    15F3H     0007H     UNIT         ?PR?_HAL_NRF_WRITE_TX_PAYLOAD_NOACK?HAL_NRF
            CODE    15FAH     0007H     UNIT         ?PR?_HAL_AES_SETUP?HAL_AES
            CODE    1601H     0007H     UNIT         ?PR?_HAL_FLASH_BYTE_READ?HAL_FLASH
            CODE    1608H     0007H     UNIT         ?PR?_HAL_WDOG_INIT?HAL_WDOG
            CODE    160FH     0006H     UNIT         ?PR?HAL_CLKLF_PHASE?HAL_CLK
BL51 BANKED LINKER/LOCATER V6.22.2.0                                                  10/26/2020  14:24:03  PAGE 4


            CODE    1615H     0006H     UNIT         ?PR?HAL_CLKLF_READY?HAL_CLK
            CODE    161BH     0005H     UNIT         ?PR?HAL_NRF_GET_AUTO_RETR_STATUS?HAL_NRF
            CODE    1620H     0005H     UNIT         ?PR?HAL_NRF_GET_FIFO_STATUS?HAL_NRF
            CODE    1625H     0005H     UNIT         ?PR?HAL_NRF_READ_RX_PAYLOAD_WIDTH?HAL_NRF
            CODE    162AH     0005H     UNIT         ?PR?_HAL_NRF_READ_RX_PAYLOAD?HAL_NRF
            CODE    162FH     0004H     UNIT         ?PR?HAL_RTC_CAPTURE?HAL_RTC
            CODE    1633H     0003H     UNIT         ?PR?HAL_RTC_GET_CAPTURE_CLOCK_CYCLES?HAL_RTC
            CODE    1636H     0003H     UNIT         ?PR?HAL_RNG_READ?HAL_RNG



OVERLAY MAP OF MODULE:   .\build\enhanced_shockburst_ptx_nrf24le1 (MAIN)


SEGMENT                                            DATA_GROUP 
  +--> CALLED SEGMENT                            START    LENGTH
----------------------------------------------------------------
?PR?NRF_ISR?MAIN                                 -----    -----
  +--> ?PR?HAL_NRF_GET_CLEAR_IRQ_FLAGS?HAL_NRF
  +--> ?PR?HAL_NRF_FLUSH_TX?HAL_NRF
  +--> ?PR?HAL_NRF_RX_FIFO_EMPTY?HAL_NRF
  +--> ?PR?_HAL_NRF_READ_RX_PAYLOAD?HAL_NRF

?PR?HAL_NRF_GET_CLEAR_IRQ_FLAGS?HAL_NRF          -----    -----
  +--> ?PR?_HAL_NRF_WRITE_REG?HAL_NRF

?PR?HAL_NRF_FLUSH_TX?HAL_NRF                     -----    -----
  +--> ?PR?_HAL_NRF_RW?HAL_NRF_HW

?PR?HAL_NRF_RX_FIFO_EMPTY?HAL_NRF                -----    -----
  +--> ?PR?_HAL_NRF_READ_REG?HAL_NRF

?PR?_HAL_NRF_READ_RX_PAYLOAD?HAL_NRF             -----    -----
  +--> ?PR?_HAL_NRF_READ_MULTIBYTE_REG?HAL_NRF

?PR?_HAL_NRF_READ_MULTIBYTE_REG?HAL_NRF          0008H    000CH
  +--> ?PR?HAL_NRF_GET_ADDRESS_WIDTH?HAL_NRF
  +--> ?PR?HAL_NRF_GET_RX_DATA_SOURCE?HAL_NRF
  +--> ?PR?HAL_NRF_READ_RX_PAYLOAD_WIDTH?HAL...
  +--> ?PR?_HAL_NRF_RW?HAL_NRF_HW

?PR?HAL_NRF_GET_ADDRESS_WIDTH?HAL_NRF            -----    -----
  +--> ?PR?_HAL_NRF_READ_REG?HAL_NRF

?PR?HAL_NRF_GET_RX_DATA_SOURCE?HAL_NRF           -----    -----
  +--> ?PR?HAL_NRF_NOP?HAL_NRF

?PR?HAL_NRF_NOP?HAL_NRF                          -----    -----
  +--> ?PR?_HAL_NRF_RW?HAL_NRF_HW

?PR?HAL_NRF_READ_RX_PAYLOAD_WIDTH?HAL...         -----    -----
  +--> ?PR?_HAL_NRF_READ_REG?HAL_NRF

*** NEW ROOT ***************************************************

?C_C51STARTUP                                    -----    -----
  +--> ?PR?MAIN?MAIN
BL51 BANKED LINKER/LOCATER V6.22.2.0                                                  10/26/2020  14:24:03  PAGE 5


  +--> ?C_INITSEG

?PR?MAIN?MAIN                                    0014H    000BH
  +--> ?PR?PIN_INIT?MAIN
  +--> ?PR?RTC_INIT?MAIN
  +--> ?PR?CLOCK_AND_IRQ_INIT?MAIN
  +--> ?PR?_HAL_FLASH_BYTES_READ?HAL_FLASH
  +--> ?PR?NRF_INIT?MAIN
  +--> ?PR?_HAL_AES_SETUP?HAL_AES
  +--> ?PR?_HAL_WDOG_INIT?HAL_WDOG
  +--> ?PR?_DELAY_MS?HAL_DELAY
  +--> ?PR?SET_PAIRING_MODE?MAIN
  +--> ?PR?RECEIVE_PAIRING?MAIN
  +--> ?PR?_UPDATE_CONFIGURATION?MAIN
  +--> ?PR?WAIT_BUTTON_RELEASED?MAIN
  +--> ?PR?_MAKE_COMMAND?MAIN
  +--> ?PR?_MAKE_RANDOM_NUMBER?MAIN
  +--> ?PR?_MAKE_PAYLOAD?MAIN
  +--> ?PR?_HAL_AES_CRYPT?HAL_AES
  +--> ?PR?_SEND_PAYLOAD?MAIN
  +--> ?PR?HAL_WDOG_RESTART?HAL_WDOG
  +--> ?PR?SLEEP_MODE?MAIN

?PR?RTC_INIT?MAIN                                -----    -----
  +--> ?PR?_HAL_RTC_START?HAL_RTC
  +--> ?PR?_HAL_CLKLF_SET_SOURCE?HAL_CLK
  +--> ?PR?_HAL_RTC_SET_COMPARE_MODE?HAL_RTC
  +--> ?PR?_HAL_RTC_SET_COMPARE_VALUE?HAL_RTC

?PR?CLOCK_AND_IRQ_INIT?MAIN                      -----    -----
  +--> ?PR?HAL_CLK_GET_16M_SOURCE?HAL_CLK

?PR?_HAL_FLASH_BYTES_READ?HAL_FLASH              001FH    0007H

?PR?NRF_INIT?MAIN                                -----    -----
  +--> ?PR?_HAL_NRF_SET_DATARATE?HAL_NRF
  +--> ?PR?_HAL_NRF_SET_CRC_MODE?HAL_NRF
  +--> ?PR?_HAL_NRF_SET_ADDRESS_WIDTH?HAL_NRF
  +--> ?PR?_HAL_NRF_SET_AUTO_RETR?HAL_NRF
  +--> ?PR?_HAL_NRF_SET_RF_CHANNEL?HAL_NRF
  +--> ?PR?_HAL_NRF_SET_ADDRESS?HAL_NRF
  +--> ?PR?_HAL_NRF_SET_RX_PAYLOAD_WIDTH?HAL...
  +--> ?PR?_HAL_NRF_OPEN_PIPE?HAL_NRF
  +--> ?PR?_HAL_NRF_SET_IRQ_MODE?HAL_NRF
  +--> ?PR?_HAL_NRF_ENABLE_ACK_PAYLOAD?HAL_NRF
  +--> ?PR?_HAL_NRF_CLEAR_IRQ_FLAG?HAL_NRF

?PR?_HAL_NRF_SET_DATARATE?HAL_NRF                001FH    0002H
  +--> ?PR?_HAL_NRF_READ_REG?HAL_NRF
  +--> ?PR?_HAL_NRF_WRITE_REG?HAL_NRF

?PR?_HAL_NRF_SET_CRC_MODE?HAL_NRF                001FH    0002H
  +--> ?PR?_HAL_NRF_READ_REG?HAL_NRF
  +--> ?PR?_HAL_NRF_WRITE_REG?HAL_NRF

?PR?_HAL_NRF_SET_ADDRESS_WIDTH?HAL_NRF           001FH    0001H
  +--> ?PR?_HAL_NRF_WRITE_REG?HAL_NRF
BL51 BANKED LINKER/LOCATER V6.22.2.0                                                  10/26/2020  14:24:03  PAGE 6



?PR?_HAL_NRF_SET_AUTO_RETR?HAL_NRF               001FH    0001H
  +--> ?PR?_HAL_NRF_WRITE_REG?HAL_NRF

?PR?_HAL_NRF_SET_RF_CHANNEL?HAL_NRF              001FH    0001H
  +--> ?PR?_HAL_NRF_WRITE_REG?HAL_NRF

?PR?_HAL_NRF_SET_ADDRESS?HAL_NRF                 0022H    0004H
  +--> ?PR?HAL_NRF_GET_ADDRESS_WIDTH?HAL_NRF
  +--> ?PR?_HAL_NRF_WRITE_MULTIBYTE_REG?HAL_NRF
  +--> ?PR?_HAL_NRF_WRITE_REG?HAL_NRF

?PR?_HAL_NRF_WRITE_MULTIBYTE_REG?HAL_NRF         0026H    0009H

?PR?_HAL_NRF_SET_RX_PAYLOAD_WIDTH?HAL...         -----    -----
  +--> ?PR?_HAL_NRF_WRITE_REG?HAL_NRF

?PR?_HAL_NRF_OPEN_PIPE?HAL_NRF                   001FH    0004H
  +--> ?PR?_HAL_NRF_READ_REG?HAL_NRF
  +--> ?PR?_HAL_NRF_WRITE_REG?HAL_NRF

?PR?_HAL_NRF_SET_IRQ_MODE?HAL_NRF                001FH    0003H
  +--> ?PR?_HAL_NRF_READ_REG?HAL_NRF
  +--> ?PR?_HAL_NRF_WRITE_REG?HAL_NRF

?PR?_HAL_NRF_ENABLE_ACK_PAYLOAD?HAL_NRF          001FH    0002H
  +--> ?PR?_HAL_NRF_READ_REG?HAL_NRF
  +--> ?PR?_HAL_NRF_WRITE_REG?HAL_NRF

?PR?_HAL_NRF_CLEAR_IRQ_FLAG?HAL_NRF              -----    -----
  +--> ?PR?_HAL_NRF_WRITE_REG?HAL_NRF

?PR?_HAL_AES_SETUP?HAL_AES                       0022H    0008H
  +--> ?PR?_AES_SET_KEY?HAL_AES

?PR?_AES_SET_KEY?HAL_AES                         002AH    0003H

?PR?_DELAY_MS?HAL_DELAY                          -----    -----
  +--> ?PR?_DELAY_US?HAL_DELAY

?PR?SET_PAIRING_MODE?MAIN                        -----    -----
  +--> ?PR?_HAL_NRF_SET_ADDRESS?HAL_NRF
  +--> ?PR?_HAL_NRF_SET_RX_PAYLOAD_WIDTH?HAL...

?PR?RECEIVE_PAIRING?MAIN                         -----    -----
  +--> ?PR?_HAL_NRF_SET_POWER_MODE?HAL_NRF
  +--> ?PR?_HAL_NRF_SET_OPERATION_MODE?HAL_NRF
  +--> ?PR?HAL_WDOG_RESTART?HAL_WDOG
  +--> ?PR?_DELAY_MS?HAL_DELAY
  +--> ?PR?_HAL_NRF_SET_RX_PAYLOAD_WIDTH?HAL...

?PR?_HAL_NRF_SET_POWER_MODE?HAL_NRF              0020H    0002H
  +--> ?PR?_HAL_NRF_READ_REG?HAL_NRF
  +--> ?PR?_HAL_NRF_WRITE_REG?HAL_NRF

?PR?_HAL_NRF_SET_OPERATION_MODE?HAL_NRF          0020H    0002H
  +--> ?PR?_HAL_NRF_READ_REG?HAL_NRF
BL51 BANKED LINKER/LOCATER V6.22.2.0                                                  10/26/2020  14:24:03  PAGE 7


  +--> ?PR?_HAL_NRF_WRITE_REG?HAL_NRF

?PR?_UPDATE_CONFIGURATION?MAIN                   001FH    0003H
  +--> ?PR?_HAL_FLASH_PAGE_ERASE?HAL_FLASH
  +--> ?PR?_HAL_FLASH_BYTES_WRITE?HAL_FLASH
  +--> ?PR?_HAL_AES_SETUP?HAL_AES
  +--> ?PR?_HAL_NRF_SET_ADDRESS?HAL_NRF

?PR?_HAL_FLASH_BYTES_WRITE?HAL_FLASH             0022H    0007H

?PR?WAIT_BUTTON_RELEASED?MAIN                    -----    -----
  +--> ?PR?HAL_WDOG_RESTART?HAL_WDOG
  +--> ?PR?_DELAY_MS?HAL_DELAY

?PR?_MAKE_COMMAND?MAIN                           001FH    0006H
  +--> ?PR?_DELAY_MS?HAL_DELAY

?PR?_MAKE_RANDOM_NUMBER?MAIN                     001FH    0003H
  +--> ?PR?_HAL_RNG_POWER_UP?HAL_RNG
  +--> ?PR?HAL_RNG_DATA_READY?HAL_RNG
  +--> ?PR?HAL_RNG_READ?HAL_RNG

?PR?_MAKE_PAYLOAD?MAIN                           001FH    0003H

?PR?_HAL_AES_CRYPT?HAL_AES                       001FH    0017H
  +--> ?PR?_ADD_SUB_SHIFT?HAL_AES
  +--> ?PR?_MIX_COLUMNS_HW?HAL_AES
  +--> ?PR?_KEY_UPGRADE?HAL_AES
  +--> ?PR?_ADD_KEY?HAL_AES

?PR?_ADD_SUB_SHIFT?HAL_AES                       0036H    0002H
  +--> ?CO?HAL_AES

?PR?_KEY_UPGRADE?HAL_AES                         -----    -----
  +--> ?CO?HAL_AES

?PR?_SEND_PAYLOAD?MAIN                           001FH    0001H
  +--> ?PR?_HAL_NRF_WRITE_TX_PAYLOAD?HAL_NRF
  +--> ?PR?_HAL_NRF_SET_OUTPUT_POWER?HAL_NRF
  +--> ?PR?_HAL_NRF_SET_POWER_MODE?HAL_NRF
  +--> ?PR?_HAL_NRF_SET_OPERATION_MODE?HAL_NRF

?PR?_HAL_NRF_WRITE_TX_PAYLOAD?HAL_NRF            -----    -----
  +--> ?PR?_HAL_NRF_WRITE_MULTIBYTE_REG?HAL_NRF

?PR?_HAL_NRF_SET_OUTPUT_POWER?HAL_NRF            0020H    0002H
  +--> ?PR?_HAL_NRF_READ_REG?HAL_NRF
  +--> ?PR?_HAL_NRF_WRITE_REG?HAL_NRF



SYMBOL TABLE OF MODULE:  .\build\enhanced_shockburst_ptx_nrf24le1 (MAIN)

  VALUE           TYPE          NAME
  ----------------------------------

  -------         MODULE        MAIN
BL51 BANKED LINKER/LOCATER V6.22.2.0                                                  10/26/2020  14:24:03  PAGE 8


  C:0000H         SYMBOL        _ICE_DUMMY_
  D:0080H         PUBLIC        P0
  D:0090H         PUBLIC        P1
  D:00A0H         PUBLIC        P2
  D:00B0H         PUBLIC        P3
  B:00A8H.7       PUBLIC        EA
  X:0010H         SYMBOL        payload_enc
  D:00A8H         PUBLIC        IEN0
  D:00B8H         PUBLIC        IEN1
  B:00B8H.1       PUBLIC        RF
  C:004AH         PUBLIC        wakeup_tick
  B:00E8H.0       PUBLIC        RFCE
  C:155CH         PUBLIC        sleep_mode
  C:0F4AH         PUBLIC        set_pairing_mode
  D:00ADH         PUBLIC        CLKLFCTRL
  C:06E3H         PUBLIC        main
  B:0090H.0       PUBLIC        P10
  B:0080H.1       PUBLIC        P01
  B:0090H.1       PUBLIC        P11
  B:0080H.3       PUBLIC        P03
  B:0090H.3       PUBLIC        P13
  D:0088H         PUBLIC        TCON
  D:0038H         SYMBOL        rx_address
  C:0F85H         PUBLIC        receive_pairing
  D:003DH         SYMBOL        tx_address
  D:0042H         SYMBOL        radio_busy
  B:00E8H.2       PUBLIC        RFCKEN
  C:005AH         PUBLIC        wakeup_irq
  D:00CFH         PUBLIC        WUOPC0
  D:0043H         SYMBOL        received
  D:00AEH         PUBLIC        OPMCON
  I:0065H         SYMBOL        commands
  C:0D12H         PUBLIC        nrf_init
  C:0ECFH         PUBLIC        pin_init
  D:0093H         PUBLIC        P0DIR
  C:10F9H         PUBLIC        rtc_init
  D:009EH         PUBLIC        P0CON
  D:0094H         PUBLIC        P1DIR
  D:009FH         PUBLIC        P1CON
  C:136DH         PUBLIC        wait_button_released
  C:0003H         PUBLIC        _make_command
  I:007DH         SYMBOL        AES_Key
  D:00A4H         PUBLIC        PWRDWN
  D:0098H         PUBLIC        S0CON
  D:00D8H         PUBLIC        ADCON
  D:00C8H         PUBLIC        T2CON
  C:0988H         PUBLIC        _update_configuration
  C:14B0H         PUBLIC        clock_and_irq_init
  D:00F8H         PUBLIC        FSR
  X:0020H         SYMBOL        payload
  C:12E3H         PUBLIC        _make_payload
  C:102CH         PUBLIC        _make_random_number
  C:0C9DH         PUBLIC        nrf_isr
  D:00E8H         PUBLIC        RFCON
  D:00D0H         PUBLIC        PSW
  C:1096H         PUBLIC        _send_payload
  D:00C0H         PUBLIC        IRCON
BL51 BANKED LINKER/LOCATER V6.22.2.0                                                  10/26/2020  14:24:03  PAGE 9


  -------         PROC          MAIN
  -------         DO            
  D:0014H         SYMBOL        vcu_id
  D:0018H         SYMBOL        pairing_success
  D:0019H         SYMBOL        command
  D:001AH         SYMBOL        power
  D:001BH         SYMBOL        test
  -------         ENDDO         
  C:06E3H         LINE#         68
  C:06E3H         LINE#         76
  C:06E6H         LINE#         78
  C:06E9H         LINE#         80
  C:06ECH         LINE#         83
  C:06FFH         LINE#         84
  C:0710H         LINE#         85
  C:071AH         LINE#         86
  C:071AH         LINE#         87
  C:071CH         LINE#         88
  C:071EH         LINE#         89
  C:071EH         LINE#         92
  C:0731H         LINE#         93
  C:0744H         LINE#         96
  C:0747H         LINE#         98
  C:075DH         LINE#         100
  C:0764H         LINE#         102
  C:0764H         LINE#         103
  C:076AH         LINE#         105
  C:076DH         LINE#         107
  C:0773H         LINE#         110
  C:0776H         LINE#         112
  C:0779H         LINE#         114
  C:0782H         LINE#         116
  C:0786H         LINE#         117
  C:0788H         LINE#         118
  C:078AH         LINE#         119
  C:078CH         LINE#         120
  C:078EH         LINE#         121
  C:0790H         LINE#         122
  C:0790H         LINE#         124
  C:0793H         LINE#         126
  C:0795H         LINE#         129
  C:07A7H         LINE#         131
  C:07B0H         LINE#         133
  C:07BBH         LINE#         135
  C:07CDH         LINE#         138
  C:07D8H         LINE#         141
  C:07DAH         LINE#         142
  C:07DCH         LINE#         143
  C:07DCH         LINE#         146
  C:07DFH         LINE#         149
  C:07E2H         LINE#         150
  -------         ENDPROC       MAIN
  -------         PROC          WAIT_BUTTON_RELEASED
  C:136DH         LINE#         154
  C:136DH         LINE#         155
  C:1373H         LINE#         156
  C:1376H         LINE#         157
BL51 BANKED LINKER/LOCATER V6.22.2.0                                                  10/26/2020  14:24:03  PAGE 10


  C:137DH         LINE#         158
  C:137FH         LINE#         159
  -------         ENDPROC       WAIT_BUTTON_RELEASED
  -------         PROC          _UPDATE_CONFIGURATION
  D:001FH         SYMBOL        success
  C:0988H         LINE#         162
  C:098EH         LINE#         163
  C:09A0H         LINE#         165
  C:09B1H         LINE#         167
  C:09C4H         LINE#         168
  C:09D7H         LINE#         171
  C:09DCH         LINE#         172
  C:09EFH         LINE#         173
  C:0A02H         LINE#         176
  C:0A18H         LINE#         178
  C:0A23H         LINE#         180
  C:0A2EH         LINE#         182
  C:0A39H         LINE#         183
  C:0A39H         LINE#         184
  -------         ENDPROC       _UPDATE_CONFIGURATION
  -------         PROC          RECEIVE_PAIRING
  C:0F85H         LINE#         186
  C:0F85H         LINE#         188
  C:0F8AH         LINE#         190
  C:0F8FH         LINE#         193
  C:0F91H         LINE#         194
  C:0F94H         LINE#         195
  C:0F9EH         LINE#         197
  C:0FA0H         LINE#         198
  C:0FA5H         LINE#         200
  C:0FA8H         LINE#         201
  C:0FAEH         LINE#         202
  C:0FB0H         LINE#         203
  C:0FB2H         LINE#         206
  C:0FB7H         LINE#         208
  -------         ENDPROC       RECEIVE_PAIRING
  -------         PROC          SET_PAIRING_MODE
  C:0F4AH         LINE#         211
  C:0F4AH         LINE#         213
  C:0F59H         LINE#         214
  C:0F68H         LINE#         217
  C:0F73H         LINE#         219
  C:0F7EH         LINE#         221
  -------         ENDPROC       SET_PAIRING_MODE
  -------         PROC          _SEND_PAYLOAD
  D:0001H         SYMBOL        payload
  D:001FH         SYMBOL        pwr
  C:1096H         LINE#         224
  C:1098H         LINE#         226
  C:109DH         LINE#         228
  C:10A2H         LINE#         230
  C:10AEH         LINE#         232
  C:10B3H         LINE#         234
  C:10B8H         LINE#         237
  C:10BAH         LINE#         238
  C:10BDH         LINE#         239
  C:10C1H         LINE#         240
BL51 BANKED LINKER/LOCATER V6.22.2.0                                                  10/26/2020  14:24:03  PAGE 11


  C:10C3H         LINE#         243
  C:10C7H         LINE#         245
  C:10C9H         LINE#         246
  -------         ENDPROC       _SEND_PAYLOAD
  -------         PROC          _MAKE_PAYLOAD
  D:001FH         SYMBOL        payload
  D:0005H         SYMBOL        cmd
  C:12E3H         LINE#         248
  C:12E9H         LINE#         249
  -------         ENDPROC       _MAKE_PAYLOAD
  -------         PROC          _MAKE_COMMAND
  D:001FH         SYMBOL        cmd
  D:0022H         SYMBOL        pwr
  C:0003H         LINE#         252
  C:0009H         LINE#         253
  C:000DH         LINE#         254
  C:0016H         LINE#         257
  C:001CH         LINE#         259
  C:0023H         LINE#         262
  C:0026H         LINE#         263
  C:002EH         LINE#         264
  C:0033H         LINE#         265
  C:003EH         LINE#         266
  C:0049H         LINE#         267
  C:0049H         LINE#         271
  C:0049H         LINE#         272
  -------         ENDPROC       _MAKE_COMMAND
  -------         PROC          _MAKE_RANDOM_NUMBER
  D:001FH         SYMBOL        p
  -------         DO            
  D:0006H         SYMBOL        len
  -------         ENDDO         
  C:102CH         LINE#         274
  C:1032H         LINE#         275
  C:1034H         LINE#         278
  C:1039H         LINE#         279
  C:103FH         LINE#         280
  C:1045H         LINE#         281
  C:105AH         LINE#         282
  C:105CH         LINE#         283
  -------         ENDPROC       _MAKE_RANDOM_NUMBER
  -------         PROC          PIN_INIT
  -------         DO            
  D:0007H         SYMBOL        i
  -------         ENDDO         
  C:0ECFH         LINE#         286
  C:0ECFH         LINE#         290
  C:0EE2H         LINE#         291
  C:0EE7H         LINE#         292
  C:0EE9H         LINE#         293
  C:0EECH         LINE#         294
  C:0EEFH         LINE#         295
  C:0EF2H         LINE#         297
  C:0EF5H         LINE#         298
  C:0EF7H         LINE#         299
  C:0EFAH         LINE#         300
  C:0EFDH         LINE#         302
BL51 BANKED LINKER/LOCATER V6.22.2.0                                                  10/26/2020  14:24:03  PAGE 12


  C:0EFFH         LINE#         303
  C:0F01H         LINE#         304
  C:0F04H         LINE#         305
  C:0F06H         LINE#         308
  C:0F08H         LINE#         309
  C:0F0AH         LINE#         310
  C:0F0CH         LINE#         311
  -------         ENDPROC       PIN_INIT
  -------         PROC          NRF_INIT
  C:0D12H         LINE#         313
  C:0D12H         LINE#         315
  C:0D17H         LINE#         317
  C:0D1CH         LINE#         319
  C:0D21H         LINE#         321
  C:0D2AH         LINE#         323
  C:0D2FH         LINE#         325
  C:0D3AH         LINE#         327
  C:0D41H         LINE#         329
  C:0D48H         LINE#         331
  C:0D53H         LINE#         333
  C:0D5AH         LINE#         334
  C:0D61H         LINE#         335
  C:0D68H         LINE#         337
  C:0D6DH         LINE#         339
  C:0D72H         LINE#         340
  C:0D77H         LINE#         341
  -------         ENDPROC       NRF_INIT
  -------         PROC          RTC_INIT
  C:10F9H         LINE#         344
  C:10F9H         LINE#         345
  C:10FEH         LINE#         346
  C:1102H         LINE#         347
  C:1107H         LINE#         348
  C:110EH         LINE#         349
  C:1113H         LINE#         352
  C:111BH         LINE#         353
  C:1123H         LINE#         356
  C:1126H         LINE#         357
  -------         ENDPROC       RTC_INIT
  -------         PROC          CLOCK_AND_IRQ_INIT
  C:14B0H         LINE#         359
  C:14B0H         LINE#         362
  C:14B8H         LINE#         365
  C:14BAH         LINE#         367
  C:14BCH         LINE#         369
  C:14BEH         LINE#         370
  -------         ENDPROC       CLOCK_AND_IRQ_INIT
  -------         PROC          SLEEP_MODE
  C:155CH         LINE#         372
  C:155CH         LINE#         374
  C:155FH         LINE#         376
  C:1562H         LINE#         378
  C:1565H         LINE#         380
  -------         ENDPROC       SLEEP_MODE
  -------         PROC          WAKEUP_TICK
  C:004AH         LINE#         384
  C:004AH         LINE#         386
BL51 BANKED LINKER/LOCATER V6.22.2.0                                                  10/26/2020  14:24:03  PAGE 13


  -------         ENDPROC       WAKEUP_TICK
  -------         PROC          WAKEUP_IRQ
  C:005AH         LINE#         389
  C:005AH         LINE#         391
  -------         ENDPROC       WAKEUP_IRQ
  -------         PROC          NRF_ISR
  -------         DO            
  D:0007H         SYMBOL        irq_flags
  -------         ENDDO         
  C:0C9DH         LINE#         395
  C:0CC3H         LINE#         399
  C:0CC6H         LINE#         401
  C:0CD3H         LINE#         402
  C:0CD3H         LINE#         404
  C:0CD3H         LINE#         405
  C:0CD3H         LINE#         407
  C:0CD5H         LINE#         410
  C:0CD5H         LINE#         415
  C:0CD8H         LINE#         416
  C:0CDBH         LINE#         417
  C:0CDDH         LINE#         420
  C:0CDDH         LINE#         422
  C:0CE3H         LINE#         423
  C:0CECH         LINE#         424
  C:0CEEH         LINE#         425
  C:0CF1H         LINE#         426
  C:0CF1H         LINE#         428
  C:0CF1H         LINE#         429
  C:0CF1H         LINE#         430
  C:0CF1H         LINE#         432
  -------         ENDPROC       NRF_ISR
  -------         ENDMOD        MAIN

  -------         MODULE        HAL_NRF_HW
  C:0000H         SYMBOL        _ICE_DUMMY_
  D:0080H         PUBLIC        P0
  D:0090H         PUBLIC        P1
  D:00A0H         PUBLIC        P2
  D:00B0H         PUBLIC        P3
  D:00A8H         PUBLIC        IEN0
  D:00B8H         PUBLIC        IEN1
  D:00E7H         PUBLIC        SPIRDAT
  C:1566H         PUBLIC        _hal_nrf_rw
  D:0088H         PUBLIC        TCON
  D:0098H         PUBLIC        S0CON
  D:00D8H         PUBLIC        ADCON
  D:00C8H         PUBLIC        T2CON
  D:00F8H         PUBLIC        FSR
  D:00E8H         PUBLIC        RFCON
  D:00D0H         PUBLIC        PSW
  D:00C0H         PUBLIC        IRCON
  D:00E6H         PUBLIC        SPIRSTAT
  -------         PROC          _HAL_NRF_RW
  D:0007H         SYMBOL        value
  C:1566H         LINE#         25
  C:1566H         LINE#         26
  C:1566H         LINE#         27
BL51 BANKED LINKER/LOCATER V6.22.2.0                                                  10/26/2020  14:24:03  PAGE 14


  C:1568H         LINE#         28
  C:156DH         LINE#         29
  C:156DH         LINE#         30
  C:156DH         LINE#         31
  C:156FH         LINE#         32
  -------         ENDPROC       _HAL_NRF_RW
  -------         ENDMOD        HAL_NRF_HW

  -------         MODULE        HAL_NRF
  C:0000H         SYMBOL        _ICE_DUMMY_
  D:0080H         PUBLIC        P0
  D:0090H         PUBLIC        P1
  D:00A0H         PUBLIC        P2
  D:00B0H         PUBLIC        P3
  C:13E2H         PUBLIC        _hal_nrf_set_rf_channel
  C:0DE4H         PUBLIC        _hal_nrf_open_pipe
  C:121EH         PUBLIC        _hal_nrf_enable_dynamic_ack
  C:15ECH         PUBLIC        _hal_nrf_write_tx_payload
  C:004EH         PUBLIC        hal_nrf_get_clear_irq_flags
  C:11F7H         PUBLIC        _hal_nrf_enable_ack_payload
  D:00A8H         PUBLIC        IEN0
  C:1300H         PUBLIC        _hal_nrf_write_reg
  C:15CAH         PUBLIC        hal_nrf_nop
  C:14F6H         PUBLIC        _hal_nrf_setup_dynamic_payload
  D:00B8H         PUBLIC        IEN1
  C:1620H         PUBLIC        hal_nrf_get_fifo_status
  C:1386H         PUBLIC        hal_nrf_clear_irq_flags_get_status
  D:00E7H         PUBLIC        SPIRDAT
  C:0B81H         PUBLIC        _hal_nrf_get_pipe_status
  C:0FBEH         PUBLIC        _hal_nrf_get_rx_payload_width
  C:15DDH         PUBLIC        hal_nrf_get_irq_flags
  C:12A7H         PUBLIC        _hal_nrf_set_power_mode
  C:1598H         PUBLIC        hal_nrf_get_carrier_detect
  C:15E5H         PUBLIC        _hal_nrf_set_rx_payload_width
  C:13B6H         PUBLIC        hal_nrf_get_packet_lost_ctr
  C:10CAH         PUBLIC        _hal_nrf_set_crc_mode
  C:15B6H         PUBLIC        hal_nrf_flush_rx
  C:15C0H         PUBLIC        hal_nrf_flush_tx
  C:158EH         PUBLIC        hal_nrf_get_transmit_attempts
  C:15ACH         PUBLIC        hal_nrf_reuse_tx
  C:12C5H         PUBLIC        _hal_nrf_set_output_power
  D:0088H         PUBLIC        TCON
  C:1127H         PUBLIC        _hal_nrf_set_datarate
  C:11CFH         PUBLIC        _hal_nrf_set_pll_mode
  C:14CEH         PUBLIC        hal_nrf_get_rx_data_source
  C:0D7CH         PUBLIC        _hal_nrf_set_irq_mode
  C:037DH         PUBLIC        _hal_nrf_read_multibyte_reg
  C:157AH         PUBLIC        hal_nrf_rx_fifo_empty
  C:11A6H         PUBLIC        _hal_nrf_enable_dynamic_payload
  C:151AH         PUBLIC        hal_nrf_tx_fifo_empty
  C:161BH         PUBLIC        hal_nrf_get_auto_retr_status
  C:005EH         PUBLIC        hal_nrf_rx_fifo_full
  C:14EAH         PUBLIC        hal_nrf_tx_fifo_full
  C:1267H         PUBLIC        _hal_nrf_set_auto_retr
  C:1061H         PUBLIC        _hal_nrf_get_address
  C:1289H         PUBLIC        _hal_nrf_set_operation_mode
  C:15A2H         PUBLIC        _hal_nrf_write_ack_payload
BL51 BANKED LINKER/LOCATER V6.22.2.0                                                  10/26/2020  14:24:03  PAGE 15


  C:1570H         PUBLIC        hal_nrf_get_address_width
  C:0A3AH         PUBLIC        _hal_nrf_write_multibyte_reg
  C:0F0DH         PUBLIC        _hal_nrf_set_address
  C:006AH         PUBLIC        hal_nrf_activate_features
  C:1584H         PUBLIC        hal_nrf_get_rx_fifo_status
  C:139FH         PUBLIC        _hal_nrf_set_address_width
  C:13CCH         PUBLIC        hal_nrf_get_tx_fifo_status
  C:1447H         PUBLIC        hal_nrf_get_reuse_tx_status
  D:0098H         PUBLIC        S0CON
  D:00D8H         PUBLIC        ADCON
  D:00C8H         PUBLIC        T2CON
  C:0E8CH         PUBLIC        _hal_nrf_close_pipe
  D:00F8H         PUBLIC        FSR
  C:1152H         PUBLIC        _hal_nrf_enable_continious_wave
  C:147EH         PUBLIC        _hal_nrf_clear_irq_flag
  C:162AH         PUBLIC        _hal_nrf_read_rx_payload
  D:00E8H         PUBLIC        RFCON
  C:15F3H         PUBLIC        _hal_nrf_write_tx_payload_noack
  D:00D0H         PUBLIC        PSW
  C:1625H         PUBLIC        hal_nrf_read_rx_payload_width
  D:00C0H         PUBLIC        IRCON
  C:1339H         PUBLIC        _hal_nrf_read_reg
  B:00E8H.1       PUBLIC        RFCSN
  D:00E6H         PUBLIC        SPIRSTAT
  -------         PROC          _HAL_NRF_SET_OPERATION_MODE
  D:0020H         SYMBOL        op_mode
  -------         DO            
  D:0021H         SYMBOL        config
  -------         ENDDO         
  C:1289H         LINE#         189
  C:128BH         LINE#         190
  C:128BH         LINE#         192
  C:1292H         LINE#         194
  C:1298H         LINE#         195
  C:1298H         LINE#         196
  C:129BH         LINE#         197
  C:129DH         LINE#         199
  C:129DH         LINE#         200
  C:12A0H         LINE#         201
  C:12A0H         LINE#         203
  -------         ENDPROC       _HAL_NRF_SET_OPERATION_MODE
  -------         PROC          _HAL_NRF_SET_POWER_MODE
  D:0020H         SYMBOL        pwr_mode
  -------         DO            
  D:0021H         SYMBOL        config
  -------         ENDDO         
  C:12A7H         LINE#         206
  C:12A9H         LINE#         207
  C:12A9H         LINE#         209
  C:12B0H         LINE#         211
  C:12B6H         LINE#         212
  C:12B6H         LINE#         213
  C:12B9H         LINE#         214
  C:12BBH         LINE#         216
  C:12BBH         LINE#         217
  C:12BEH         LINE#         218
  C:12BEH         LINE#         220
BL51 BANKED LINKER/LOCATER V6.22.2.0                                                  10/26/2020  14:24:03  PAGE 16


  -------         ENDPROC       _HAL_NRF_SET_POWER_MODE
  -------         PROC          _HAL_NRF_SET_CRC_MODE
  D:001FH         SYMBOL        crc_mode
  -------         DO            
  D:0020H         SYMBOL        config
  -------         ENDDO         
  C:10CAH         LINE#         223
  C:10CCH         LINE#         224
  C:10CCH         LINE#         226
  C:10D3H         LINE#         228
  C:10DFH         LINE#         229
  C:10DFH         LINE#         230
  C:10DFH         LINE#         231
  C:10E2H         LINE#         232
  C:10E4H         LINE#         233
  C:10E4H         LINE#         234
  C:10E7H         LINE#         235
  C:10EAH         LINE#         236
  C:10ECH         LINE#         237
  C:10ECH         LINE#         238
  C:10EFH         LINE#         239
  C:10F2H         LINE#         240
  C:10F2H         LINE#         241
  C:10F2H         LINE#         242
  C:10F2H         LINE#         243
  C:10F2H         LINE#         245
  -------         ENDPROC       _HAL_NRF_SET_CRC_MODE
  -------         PROC          _HAL_NRF_SET_IRQ_MODE
  D:001FH         SYMBOL        int_source
  D:0020H         SYMBOL        irq_state
  -------         DO            
  D:0021H         SYMBOL        config
  -------         ENDDO         
  C:0D7CH         LINE#         248
  C:0D80H         LINE#         249
  C:0D80H         LINE#         251
  C:0D87H         LINE#         253
  C:0D94H         LINE#         254
  C:0D94H         LINE#         255
  C:0D94H         LINE#         256
  C:0DA9H         LINE#         257
  C:0DABH         LINE#         258
  C:0DABH         LINE#         259
  C:0DC1H         LINE#         260
  C:0DC3H         LINE#         261
  C:0DC3H         LINE#         262
  C:0DDDH         LINE#         263
  C:0DDDH         LINE#         264
  C:0DDDH         LINE#         266
  -------         ENDPROC       _HAL_NRF_SET_IRQ_MODE
  -------         PROC          HAL_NRF_GET_CLEAR_IRQ_FLAGS
  -------         DO            
  D:0007H         SYMBOL        retval
  -------         ENDDO         
  C:004EH         LINE#         269
  C:004EH         LINE#         270
  C:004EH         LINE#         273
BL51 BANKED LINKER/LOCATER V6.22.2.0                                                  10/26/2020  14:24:03  PAGE 17


  C:0055H         LINE#         275
  C:0059H         LINE#         276
  -------         ENDPROC       HAL_NRF_GET_CLEAR_IRQ_FLAGS
  -------         PROC          HAL_NRF_CLEAR_IRQ_FLAGS_GET_STATUS
  -------         DO            
  D:0061H         SYMBOL        retval
  -------         ENDDO         
  C:1386H         LINE#         278
  C:1386H         LINE#         279
  C:1386H         LINE#         283
  C:1392H         LINE#         284
  C:139CH         LINE#         286
  C:139EH         LINE#         287
  -------         ENDPROC       HAL_NRF_CLEAR_IRQ_FLAGS_GET_STATUS
  -------         PROC          _HAL_NRF_CLEAR_IRQ_FLAG
  D:0007H         SYMBOL        int_source
  C:147EH         LINE#         290
  C:147EH         LINE#         291
  C:147EH         LINE#         292
  -------         ENDPROC       _HAL_NRF_CLEAR_IRQ_FLAG
  -------         PROC          HAL_NRF_GET_IRQ_FLAGS
  C:15DDH         LINE#         295
  C:15DDH         LINE#         296
  C:15DDH         LINE#         297
  C:15E4H         LINE#         298
  -------         ENDPROC       HAL_NRF_GET_IRQ_FLAGS
  -------         PROC          _HAL_NRF_OPEN_PIPE
  D:001FH         SYMBOL        pipe_num
  D:0020H         SYMBOL        auto_ack
  -------         DO            
  D:0021H         SYMBOL        en_rxaddr
  D:0022H         SYMBOL        en_aa
  -------         ENDDO         
  C:0DE4H         LINE#         300
  C:0DE8H         LINE#         301
  C:0DE8H         LINE#         304
  C:0DEFH         LINE#         305
  C:0DF6H         LINE#         307
  C:0E02H         LINE#         308
  C:0E02H         LINE#         309
  C:0E02H         LINE#         310
  C:0E02H         LINE#         311
  C:0E02H         LINE#         312
  C:0E02H         LINE#         313
  C:0E02H         LINE#         314
  C:0E02H         LINE#         315
  C:0E12H         LINE#         317
  C:0E16H         LINE#         318
  C:0E16H         LINE#         319
  C:0E19H         LINE#         320
  C:0E1BH         LINE#         322
  C:0E1BH         LINE#         323
  C:0E1FH         LINE#         324
  C:0E1FH         LINE#         325
  C:0E21H         LINE#         327
  C:0E21H         LINE#         328
  C:0E24H         LINE#         330
BL51 BANKED LINKER/LOCATER V6.22.2.0                                                  10/26/2020  14:24:03  PAGE 18


  C:0E28H         LINE#         331
  C:0E28H         LINE#         332
  C:0E2BH         LINE#         333
  C:0E2DH         LINE#         335
  C:0E2DH         LINE#         336
  C:0E30H         LINE#         337
  C:0E30H         LINE#         338
  C:0E30H         LINE#         340
  C:0E30H         LINE#         341
  C:0E30H         LINE#         342
  C:0E30H         LINE#         343
  C:0E30H         LINE#         345
  C:0E37H         LINE#         346
  -------         ENDPROC       _HAL_NRF_OPEN_PIPE
  -------         PROC          _HAL_NRF_CLOSE_PIPE
  D:0056H         SYMBOL        pipe_num
  -------         DO            
  D:0057H         SYMBOL        en_rxaddr
  D:0058H         SYMBOL        en_aa
  -------         ENDDO         
  C:0E8CH         LINE#         349
  C:0E8EH         LINE#         350
  C:0E8EH         LINE#         353
  C:0E95H         LINE#         354
  C:0E9CH         LINE#         356
  C:0EA8H         LINE#         357
  C:0EA8H         LINE#         358
  C:0EA8H         LINE#         359
  C:0EA8H         LINE#         360
  C:0EA8H         LINE#         361
  C:0EA8H         LINE#         362
  C:0EA8H         LINE#         363
  C:0EA8H         LINE#         364
  C:0EB8H         LINE#         365
  C:0EBAH         LINE#         366
  C:0EBCH         LINE#         368
  C:0EBCH         LINE#         369
  C:0EBFH         LINE#         370
  C:0EC1H         LINE#         371
  C:0EC1H         LINE#         373
  C:0EC1H         LINE#         374
  C:0EC1H         LINE#         375
  C:0EC1H         LINE#         376
  C:0EC1H         LINE#         378
  C:0EC8H         LINE#         379
  -------         ENDPROC       _HAL_NRF_CLOSE_PIPE
  -------         PROC          _HAL_NRF_SET_ADDRESS
  D:0022H         SYMBOL        address
  D:0023H         SYMBOL        addr
  C:0F0DH         LINE#         382
  C:0F15H         LINE#         383
  C:0F15H         LINE#         384
  C:0F24H         LINE#         385
  C:0F24H         LINE#         386
  C:0F24H         LINE#         387
  C:0F24H         LINE#         388
  C:0F24H         LINE#         389
BL51 BANKED LINKER/LOCATER V6.22.2.0                                                  10/26/2020  14:24:03  PAGE 19


  C:0F37H         LINE#         390
  C:0F37H         LINE#         391
  C:0F37H         LINE#         392
  C:0F37H         LINE#         393
  C:0F37H         LINE#         394
  C:0F37H         LINE#         395
  C:0F49H         LINE#         396
  C:0F49H         LINE#         398
  C:0F49H         LINE#         399
  C:0F49H         LINE#         400
  C:0F49H         LINE#         401
  C:0F49H         LINE#         402
  -------         ENDPROC       _HAL_NRF_SET_ADDRESS
  -------         PROC          _HAL_NRF_GET_ADDRESS
  D:004EH         SYMBOL        address
  D:004FH         SYMBOL        addr
  C:1061H         LINE#         404
  C:1069H         LINE#         405
  C:1069H         LINE#         406
  C:1076H         LINE#         407
  C:1076H         LINE#         408
  C:1076H         LINE#         409
  C:1076H         LINE#         410
  C:1076H         LINE#         411
  C:1081H         LINE#         412
  C:1081H         LINE#         413
  C:1093H         LINE#         414
  C:1095H         LINE#         415
  C:1095H         LINE#         416
  -------         ENDPROC       _HAL_NRF_GET_ADDRESS
  -------         PROC          _HAL_NRF_SET_AUTO_RETR
  D:0003H         SYMBOL        retr
  D:0004H         SYMBOL        delay
  -------         DO            
  D:001FH         SYMBOL        setup_retr
  -------         ENDDO         
  C:1267H         LINE#         418
  C:1269H         LINE#         419
  C:1269H         LINE#         421
  C:1277H         LINE#         422
  C:1282H         LINE#         424
  -------         ENDPROC       _HAL_NRF_SET_AUTO_RETR
  -------         PROC          _HAL_NRF_SET_ADDRESS_WIDTH
  D:0007H         SYMBOL        address_width
  -------         DO            
  D:001FH         SYMBOL        setup_aw
  -------         ENDDO         
  C:139FH         LINE#         427
  C:139FH         LINE#         428
  C:139FH         LINE#         430
  C:13A2H         LINE#         431
  C:13AFH         LINE#         433
  -------         ENDPROC       _HAL_NRF_SET_ADDRESS_WIDTH
  -------         PROC          HAL_NRF_GET_ADDRESS_WIDTH
  C:1570H         LINE#         436
  C:1570H         LINE#         437
  C:1570H         LINE#         438
BL51 BANKED LINKER/LOCATER V6.22.2.0                                                  10/26/2020  14:24:03  PAGE 20


  C:1579H         LINE#         439
  -------         ENDPROC       HAL_NRF_GET_ADDRESS_WIDTH
  -------         PROC          _HAL_NRF_SET_RX_PAYLOAD_WIDTH
  D:0007H         SYMBOL        pipe_num
  D:0005H         SYMBOL        pload_width
  C:15E5H         LINE#         441
  C:15E5H         LINE#         442
  C:15E5H         LINE#         443
  -------         ENDPROC       _HAL_NRF_SET_RX_PAYLOAD_WIDTH
  -------         PROC          _HAL_NRF_GET_PIPE_STATUS
  D:0044H         SYMBOL        pipe_num
  -------         DO            
  D:0045H         SYMBOL        en_rxaddr
  D:0046H         SYMBOL        en_aa
  D:0047H         SYMBOL        en_rx_r
  D:0048H         SYMBOL        en_aa_r
  -------         ENDDO         
  C:0B81H         LINE#         446
  C:0B83H         LINE#         447
  C:0B83H         LINE#         452
  C:0B8AH         LINE#         453
  C:0B91H         LINE#         455
  C:0BA6H         LINE#         456
  C:0BA6H         LINE#         457
  C:0BA6H         LINE#         458
  C:0BACH         LINE#         459
  C:0BAEH         LINE#         460
  C:0BB0H         LINE#         461
  C:0BB0H         LINE#         462
  C:0BB9H         LINE#         463
  C:0BBEH         LINE#         464
  C:0BC0H         LINE#         465
  C:0BC0H         LINE#         466
  C:0BC9H         LINE#         467
  C:0BCEH         LINE#         468
  C:0BD0H         LINE#         469
  C:0BD0H         LINE#         470
  C:0BDAH         LINE#         471
  C:0BE0H         LINE#         472
  C:0BE2H         LINE#         473
  C:0BE2H         LINE#         474
  C:0BEAH         LINE#         475
  C:0BEEH         LINE#         476
  C:0BF0H         LINE#         477
  C:0BF0H         LINE#         478
  C:0BF9H         LINE#         479
  C:0C02H         LINE#         480
  C:0C04H         LINE#         481
  C:0C04H         LINE#         482
  C:0C07H         LINE#         483
  C:0C09H         LINE#         484
  C:0C09H         LINE#         485
  C:0C09H         LINE#         487
  C:0C10H         LINE#         488
  -------         ENDPROC       _HAL_NRF_GET_PIPE_STATUS
  -------         PROC          HAL_NRF_GET_AUTO_RETR_STATUS
  C:161BH         LINE#         490
BL51 BANKED LINKER/LOCATER V6.22.2.0                                                  10/26/2020  14:24:03  PAGE 21


  C:161BH         LINE#         491
  C:161BH         LINE#         492
  -------         ENDPROC       HAL_NRF_GET_AUTO_RETR_STATUS
  -------         PROC          HAL_NRF_GET_PACKET_LOST_CTR
  C:13B6H         LINE#         495
  C:13B6H         LINE#         496
  C:13B6H         LINE#         497
  C:13CBH         LINE#         498
  -------         ENDPROC       HAL_NRF_GET_PACKET_LOST_CTR
  -------         PROC          _HAL_NRF_GET_RX_PAYLOAD_WIDTH
  D:0007H         SYMBOL        pipe_num
  -------         DO            
  D:0062H         SYMBOL        pw
  -------         ENDDO         
  C:0FBEH         LINE#         500
  C:0FBEH         LINE#         501
  C:0FBEH         LINE#         504
  C:0FD2H         LINE#         505
  C:0FD2H         LINE#         506
  C:0FD2H         LINE#         507
  C:0FD4H         LINE#         508
  C:0FD6H         LINE#         509
  C:0FD6H         LINE#         510
  C:0FD8H         LINE#         511
  C:0FDAH         LINE#         512
  C:0FDAH         LINE#         513
  C:0FDCH         LINE#         514
  C:0FDEH         LINE#         515
  C:0FDEH         LINE#         516
  C:0FE0H         LINE#         517
  C:0FE2H         LINE#         518
  C:0FE2H         LINE#         519
  C:0FE4H         LINE#         520
  C:0FE6H         LINE#         521
  C:0FE6H         LINE#         522
  C:0FEDH         LINE#         523
  C:0FEFH         LINE#         524
  C:0FEFH         LINE#         525
  C:0FF2H         LINE#         526
  C:0FF2H         LINE#         527
  C:0FF2H         LINE#         529
  C:0FF4H         LINE#         530
  -------         ENDPROC       _HAL_NRF_GET_RX_PAYLOAD_WIDTH
  -------         PROC          _HAL_NRF_SET_RF_CHANNEL
  D:0007H         SYMBOL        channel
  -------         DO            
  D:001FH         SYMBOL        rf_ch
  -------         ENDDO         
  C:13E2H         LINE#         532
  C:13E2H         LINE#         533
  C:13E2H         LINE#         535
  C:13E5H         LINE#         536
  C:13F0H         LINE#         537
  -------         ENDPROC       _HAL_NRF_SET_RF_CHANNEL
  -------         PROC          _HAL_NRF_SET_OUTPUT_POWER
  D:0020H         SYMBOL        power
  -------         DO            
BL51 BANKED LINKER/LOCATER V6.22.2.0                                                  10/26/2020  14:24:03  PAGE 22


  D:0021H         SYMBOL        rf_setup
  -------         ENDDO         
  C:12C5H         LINE#         540
  C:12C7H         LINE#         541
  C:12C7H         LINE#         543
  C:12CEH         LINE#         545
  C:12DCH         LINE#         547
  -------         ENDPROC       _HAL_NRF_SET_OUTPUT_POWER
  -------         PROC          _HAL_NRF_SET_DATARATE
  D:001FH         SYMBOL        datarate
  -------         DO            
  D:0020H         SYMBOL        rf_setup
  -------         ENDDO         
  C:1127H         LINE#         550
  C:1129H         LINE#         551
  C:1129H         LINE#         553
  C:1130H         LINE#         555
  C:1138H         LINE#         556
  C:1138H         LINE#         557
  C:1138H         LINE#         558
  C:113BH         LINE#         559
  C:113BH         LINE#         560
  C:113DH         LINE#         561
  C:113DH         LINE#         562
  C:1140H         LINE#         563
  C:1143H         LINE#         564
  C:1145H         LINE#         565
  C:1145H         LINE#         566
  C:1145H         LINE#         567
  C:1148H         LINE#         568
  C:114BH         LINE#         569
  C:114BH         LINE#         570
  C:114BH         LINE#         572
  -------         ENDPROC       _HAL_NRF_SET_DATARATE
  -------         PROC          HAL_NRF_RX_FIFO_EMPTY
  C:157AH         LINE#         575
  C:157AH         LINE#         576
  C:157AH         LINE#         577
  C:1583H         LINE#         578
  -------         ENDPROC       HAL_NRF_RX_FIFO_EMPTY
  -------         PROC          HAL_NRF_RX_FIFO_FULL
  C:005EH         LINE#         580
  C:005EH         LINE#         581
  C:005EH         LINE#         582
  C:0069H         LINE#         583
  -------         ENDPROC       HAL_NRF_RX_FIFO_FULL
  -------         PROC          HAL_NRF_TX_FIFO_EMPTY
  C:151AH         LINE#         585
  C:151AH         LINE#         586
  C:151AH         LINE#         587
  C:1524H         LINE#         588
  -------         ENDPROC       HAL_NRF_TX_FIFO_EMPTY
  -------         PROC          HAL_NRF_TX_FIFO_FULL
  C:14EAH         LINE#         590
  C:14EAH         LINE#         591
  C:14EAH         LINE#         592
  C:14F5H         LINE#         593
BL51 BANKED LINKER/LOCATER V6.22.2.0                                                  10/26/2020  14:24:03  PAGE 23


  -------         ENDPROC       HAL_NRF_TX_FIFO_FULL
  -------         PROC          HAL_NRF_GET_TX_FIFO_STATUS
  C:13CCH         LINE#         595
  C:13CCH         LINE#         596
  C:13CCH         LINE#         597
  C:13E1H         LINE#         598
  -------         ENDPROC       HAL_NRF_GET_TX_FIFO_STATUS
  -------         PROC          HAL_NRF_GET_RX_FIFO_STATUS
  C:1584H         LINE#         600
  C:1584H         LINE#         601
  C:1584H         LINE#         602
  C:158DH         LINE#         603
  -------         ENDPROC       HAL_NRF_GET_RX_FIFO_STATUS
  -------         PROC          HAL_NRF_GET_FIFO_STATUS
  C:1620H         LINE#         605
  C:1620H         LINE#         606
  C:1620H         LINE#         607
  -------         ENDPROC       HAL_NRF_GET_FIFO_STATUS
  -------         PROC          HAL_NRF_GET_TRANSMIT_ATTEMPTS
  C:158EH         LINE#         610
  C:158EH         LINE#         611
  C:158EH         LINE#         612
  C:1597H         LINE#         613
  -------         ENDPROC       HAL_NRF_GET_TRANSMIT_ATTEMPTS
  -------         PROC          HAL_NRF_GET_CARRIER_DETECT
  C:1598H         LINE#         615
  C:1598H         LINE#         616
  C:1598H         LINE#         617
  C:15A1H         LINE#         618
  -------         ENDPROC       HAL_NRF_GET_CARRIER_DETECT
  -------         PROC          HAL_NRF_ACTIVATE_FEATURES
  C:006AH         LINE#         620
  C:006AH         LINE#         621
  -------         ENDPROC       HAL_NRF_ACTIVATE_FEATURES
  -------         PROC          _HAL_NRF_SETUP_DYNAMIC_PAYLOAD
  D:0007H         SYMBOL        setup
  -------         DO            
  D:0063H         SYMBOL        dynpd
  -------         ENDDO         
  C:14F6H         LINE#         623
  C:14F6H         LINE#         624
  C:14F6H         LINE#         626
  C:14FBH         LINE#         628
  -------         ENDPROC       _HAL_NRF_SETUP_DYNAMIC_PAYLOAD
  -------         PROC          _HAL_NRF_ENABLE_DYNAMIC_PAYLOAD
  D:0059H         SYMBOL        enable
  -------         DO            
  D:005AH         SYMBOL        feature
  -------         ENDDO         
  C:11A6H         LINE#         631
  C:11A8H         LINE#         632
  C:11A8H         LINE#         634
  C:11AFH         LINE#         635
  C:11C8H         LINE#         637
  -------         ENDPROC       _HAL_NRF_ENABLE_DYNAMIC_PAYLOAD
  -------         PROC          _HAL_NRF_ENABLE_ACK_PAYLOAD
  D:001FH         SYMBOL        enable
BL51 BANKED LINKER/LOCATER V6.22.2.0                                                  10/26/2020  14:24:03  PAGE 24


  -------         DO            
  D:0020H         SYMBOL        feature
  -------         ENDDO         
  C:11F7H         LINE#         640
  C:11F9H         LINE#         641
  C:11F9H         LINE#         643
  C:1200H         LINE#         644
  C:1217H         LINE#         646
  -------         ENDPROC       _HAL_NRF_ENABLE_ACK_PAYLOAD
  -------         PROC          _HAL_NRF_ENABLE_DYNAMIC_ACK
  D:005BH         SYMBOL        enable
  -------         DO            
  D:005CH         SYMBOL        feature
  -------         ENDDO         
  C:121EH         LINE#         649
  C:1220H         LINE#         650
  C:1220H         LINE#         652
  C:1227H         LINE#         653
  C:123CH         LINE#         655
  -------         ENDPROC       _HAL_NRF_ENABLE_DYNAMIC_ACK
  -------         PROC          _HAL_NRF_WRITE_TX_PAYLOAD
  D:0001H         SYMBOL        tx_pload
  D:0005H         SYMBOL        length
  C:15ECH         LINE#         658
  C:15ECH         LINE#         659
  C:15ECH         LINE#         660
  -------         ENDPROC       _HAL_NRF_WRITE_TX_PAYLOAD
  -------         PROC          _HAL_NRF_WRITE_TX_PAYLOAD_NOACK
  D:0001H         SYMBOL        tx_pload
  D:0005H         SYMBOL        length
  C:15F3H         LINE#         663
  C:15F3H         LINE#         664
  C:15F3H         LINE#         665
  -------         ENDPROC       _HAL_NRF_WRITE_TX_PAYLOAD_NOACK
  -------         PROC          _HAL_NRF_WRITE_ACK_PAYLOAD
  D:0007H         SYMBOL        pipe
  D:0001H         SYMBOL        tx_pload
  D:004DH         SYMBOL        length
  C:15A2H         LINE#         668
  C:15A2H         LINE#         669
  C:15A2H         LINE#         670
  -------         ENDPROC       _HAL_NRF_WRITE_ACK_PAYLOAD
  -------         PROC          HAL_NRF_READ_RX_PAYLOAD_WIDTH
  C:1625H         LINE#         673
  C:1625H         LINE#         674
  C:1625H         LINE#         675
  -------         ENDPROC       HAL_NRF_READ_RX_PAYLOAD_WIDTH
  -------         PROC          _HAL_NRF_READ_RX_PAYLOAD
  D:0001H         SYMBOL        rx_pload
  C:162AH         LINE#         678
  C:162AH         LINE#         679
  C:162AH         LINE#         680
  -------         ENDPROC       _HAL_NRF_READ_RX_PAYLOAD
  -------         PROC          HAL_NRF_GET_RX_DATA_SOURCE
  C:14CEH         LINE#         683
  C:14CEH         LINE#         684
  C:14CEH         LINE#         685
BL51 BANKED LINKER/LOCATER V6.22.2.0                                                  10/26/2020  14:24:03  PAGE 25


  C:14DBH         LINE#         686
  -------         ENDPROC       HAL_NRF_GET_RX_DATA_SOURCE
  -------         PROC          HAL_NRF_REUSE_TX
  C:15ACH         LINE#         688
  C:15ACH         LINE#         689
  C:15ACH         LINE#         690
  C:15AEH         LINE#         691
  C:15B3H         LINE#         692
  C:15B5H         LINE#         693
  -------         ENDPROC       HAL_NRF_REUSE_TX
  -------         PROC          HAL_NRF_GET_REUSE_TX_STATUS
  C:1447H         LINE#         695
  C:1447H         LINE#         696
  C:1447H         LINE#         697
  C:1459H         LINE#         698
  -------         ENDPROC       HAL_NRF_GET_REUSE_TX_STATUS
  -------         PROC          HAL_NRF_FLUSH_RX
  C:15B6H         LINE#         700
  C:15B6H         LINE#         701
  C:15B6H         LINE#         702
  C:15B8H         LINE#         703
  C:15BDH         LINE#         704
  C:15BFH         LINE#         705
  -------         ENDPROC       HAL_NRF_FLUSH_RX
  -------         PROC          HAL_NRF_FLUSH_TX
  C:15C0H         LINE#         707
  C:15C0H         LINE#         708
  C:15C0H         LINE#         709
  C:15C2H         LINE#         710
  C:15C7H         LINE#         711
  C:15C9H         LINE#         712
  -------         ENDPROC       HAL_NRF_FLUSH_TX
  -------         PROC          HAL_NRF_NOP
  -------         DO            
  D:0007H         SYMBOL        retval
  -------         ENDDO         
  C:15CAH         LINE#         714
  C:15CAH         LINE#         715
  C:15CAH         LINE#         718
  C:15CCH         LINE#         719
  C:15D1H         LINE#         720
  C:15D3H         LINE#         722
  C:15D3H         LINE#         723
  -------         ENDPROC       HAL_NRF_NOP
  -------         PROC          _HAL_NRF_SET_PLL_MODE
  D:005DH         SYMBOL        pll_lock
  -------         DO            
  D:005EH         SYMBOL        rf_setup
  -------         ENDDO         
  C:11CFH         LINE#         725
  C:11D1H         LINE#         726
  C:11D1H         LINE#         728
  C:11D8H         LINE#         729
  C:11F0H         LINE#         731
  -------         ENDPROC       _HAL_NRF_SET_PLL_MODE
  -------         PROC          _HAL_NRF_ENABLE_CONTINIOUS_WAVE
  D:005FH         SYMBOL        enable
BL51 BANKED LINKER/LOCATER V6.22.2.0                                                  10/26/2020  14:24:03  PAGE 26


  -------         DO            
  D:0060H         SYMBOL        rf_setup
  -------         ENDDO         
  C:1152H         LINE#         734
  C:1154H         LINE#         735
  C:1154H         LINE#         737
  C:115BH         LINE#         738
  C:1176H         LINE#         740
  -------         ENDPROC       _HAL_NRF_ENABLE_CONTINIOUS_WAVE
  -------         PROC          _HAL_NRF_READ_REG
  D:0007H         SYMBOL        reg
  -------         DO            
  D:0007H         SYMBOL        temp
  -------         ENDDO         
  C:1339H         LINE#         743
  C:1339H         LINE#         744
  C:1339H         LINE#         747
  C:133BH         LINE#         749
  C:133DH         LINE#         750
  C:1343H         LINE#         751
  C:1345H         LINE#         753
  C:1348H         LINE#         754
  C:134EH         LINE#         755
  C:1350H         LINE#         757
  C:1352H         LINE#         759
  C:1352H         LINE#         760
  -------         ENDPROC       _HAL_NRF_READ_REG
  -------         PROC          _HAL_NRF_WRITE_REG
  D:0007H         SYMBOL        reg
  D:0005H         SYMBOL        value
  -------         DO            
  D:0007H         SYMBOL        retval
  D:0064H         SYMBOL        dummy
  -------         ENDDO         
  C:1300H         LINE#         762
  C:1300H         LINE#         763
  C:1300H         LINE#         770
  C:1302H         LINE#         772
  C:1307H         LINE#         773
  C:130DH         LINE#         774
  C:130FH         LINE#         776
  C:1311H         LINE#         777
  C:1317H         LINE#         778
  C:131AH         LINE#         780
  C:131CH         LINE#         782
  C:131CH         LINE#         783
  -------         ENDPROC       _HAL_NRF_WRITE_REG
  -------         PROC          _HAL_NRF_READ_MULTIBYTE_REG
  D:0008H         SYMBOL        reg
  D:0009H         SYMBOL        pbuf
  -------         DO            
  D:000CH         SYMBOL        ctr
  D:000DH         SYMBOL        length
  D:000EH         SYMBOL        memtype
  D:000FH         SYMBOL        read_byte
  D:0010H         SYMBOL        first_round
  -------         DO            
BL51 BANKED LINKER/LOCATER V6.22.2.0                                                  10/26/2020  14:24:03  PAGE 27


  D:0011H         SYMBOL        buf
  D:0011H         SYMBOL        buf
  D:0011H         SYMBOL        buf
  D:0011H         SYMBOL        buf
  -------         ENDDO         
  -------         DO            
  D:0011H         SYMBOL        buf
  D:0011H         SYMBOL        buf
  D:0011H         SYMBOL        buf
  -------         ENDDO         
  -------         DO            
  D:0011H         SYMBOL        buf
  D:0011H         SYMBOL        buf
  -------         ENDDO         
  -------         DO            
  D:0011H         SYMBOL        buf
  -------         ENDDO         
  -------         ENDDO         
  C:037DH         LINE#         804
  C:0385H         LINE#         805
  C:0385H         LINE#         810
  C:0388H         LINE#         812
  C:038BH         LINE#         814
  C:039CH         LINE#         815
  C:039CH         LINE#         816
  C:039CH         LINE#         817
  C:039CH         LINE#         818
  C:039CH         LINE#         819
  C:03A3H         LINE#         820
  C:03A5H         LINE#         821
  C:03AAH         LINE#         822
  C:03ACH         LINE#         824
  C:03ACH         LINE#         825
  C:03B1H         LINE#         826
  C:03BAH         LINE#         827
  C:03BAH         LINE#         828
  C:03C1H         LINE#         829
  C:03C3H         LINE#         830
  C:03C8H         LINE#         831
  C:03CAH         LINE#         838
  C:03CAH         LINE#         839
  C:03CFH         LINE#         840
  C:03CFH         LINE#         841
  C:03CFH         LINE#         843
  C:03D6H         LINE#         844
  C:03D6H         LINE#         845
  C:03D9H         LINE#         846
  C:03FBH         LINE#         847
  C:03FEH         LINE#         848
  C:0404H         LINE#         849
  C:0404H         LINE#         850
  C:040AH         LINE#         851
  C:043CH         LINE#         852
  C:043EH         LINE#         853
  C:0444H         LINE#         854
  C:0444H         LINE#         855
  C:0447H         LINE#         856
BL51 BANKED LINKER/LOCATER V6.22.2.0                                                  10/26/2020  14:24:03  PAGE 28


  C:046BH         LINE#         857
  C:046DH         LINE#         859
  C:046DH         LINE#         860
  C:0476H         LINE#         861
  C:04AFH         LINE#         862
  C:04AFH         LINE#         864
  C:04B1H         LINE#         866
  C:04B7H         LINE#         867
  -------         ENDPROC       _HAL_NRF_READ_MULTIBYTE_REG
  -------         PROC          _HAL_NRF_WRITE_MULTIBYTE_REG
  D:0007H         SYMBOL        reg
  D:0027H         SYMBOL        pbuf
  D:002AH         SYMBOL        length
  -------         DO            
  D:0005H         SYMBOL        memtype
  D:0006H         SYMBOL        next
  D:002BH         SYMBOL        dummy
  -------         DO            
  D:002CH         SYMBOL        buf
  D:002CH         SYMBOL        buf
  D:002CH         SYMBOL        buf
  D:002CH         SYMBOL        buf
  -------         ENDDO         
  -------         DO            
  D:002CH         SYMBOL        buf
  D:002CH         SYMBOL        buf
  D:002CH         SYMBOL        buf
  -------         ENDDO         
  -------         DO            
  D:002CH         SYMBOL        buf
  D:002CH         SYMBOL        buf
  -------         ENDDO         
  -------         DO            
  D:002CH         SYMBOL        buf
  -------         ENDDO         
  -------         ENDDO         
  C:0A3AH         LINE#         878
  C:0A40H         LINE#         882
  C:0A40H         LINE#         887
  C:0A42H         LINE#         889
  C:0A44H         LINE#         890
  C:0A46H         LINE#         892
  C:0A49H         LINE#         893
  C:0A49H         LINE#         894
  C:0A4CH         LINE#         895
  C:0A60H         LINE#         896
  C:0A62H         LINE#         897
  C:0A67H         LINE#         898
  C:0A67H         LINE#         899
  C:0A6DH         LINE#         900
  C:0A8BH         LINE#         901
  C:0A8DH         LINE#         902
  C:0A92H         LINE#         903
  C:0A92H         LINE#         904
  C:0A95H         LINE#         905
  C:0AA9H         LINE#         906
  C:0AABH         LINE#         908
BL51 BANKED LINKER/LOCATER V6.22.2.0                                                  10/26/2020  14:24:03  PAGE 29


  C:0AABH         LINE#         909
  C:0AB4H         LINE#         910
  C:0AD7H         LINE#         911
  C:0AD7H         LINE#         913
  C:0ADDH         LINE#         914
  C:0AE0H         LINE#         915
  C:0AE2H         LINE#         916
  -------         ENDPROC       _HAL_NRF_WRITE_MULTIBYTE_REG
  -------         ENDMOD        HAL_NRF

  -------         MODULE        HAL_CLK
  C:0000H         SYMBOL        _ICE_DUMMY_
  D:0080H         PUBLIC        P0
  D:0090H         PUBLIC        P1
  D:00A0H         PUBLIC        P2
  D:00B0H         PUBLIC        P3
  D:00A8H         PUBLIC        IEN0
  D:00B8H         PUBLIC        IEN1
  C:1502H         PUBLIC        _hal_clk_set_freq
  D:00A3H         PUBLIC        CLKCTRL
  C:148FH         PUBLIC        _hal_clk_set_input
  C:160FH         PUBLIC        hal_clklf_phase
  C:1615H         PUBLIC        hal_clklf_ready
  C:1525H         PUBLIC        hal_clk_get_16m_source
  D:00ADH         PUBLIC        CLKLFCTRL
  C:14BFH         PUBLIC        _hal_clk_set_16m_source
  D:0088H         PUBLIC        TCON
  C:150EH         PUBLIC        _hal_clklf_set_source
  D:0098H         PUBLIC        S0CON
  D:00D8H         PUBLIC        ADCON
  D:00C8H         PUBLIC        T2CON
  D:00F8H         PUBLIC        FSR
  C:14A0H         PUBLIC        _hal_clk_regret_xosc16m_on
  D:00E8H         PUBLIC        RFCON
  D:00D0H         PUBLIC        PSW
  D:00C0H         PUBLIC        IRCON
  -------         PROC          _HAL_CLK_REGRET_XOSC16M_ON
  D:0007H         SYMBOL        on
  C:14A0H         LINE#         22
  C:14A0H         LINE#         23
  C:14A0H         LINE#         24
  C:14A3H         LINE#         25
  C:14A3H         LINE#         26
  C:14ABH         LINE#         27
  C:14ACH         LINE#         29
  C:14ACH         LINE#         30
  C:14AFH         LINE#         31
  C:14AFH         LINE#         32
  -------         ENDPROC       _HAL_CLK_REGRET_XOSC16M_ON
  -------         PROC          _HAL_CLK_SET_INPUT
  D:0007H         SYMBOL        input
  C:148FH         LINE#         34
  C:148FH         LINE#         35
  C:148FH         LINE#         36
  C:149FH         LINE#         37
  -------         ENDPROC       _HAL_CLK_SET_INPUT
  -------         PROC          _HAL_CLK_SET_16M_SOURCE
BL51 BANKED LINKER/LOCATER V6.22.2.0                                                  10/26/2020  14:24:03  PAGE 30


  D:0007H         SYMBOL        source
  C:14BFH         LINE#         39
  C:14BFH         LINE#         40
  C:14BFH         LINE#         41
  C:14CDH         LINE#         42
  -------         ENDPROC       _HAL_CLK_SET_16M_SOURCE
  -------         PROC          HAL_CLK_GET_16M_SOURCE
  -------         DO            
  D:0007H         SYMBOL        clock_source
  -------         ENDDO         
  C:1525H         LINE#         44
  C:1525H         LINE#         45
  C:1525H         LINE#         47
  C:152AH         LINE#         48
  C:152AH         LINE#         49
  C:152CH         LINE#         50
  C:152DH         LINE#         52
  C:152DH         LINE#         53
  C:152FH         LINE#         54
  C:152FH         LINE#         56
  C:152FH         LINE#         57
  -------         ENDPROC       HAL_CLK_GET_16M_SOURCE
  -------         PROC          _HAL_CLK_SET_FREQ
  D:0007H         SYMBOL        freq
  C:1502H         LINE#         59
  C:1502H         LINE#         60
  C:1502H         LINE#         61
  C:150DH         LINE#         62
  -------         ENDPROC       _HAL_CLK_SET_FREQ
  -------         PROC          HAL_CLKLF_PHASE
  C:160FH         LINE#         64
  C:160FH         LINE#         65
  C:160FH         LINE#         66
  C:1614H         LINE#         67
  -------         ENDPROC       HAL_CLKLF_PHASE
  -------         PROC          HAL_CLKLF_READY
  C:1615H         LINE#         69
  C:1615H         LINE#         70
  C:1615H         LINE#         71
  C:161AH         LINE#         72
  -------         ENDPROC       HAL_CLKLF_READY
  -------         PROC          _HAL_CLKLF_SET_SOURCE
  D:0007H         SYMBOL        source
  C:150EH         LINE#         74
  C:150EH         LINE#         75
  C:150EH         LINE#         76
  C:1519H         LINE#         77
  -------         ENDPROC       _HAL_CLKLF_SET_SOURCE
  -------         ENDMOD        HAL_CLK

  -------         MODULE        HAL_DELAY
  C:0000H         SYMBOL        _ICE_DUMMY_
  C:13F7H         PUBLIC        _delay_ms
  C:135EH         PUBLIC        _delay_us
  -------         PROC          L?0011
  -------         ENDPROC       L?0011
  -------         PROC          _DELAY_US
BL51 BANKED LINKER/LOCATER V6.22.2.0                                                  10/26/2020  14:24:03  PAGE 31


  D:0006H         SYMBOL        us
  C:135EH         LINE#         37
  C:135EH         LINE#         38
  C:135EH         LINE#         40
  C:135EH         LINE#         41
  C:135FH         LINE#         42
  C:1360H         LINE#         43
  C:1361H         LINE#         44
  C:1362H         LINE#         45
  C:1363H         LINE#         46
  C:136CH         LINE#         47
  -------         ENDPROC       _DELAY_US
  -------         PROC          _DELAY_MS
  D:0004H         SYMBOL        ms
  C:13F7H         LINE#         49
  C:13FBH         LINE#         50
  C:13FBH         LINE#         52
  C:13FBH         LINE#         53
  C:13FBH         LINE#         54
  C:13FEH         LINE#         55
  C:13FEH         LINE#         56
  C:1401H         LINE#         57
  C:140AH         LINE#         58
  -------         ENDPROC       _DELAY_MS
  -------         ENDMOD        HAL_DELAY

  -------         MODULE        HAL_AES
  C:0000H         SYMBOL        _ICE_DUMMY_
  D:0080H         PUBLIC        P0
  D:00DFH         PUBLIC        CCPDATO
  D:0090H         PUBLIC        P1
  D:00A0H         PUBLIC        P2
  D:00B0H         PUBLIC        P3
  D:00A8H         PUBLIC        IEN0
  D:00B8H         PUBLIC        IEN1
  C:0FF5H         SYMBOL        _aes_set_key
  C:08D2H         SYMBOL        _key_upgrade
  C:05D8H         SYMBOL        s_box
  X:0035H         SYMBOL        cipher_key
  C:06D8H         SYMBOL        rcon
  D:0088H         PUBLIC        TCON
  D:00DDH         PUBLIC        CCPDATIA
  D:00DEH         PUBLIC        CCPDATIB
  C:07E4H         SYMBOL        _add_key
  C:04B8H         SYMBOL        _add_sub_shift
  D:0098H         PUBLIC        S0CON
  D:00D8H         PUBLIC        ADCON
  C:15FAH         PUBLIC        _hal_aes_setup
  D:00C8H         PUBLIC        T2CON
  C:0AE3H         PUBLIC        _hal_aes_crypt
  D:00F8H         PUBLIC        FSR
  X:0000H         SYMBOL        aes_round_key
  C:01F6H         SYMBOL        _mix_columns_hw
  D:00E8H         PUBLIC        RFCON
  D:00D0H         PUBLIC        PSW
  D:00C0H         PUBLIC        IRCON
  -------         PROC          _HAL_AES_SETUP
BL51 BANKED LINKER/LOCATER V6.22.2.0                                                  10/26/2020  14:24:03  PAGE 32


  D:0022H         SYMBOL        decrypt
  D:0023H         SYMBOL        mode
  D:0001H         SYMBOL        keyin
  D:0027H         SYMBOL        ivin
  C:15FAH         LINE#         64
  C:15FEH         LINE#         65
  C:15FEH         LINE#         66
  -------         ENDPROC       _HAL_AES_SETUP
  -------         PROC          _HAL_AES_CRYPT
  D:001FH         SYMBOL        dest_buf
  D:0022H         SYMBOL        src_buf
  -------         DO            
  D:0025H         SYMBOL        aes_state
  D:0035H         SYMBOL        a
  -------         ENDDO         
  C:0AE3H         LINE#         81
  C:0AE9H         LINE#         82
  C:0AE9H         LINE#         88
  C:0AF7H         LINE#         89
  C:0AF7H         LINE#         90
  C:0B0EH         LINE#         91
  C:0B12H         LINE#         94
  C:0B15H         LINE#         95
  C:0B23H         LINE#         96
  C:0B23H         LINE#         97
  C:0B28H         LINE#         98
  C:0B2DH         LINE#         99
  C:0B32H         LINE#         100
  C:0B36H         LINE#         103
  C:0B3BH         LINE#         104
  C:0B40H         LINE#         105
  C:0B45H         LINE#         108
  C:0B53H         LINE#         109
  C:0B53H         LINE#         110
  C:0B67H         LINE#         111
  C:0B7CH         LINE#         112
  C:0B80H         LINE#         113
  -------         ENDPROC       _HAL_AES_CRYPT
  -------         PROC          _AES_SET_KEY
  D:002AH         SYMBOL        key_bytes
  -------         DO            
  D:0007H         SYMBOL        k
  -------         ENDDO         
  C:0FF5H         LINE#         115
  C:0FFBH         LINE#         116
[...]
  C:0582H         LINE#         186
  C:0588H         LINE#         187
  C:058EH         LINE#         189
  C:059BH         LINE#         190
  C:05ADH         LINE#         191
  C:05BFH         LINE#         192
  C:05D1H         LINE#         193
  C:05D7H         LINE#         194
  -------         ENDPROC       _ADD_SUB_SHIFT
  -------         PROC          _MIX_COLUMNS_HW
  D:0007H         SYMBOL        aes_state
  -------         DO            
  D:0003H         SYMBOL        col
  D:0005H         SYMBOL        r
  D:0006H         SYMBOL        tmp
  -------         ENDDO         
  C:01F6H         LINE#         196
  C:01F6H         LINE#         197
  C:01F6H         LINE#         211
  C:0210H         LINE#         213
  C:0212H         LINE#         215
  C:0216H         LINE#         216
  C:0218H         LINE#         218
  C:021EH         LINE#         221
  C:022CH         LINE#         222
  C:022EH         LINE#         224
  C:0232H         LINE#         227
  C:0241H         LINE#         228
  C:0243H         LINE#         230
  C:0247H         LINE#         233
  C:0250H         LINE#         234
  C:0252H         LINE#         236
  C:0256H         LINE#         240
  C:0273H         LINE#         241
  C:0275H         LINE#         243
  C:0279H         LINE#         244
  C:027BH         LINE#         245
  C:027FH         LINE#         247
  C:028EH         LINE#         248
  C:0290H         LINE#         249
  C:0294H         LINE#         251
  C:02A3H         LINE#         252
  C:02A5H         LINE#         253
  C:02A9H         LINE#         255
  C:02B2H         LINE#         256
  C:02B4H         LINE#         257
  C:02B8H         LINE#         260
  C:02D5H         LINE#         261
  C:02D7H         LINE#         263
  C:02DBH         LINE#         264
  C:02DDH         LINE#         265
  C:02E1H         LINE#         267
  C:02F0H         LINE#         268
  C:02F2H         LINE#         269
  C:02F6H         LINE#         271
  C:0305H         LINE#         272
BL51 BANKED LINKER/LOCATER V6.22.2.0                                                  10/26/2020  14:24:03  PAGE 35


  C:0307H         LINE#         273
  C:030BH         LINE#         275
  C:0314H         LINE#         276
  C:0316H         LINE#         277
  C:031AH         LINE#         280
  C:0336H         LINE#         281
  C:0338H         LINE#         283
  C:033BH         LINE#         284
  C:033DH         LINE#         285
  C:0343H         LINE#         287
  C:0352H         LINE#         288
  C:0354H         LINE#         289
  C:0358H         LINE#         291
  C:0367H         LINE#         292
  C:0369H         LINE#         293
  C:036DH         LINE#         295
  C:0376H         LINE#         296
  C:0378H         LINE#         297
  C:037CH         LINE#         298
  -------         ENDPROC       _MIX_COLUMNS_HW
  -------         ENDMOD        HAL_AES

  -------         MODULE        HAL_FLASH
  C:0000H         SYMBOL        _ICE_DUMMY_
  D:0080H         PUBLIC        P0
  D:0090H         PUBLIC        P1
  D:00A0H         PUBLIC        P2
  D:00B0H         PUBLIC        P3
  B:00A8H.7       PUBLIC        EA
  D:00A8H         PUBLIC        IEN0
  D:00B8H         PUBLIC        IEN1
  C:140BH         PUBLIC        _hal_flash_page_erase
  C:1243H         PUBLIC        _hal_flash_bytes_read
  D:0088H         PUBLIC        TCON
  C:1601H         PUBLIC        _hal_flash_byte_read
  B:00F8H.4       PUBLIC        RDYN
  C:0E3EH         PUBLIC        _hal_flash_bytes_write
  C:131DH         PUBLIC        _hal_flash_byte_write
  D:00FAH         PUBLIC        FCR
  D:0098H         PUBLIC        S0CON
  D:00D8H         PUBLIC        ADCON
  D:00C8H         PUBLIC        T2CON
  B:00F8H.5       PUBLIC        WEN
  D:00F8H         PUBLIC        FSR
  B:00D0H.5       PUBLIC        F0
  D:00E8H         PUBLIC        RFCON
  D:00D0H         PUBLIC        PSW
  D:00C0H         PUBLIC        IRCON
  -------         PROC          _HAL_FLASH_PAGE_ERASE
  D:0007H         SYMBOL        pn
  C:140BH         LINE#         21
  C:140BH         LINE#         22
  C:140BH         LINE#         24
  C:140FH         LINE#         25
  C:1411H         LINE#         28
  C:1413H         LINE#         33
  C:1415H         LINE#         36
BL51 BANKED LINKER/LOCATER V6.22.2.0                                                  10/26/2020  14:24:03  PAGE 36


  C:1418H         LINE#         39
  C:141AH         LINE#         41
  C:141EH         LINE#         42
  -------         ENDPROC       _HAL_FLASH_PAGE_ERASE
  -------         PROC          _HAL_FLASH_BYTE_WRITE
  D:0006H         SYMBOL        a
  D:0005H         SYMBOL        b
  -------         DO            
  D:0052H         SYMBOL        pb
  -------         ENDDO         
  C:131DH         LINE#         44
  C:131DH         LINE#         45
  C:131DH         LINE#         49
  C:1321H         LINE#         50
  C:1323H         LINE#         53
  C:1325H         LINE#         58
  C:1329H         LINE#         59
  C:132FH         LINE#         62
  C:1332H         LINE#         65
  C:1334H         LINE#         67
  C:1338H         LINE#         68
  -------         ENDPROC       _HAL_FLASH_BYTE_WRITE
  -------         PROC          _HAL_FLASH_BYTES_WRITE
  D:0006H         SYMBOL        a
  D:0024H         SYMBOL        p
  D:0027H         SYMBOL        n
  -------         DO            
  D:0054H         SYMBOL        pb
  -------         ENDDO         
  C:0E3EH         LINE#         70
  C:0E44H         LINE#         71
  C:0E44H         LINE#         75
  C:0E48H         LINE#         76
  C:0E4AH         LINE#         79
  C:0E4CH         LINE#         84
  C:0E50H         LINE#         85
  C:0E5DH         LINE#         86
  C:0E5DH         LINE#         87
  C:0E80H         LINE#         91
  C:0E85H         LINE#         93
  C:0E85H         LINE#         95
  C:0E87H         LINE#         97
  C:0E8BH         LINE#         98
  -------         ENDPROC       _HAL_FLASH_BYTES_WRITE
  -------         PROC          _HAL_FLASH_BYTE_READ
  D:0006H         SYMBOL        a
  -------         DO            
  D:0082H         SYMBOL        pb
  -------         ENDDO         
  C:1601H         LINE#         100
  C:1601H         LINE#         101
  C:1601H         LINE#         102
  C:1605H         LINE#         103
  C:1607H         LINE#         104
  -------         ENDPROC       _HAL_FLASH_BYTE_READ
  -------         PROC          _HAL_FLASH_BYTES_READ
  D:0006H         SYMBOL        a
BL51 BANKED LINKER/LOCATER V6.22.2.0                                                  10/26/2020  14:24:03  PAGE 37


  D:0001H         SYMBOL        p
  D:0024H         SYMBOL        n
  -------         DO            
  D:0006H         SYMBOL        pb
  -------         ENDDO         
  C:1243H         LINE#         106
  C:1243H         LINE#         107
  C:1243H         LINE#         108
  C:1243H         LINE#         109
  C:1250H         LINE#         110
  C:1250H         LINE#         111
  C:1258H         LINE#         112
  C:125DH         LINE#         113
  C:1264H         LINE#         114
  C:1266H         LINE#         115
  -------         ENDPROC       _HAL_FLASH_BYTES_READ
  -------         ENDMOD        HAL_FLASH

  -------         MODULE        HAL_WDOG
  C:0000H         SYMBOL        _ICE_DUMMY_
  D:0080H         PUBLIC        P0
  D:0090H         PUBLIC        P1
  D:00A0H         PUBLIC        P2
  D:00B0H         PUBLIC        P3
  D:00A8H         PUBLIC        IEN0
  D:00B8H         PUBLIC        IEN1
  C:15D4H         PUBLIC        hal_wdog_restart
  D:0088H         PUBLIC        TCON
  D:00AFH         PUBLIC        WDSV
  C:1608H         PUBLIC        _hal_wdog_init
  D:0098H         PUBLIC        S0CON
  D:00D8H         PUBLIC        ADCON
  D:00C8H         PUBLIC        T2CON
  D:00F8H         PUBLIC        FSR
  D:00E8H         PUBLIC        RFCON
  D:00D0H         PUBLIC        PSW
  D:00C0H         PUBLIC        IRCON
  -------         PROC          _HAL_WDOG_INIT
  D:0006H         SYMBOL        start_value
  C:1608H         LINE#         25
  C:1608H         LINE#         26
  C:1608H         LINE#         28
  C:160BH         LINE#         29
  C:160EH         LINE#         36
  -------         ENDPROC       _HAL_WDOG_INIT
  -------         PROC          HAL_WDOG_RESTART
  -------         DO            
  D:0006H         SYMBOL        wd_msb
  D:0007H         SYMBOL        wd_lsb
  -------         ENDDO         
  C:15D4H         LINE#         38
  C:15D4H         LINE#         39
  C:15D4H         LINE#         43
  C:15D6H         LINE#         44
  C:15D8H         LINE#         45
  C:15DAH         LINE#         46
  C:15DCH         LINE#         55
BL51 BANKED LINKER/LOCATER V6.22.2.0                                                  10/26/2020  14:24:03  PAGE 38


  -------         ENDPROC       HAL_WDOG_RESTART
  -------         ENDMOD        HAL_WDOG

  -------         MODULE        HAL_RTC
  C:0000H         SYMBOL        _ICE_DUMMY_
  D:0080H         PUBLIC        P0
  D:0090H         PUBLIC        P1
  D:00A0H         PUBLIC        P2
  D:00B0H         PUBLIC        P3
  D:00A8H         PUBLIC        IEN0
  D:00B8H         PUBLIC        IEN1
  D:00B4H         PUBLIC        RTC2CMP0
  D:00B5H         PUBLIC        RTC2CMP1
  C:1633H         PUBLIC        hal_rtc_get_capture_clock_cycles
  D:0088H         PUBLIC        TCON
  C:162FH         PUBLIC        hal_rtc_capture
  C:141FH         PUBLIC        hal_rtc_get_compare_value
  C:145AH         PUBLIC        _hal_rtc_set_compare_value
  C:1433H         PUBLIC        hal_rtc_get_capture_value
  C:14DCH         PUBLIC        _hal_rtc_set_compare_mode
  D:0098H         PUBLIC        S0CON
  D:00B6H         PUBLIC        RTC2CPT00
  D:00D8H         PUBLIC        ADCON
  D:00ACH         PUBLIC        RTC2CPT10
  D:00ABH         PUBLIC        RTC2CPT01
  D:00C8H         PUBLIC        T2CON
  D:00F8H         PUBLIC        FSR
  C:153BH         PUBLIC        _hal_rtc_start
  C:1530H         PUBLIC        _hal_rtc_radio_capture_enable
  D:00E8H         PUBLIC        RFCON
  D:00D0H         PUBLIC        PSW
  D:00C0H         PUBLIC        IRCON
  D:00B3H         PUBLIC        RTC2CON
  -------         PROC          HAL_RTC_CAPTURE
  C:162FH         LINE#         22
  C:162FH         LINE#         23
  C:162FH         LINE#         24
  C:1632H         LINE#         25
  -------         ENDPROC       HAL_RTC_CAPTURE
  -------         PROC          _HAL_RTC_RADIO_CAPTURE_ENABLE
  D:0007H         SYMBOL        en
  C:1530H         LINE#         27
  C:1530H         LINE#         28
  C:1530H         LINE#         29
  C:1533H         LINE#         30
  C:1533H         LINE#         31
  C:1536H         LINE#         32
  C:1537H         LINE#         34
  C:1537H         LINE#         35
  C:153AH         LINE#         36
  C:153AH         LINE#         37
  -------         ENDPROC       _HAL_RTC_RADIO_CAPTURE_ENABLE
  -------         PROC          _HAL_RTC_SET_COMPARE_MODE
  D:0007H         SYMBOL        mode
  C:14DCH         LINE#         39
  C:14DCH         LINE#         40
  C:14DCH         LINE#         41
BL51 BANKED LINKER/LOCATER V6.22.2.0                                                  10/26/2020  14:24:03  PAGE 39


  C:14E9H         LINE#         42
  -------         ENDPROC       _HAL_RTC_SET_COMPARE_MODE
  -------         PROC          _HAL_RTC_START
  D:0007H         SYMBOL        en
  C:153BH         LINE#         44
  C:153BH         LINE#         45
  C:153BH         LINE#         46
  C:153EH         LINE#         47
  C:153EH         LINE#         48
  C:1541H         LINE#         49
  C:1542H         LINE#         51
  C:1542H         LINE#         52
  C:1545H         LINE#         53
  C:1545H         LINE#         54
  -------         ENDPROC       _HAL_RTC_START
  -------         PROC          _HAL_RTC_SET_COMPARE_VALUE
  D:0006H         SYMBOL        value
  -------         DO            
  D:0005H         SYMBOL        compare_status
  -------         ENDDO         
  C:145AH         LINE#         56
  C:145AH         LINE#         57
  C:145AH         LINE#         59
  C:145FH         LINE#         60
  C:1462H         LINE#         61
  C:1465H         LINE#         62
  C:1468H         LINE#         63
  C:146BH         LINE#         64
  -------         ENDPROC       _HAL_RTC_SET_COMPARE_VALUE
  -------         PROC          HAL_RTC_GET_COMPARE_VALUE
  -------         DO            
  D:0005H         SYMBOL        compare_status
  D:0006H         SYMBOL        value
  -------         ENDDO         
  C:141FH         LINE#         66
  C:141FH         LINE#         67
  C:141FH         LINE#         70
  C:1424H         LINE#         71
  C:1427H         LINE#         72
  C:1429H         LINE#         73
  C:142BH         LINE#         74
  C:142FH         LINE#         75
  C:1432H         LINE#         76
  C:1432H         LINE#         77
  -------         ENDPROC       HAL_RTC_GET_COMPARE_VALUE
  -------         PROC          HAL_RTC_GET_CAPTURE_VALUE
  -------         DO            
  D:0005H         SYMBOL        capture_status
  D:0006H         SYMBOL        value
  -------         ENDDO         
  C:1433H         LINE#         79
  C:1433H         LINE#         80
  C:1433H         LINE#         83
  C:1438H         LINE#         84
  C:143BH         LINE#         85
  C:143DH         LINE#         86
  C:143FH         LINE#         87
BL51 BANKED LINKER/LOCATER V6.22.2.0                                                  10/26/2020  14:24:03  PAGE 40


  C:1443H         LINE#         88
  C:1446H         LINE#         89
  C:1446H         LINE#         90
  -------         ENDPROC       HAL_RTC_GET_CAPTURE_VALUE
  -------         PROC          HAL_RTC_GET_CAPTURE_CLOCK_CYCLES
  C:1633H         LINE#         92
  C:1633H         LINE#         93
  C:1633H         LINE#         94
  C:1635H         LINE#         95
  -------         ENDPROC       HAL_RTC_GET_CAPTURE_CLOCK_CYCLES
  -------         ENDMOD        HAL_RTC

  -------         MODULE        HAL_RNG
  C:0000H         SYMBOL        _ICE_DUMMY_
  D:0080H         PUBLIC        P0
  D:0090H         PUBLIC        P1
  D:00A0H         PUBLIC        P2
  D:00B0H         PUBLIC        P3
  D:00A8H         PUBLIC        IEN0
  D:00B8H         PUBLIC        IEN1
  D:0088H         PUBLIC        TCON
  C:1546H         PUBLIC        _hal_rng_power_up
  D:00D7H         PUBLIC        RNGDAT
  C:1551H         PUBLIC        _hal_rng_bias_corr_enable
  D:00D6H         PUBLIC        RNGCTL
  C:146CH         PUBLIC        hal_rng_data_ready
  C:1636H         PUBLIC        hal_rng_read
  D:0098H         PUBLIC        S0CON
  D:00D8H         PUBLIC        ADCON
  D:00C8H         PUBLIC        T2CON
  D:00F8H         PUBLIC        FSR
  D:00E8H         PUBLIC        RFCON
  D:00D0H         PUBLIC        PSW
  D:00C0H         PUBLIC        IRCON
  -------         PROC          _HAL_RNG_POWER_UP
  D:0007H         SYMBOL        pwr_up
  C:1546H         LINE#         25
  C:1546H         LINE#         26
  C:1546H         LINE#         27
  C:1549H         LINE#         28
  C:1549H         LINE#         29
  C:154CH         LINE#         30
  C:154DH         LINE#         32
  C:154DH         LINE#         33
  C:1550H         LINE#         34
  C:1550H         LINE#         35
  -------         ENDPROC       _HAL_RNG_POWER_UP
  -------         PROC          _HAL_RNG_BIAS_CORR_ENABLE
  D:0007H         SYMBOL        en
  C:1551H         LINE#         37
  C:1551H         LINE#         38
  C:1551H         LINE#         39
  C:1554H         LINE#         40
  C:1554H         LINE#         41
  C:1557H         LINE#         42
  C:1558H         LINE#         44
  C:1558H         LINE#         45
BL51 BANKED LINKER/LOCATER V6.22.2.0                                                  10/26/2020  14:24:03  PAGE 41


  C:155BH         LINE#         46
  C:155BH         LINE#         47
  -------         ENDPROC       _HAL_RNG_BIAS_CORR_ENABLE
  -------         PROC          HAL_RNG_READ
  C:1636H         LINE#         49
  C:1636H         LINE#         50
  C:1636H         LINE#         51
  C:1638H         LINE#         52
  -------         ENDPROC       HAL_RNG_READ
  -------         PROC          HAL_RNG_DATA_READY
  C:146CH         LINE#         54
  C:146CH         LINE#         55
  C:146CH         LINE#         56
  C:147DH         LINE#         57
  -------         ENDPROC       HAL_RNG_DATA_READY
  -------         ENDMOD        HAL_RNG

  -------         MODULE        ?C?CLDPTR
  C:006EH         PUBLIC        ?C?CLDPTR
  -------         ENDMOD        ?C?CLDPTR

  -------         MODULE        ?C?CLDOPTR
  C:0087H         PUBLIC        ?C?CLDOPTR
  -------         ENDMOD        ?C?CLDOPTR

  -------         MODULE        ?C?CSTPTR
  C:00B4H         PUBLIC        ?C?CSTPTR
  -------         ENDMOD        ?C?CSTPTR

  -------         MODULE        ?C?CSTOPTR
  C:00C6H         PUBLIC        ?C?CSTOPTR
  -------         ENDMOD        ?C?CSTOPTR

  -------         MODULE        ?C?MEMSET
  C:00E8H         PUBLIC        ?C?MEMSET
  -------         ENDMOD        ?C?MEMSET

  -------         MODULE        ?C?COPYAMD
  C:01D0H         PUBLIC        ?C?COPYAMD
  -------         ENDMOD        ?C?COPYAMD



FUNCTION REGISTER MASKS


FUNCTION . . . . . . . . . . . . . . . REG MASK
-----------------------------------------------

CLOCK_AND_IRQ_INIT . . . . . . . . . . @0xe001
HAL_CLKLF_PHASE. . . . . . . . . . . . @0xe001
HAL_CLKLF_READY. . . . . . . . . . . . @0xe001
HAL_CLK_GET_16M_SOURCE . . . . . . . . @0xa001
HAL_NRF_ACTIVATE_FEATURES. . . . . . . @0x8000
HAL_NRF_FLUSH_RX . . . . . . . . . . . @0xe001
HAL_NRF_FLUSH_TX . . . . . . . . . . . @0xe001
HAL_NRF_NOP. . . . . . . . . . . . . . @0xe001
BL51 BANKED LINKER/LOCATER V6.22.2.0                                                  10/26/2020  14:24:03  PAGE 42


HAL_NRF_REUSE_TX . . . . . . . . . . . @0xe001
HAL_RNG_DATA_READY . . . . . . . . . . @0xf001
HAL_RNG_READ . . . . . . . . . . . . . @0x8001
HAL_RTC_CAPTURE. . . . . . . . . . . . @0xc000
HAL_RTC_GET_CAPTURE_CLOCK_CYCLES . . . @0x8001
HAL_RTC_GET_CAPTURE_VALUE. . . . . . . @0xe00f
HAL_RTC_GET_COMPARE_VALUE. . . . . . . @0xe00f
HAL_WDOG_RESTART . . . . . . . . . . . @0x8003
PIN_INIT . . . . . . . . . . . . . . . @0xf00d
RTC_INIT . . . . . . . . . . . . . . . @0xf007
SLEEP_MODE . . . . . . . . . . . . . . @0xe000
WAIT_BUTTON_RELEASED . . . . . . . . . @0xe00f
WAKEUP_IRQ . . . . . . . . . . . . . . @0x8000
WAKEUP_TICK. . . . . . . . . . . . . . @0x8000
_DELAY_MS. . . . . . . . . . . . . . . @0xe00f
_DELAY_US. . . . . . . . . . . . . . . @0xe003
_HAL_CLKLF_SET_SOURCE. . . . . . . . . @0xe001
_HAL_CLK_REGRET_XOSC16M_ON . . . . . . @0xe000
_HAL_CLK_SET_16M_SOURCE. . . . . . . . @0xe001
_HAL_CLK_SET_FREQ. . . . . . . . . . . @0xe001
_HAL_CLK_SET_INPUT . . . . . . . . . . @0xf001
_HAL_FLASH_BYTES_READ. . . . . . . . . @0xf36b
_HAL_FLASH_BYTES_WRITE . . . . . . . . @0xf37b
_HAL_FLASH_BYTE_READ . . . . . . . . . @0xa301
_HAL_FLASH_BYTE_WRITE. . . . . . . . . @0xf300
_HAL_FLASH_PAGE_ERASE. . . . . . . . . @0xd000
_HAL_NRF_READ_REG. . . . . . . . . . . @0xe001
_HAL_NRF_RW. . . . . . . . . . . . . . @0xa001
_HAL_NRF_WRITE_MULTIBYTE_REG . . . . . @0xf3f6
_HAL_NRF_WRITE_REG . . . . . . . . . . @0xf001
_HAL_RNG_BIAS_CORR_ENABLE. . . . . . . @0xe000
_HAL_RNG_POWER_UP. . . . . . . . . . . @0xe000
_HAL_RTC_RADIO_CAPTURE_ENABLE. . . . . @0xe000
_HAL_RTC_SET_COMPARE_MODE. . . . . . . @0xf001
_HAL_RTC_SET_COMPARE_VALUE . . . . . . @0xe004
_HAL_RTC_START . . . . . . . . . . . . @0xe000
_HAL_WDOG_INIT . . . . . . . . . . . . @0xa000
_MAKE_COMMAND. . . . . . . . . . . . . @0xf37f
_MAKE_RANDOM_NUMBER. . . . . . . . . . @0xf373

Program Size: data=142.0 xdata=69 code=5689
LINK/LOCATE RUN COMPLETE.  0 WARNING(S),  0 ERROR(S)
